# OSU OpenSHMEM Get Test
# Size           Latency (us)
1                       44.280
2                       44.080
4                       44.300
8                       44.065
16                      44.145
32                      44.415
64                      43.835
128                     44.030
256                     43.995
512                     44.260
1024                    44.300
2048                    49.310
4096                    48.285
8192                    74.105
16384                   91.780
32768                  118.450
65536                  247.860
PTMALLOC: USAGE ERROR DETECTED: m=0x7f06fd625b00 ptr=0xff0000f0
PTMALLOC: USAGE ERROR DETECTED: m=0x7f06fd625b00 ptr=0xff0100f0
PTMALLOC: USAGE ERROR DETECTED: m=0x7ffa95d5ab00 ptr=0xff0000f0
PTMALLOC: USAGE ERROR DETECTED: m=0x7ffa95d5ab00 ptr=0xff0100f0
