# OSU OpenSHMEM Put Test
# Size           Latency (us)
1                       57.485
2                       57.195
4                       57.690
8                       57.460
16                      57.570
32                      58.000
64                      57.370
128                     57.310
256                     57.725
512                     57.905
1024                    57.025
2048                    59.540
4096                    62.820
8192                    66.560
16384                   74.260
32768                  106.540
65536                  141.890
PTMALLOC: USAGE ERROR DETECTED: m=0x7fc99bd60b00 ptr=0xff0000f0
PTMALLOC: USAGE ERROR DETECTED: m=0x7fc99bd60b00 ptr=0xff0100f0
PTMALLOC: USAGE ERROR DETECTED: m=0x7f76a06ebb00 ptr=0xff0000f0
PTMALLOC: USAGE ERROR DETECTED: m=0x7f76a06ebb00 ptr=0xff0100f0
