PTMALLOC: USAGE ERROR DETECTED: m=0x7f8d3f727b00 ptr=0xff0000f0
PTMALLOC: USAGE ERROR DETECTED: m=0x7f8d3f727b00 ptr=0xff0100f0
# OSU OpenSHMEM Get_nb Test
# Size           Latency (us)
1                       93.885
2                       95.405
4                       86.975
8                       87.260
16                      90.030
32                      85.280
64                      90.810
128                    115.010
256                     93.190
512                     89.460
1024                    90.615
2048                    87.610
4096                    90.130
8192                   135.350
16384                  105.050
32768                  124.140
65536                  165.660
PTMALLOC: USAGE ERROR DETECTED: m=0x7f5d4798eb00 ptr=0xff0000f0
PTMALLOC: USAGE ERROR DETECTED: m=0x7f5d4798eb00 ptr=0xff0100f0
