PTMALLOC: USAGE ERROR DETECTED: m=0x7f429feccb00 ptr=0xff0000f0
PTMALLOC: USAGE ERROR DETECTED: m=0x7f429feccb00 ptr=0xff0100f0
# OSU OpenSHMEM Put_nb Test
# Size           Latency (us)
1                      134.295
2                      135.445
4                      132.700
8                      144.200
16                     106.070
32                     114.975
64                      99.500
128                     96.580
256                    100.135
512                     99.270
1024                   101.705
2048                   103.950
4096                   102.350
8192                   121.430
16384                  122.300
32768                  123.510
65536                  164.670
PTMALLOC: USAGE ERROR DETECTED: m=0x7f869f975b00 ptr=0xff0000f0
PTMALLOC: USAGE ERROR DETECTED: m=0x7f869f975b00 ptr=0xff0100f0
