RevCPU[cpu0:RevCPU:0]: Building Rev with 1 cores and 1 hart(s) on each core 
RevCPU[cpu0:RevCPU:0]: Building Rev with 1 cores and 1 hart(s) on each core 
RevCPU[cpu0:RevCPU:0]: Initialization of RevCPUs complete.
RevCPU[cpu0:RevCPU:0]: Initialization of RevCPUs complete.
RevCPU[cpu1:RevCPU:0]: Building Rev with 1 cores and 1 hart(s) on each core 
RevCPU[cpu1:RevCPU:0]: Building Rev with 1 cores and 1 hart(s) on each core 
RevCPU[cpu1:RevCPU:0]: Initialization of RevCPUs complete.
RevCPU[cpu1:RevCPU:0]: Initialization of RevCPUs complete.
XBGAS RAND_ADD TEST. PEs = 2
XBGAS RAND_ADD TEST. PEs = 2
Initializing xBGAS data members
Initializing xBGAS data members
Done initializing XBGAS data members
Done initializing XBGAS data members
XBGAS Atomic RAND ADD Test: Complete!
Total iterations: 2000
XBGAS Atomic RAND ADD Test: Complete!
Time: 0.006677046 seconds
Total iterations: 2000
KAMS: 299.533656 Kilo AMOs/second
Time: 0.006677046 seconds
KAMS: 299.533656 Kilo AMOs/second
Simulation is complete, simulated time: 6.76304 ms
Simulation is complete, simulated time: 6.76304 ms
