RevCPU[cpu0:RevCPU:0]: Building Rev with 1 cores and 1 hart(s) on each core 
RevCPU[cpu0:RevCPU:0]: Building Rev with 1 cores and 1 hart(s) on each core 
RevCPU[cpu0:RevCPU:0]: Building Rev with 1 cores and 1 hart(s) on each core 
RevCPU[cpu0:RevCPU:0]: Building Rev with 1 cores and 1 hart(s) on each core 
RevCPU[cpu0:RevCPU:0]: Initialization of RevCPUs complete.
RevCPU[cpu0:RevCPU:0]: Initialization of RevCPUs complete.
RevCPU[cpu0:RevCPU:0]: Initialization of RevCPUs complete.
RevCPU[cpu0:RevCPU:0]: Initialization of RevCPUs complete.
RevCPU[cpu1:RevCPU:0]: Building Rev with 1 cores and 1 hart(s) on each core 
RevCPU[cpu1:RevCPU:0]: Building Rev with 1 cores and 1 hart(s) on each core 
RevCPU[cpu1:RevCPU:0]: Building Rev with 1 cores and 1 hart(s) on each core 
RevCPU[cpu1:RevCPU:0]: Building Rev with 1 cores and 1 hart(s) on each core 
RevCPU[cpu1:RevCPU:0]: Initialization of RevCPUs complete.
RevCPU[cpu1:RevCPU:0]: Initialization of RevCPUs complete.
RevCPU[cpu1:RevCPU:0]: Initialization of RevCPUs complete.
RevCPU[cpu1:RevCPU:0]: Initialization of RevCPUs complete.
RevCPU[cpu2:RevCPU:0]: Building Rev with 1 cores and 1 hart(s) on each core 
RevCPU[cpu2:RevCPU:0]: Building Rev with 1 cores and 1 hart(s) on each core 
RevCPU[cpu2:RevCPU:0]: Building Rev with 1 cores and 1 hart(s) on each core 
RevCPU[cpu2:RevCPU:0]: Building Rev with 1 cores and 1 hart(s) on each core 
RevCPU[cpu2:RevCPU:0]: Initialization of RevCPUs complete.
RevCPU[cpu2:RevCPU:0]: Initialization of RevCPUs complete.
RevCPU[cpu2:RevCPU:0]: Initialization of RevCPUs complete.
RevCPU[cpu2:RevCPU:0]: Initialization of RevCPUs complete.
RevCPU[cpu3:RevCPU:0]: Building Rev with 1 cores and 1 hart(s) on each core 
RevCPU[cpu3:RevCPU:0]: Building Rev with 1 cores and 1 hart(s) on each core 
RevCPU[cpu3:RevCPU:0]: Building Rev with 1 cores and 1 hart(s) on each core 
RevCPU[cpu3:RevCPU:0]: Building Rev with 1 cores and 1 hart(s) on each core 
RevCPU[cpu3:RevCPU:0]: Initialization of RevCPUs complete.
RevCPU[cpu3:RevCPU:0]: Initialization of RevCPUs complete.
RevCPU[cpu3:RevCPU:0]: Initialization of RevCPUs complete.
RevCPU[cpu3:RevCPU:0]: Initialization of RevCPUs complete.
XBGAS RAND_ADD TEST. PEs = 4
XBGAS RAND_ADD TEST. PEs = 4
XBGAS RAND_ADD TEST. PEs = 4
XBGAS RAND_ADD TEST. PEs = 4
Initializing xBGAS data members
Initializing xBGAS data members
Initializing xBGAS data members
Initializing xBGAS data members
Done initializing XBGAS data members
Done initializing XBGAS data members
Done initializing XBGAS data members
Done initializing XBGAS data members
XBGAS Atomic RAND ADD Test: Complete!
XBGAS Atomic RAND ADD Test: Complete!
Total iterations: 4000
Total iterations: 4000
Time: 0.006678416 seconds
Time: 0.006678416 seconds
KAMS: 598.944420 Kilo AMOs/second
KAMS: 598.944420 Kilo AMOs/second
XBGAS Atomic RAND ADD Test: Complete!
Total iterations: 4000
Time: 0.006678416 seconds
XBGAS Atomic RAND ADD Test: Complete!
KAMS: 598.944420 Kilo AMOs/second
Total iterations: 4000
Time: 0.006678416 seconds
KAMS: 598.944420 Kilo AMOs/second
Simulation is complete, simulated time: 8.82083 ms
Simulation is complete, simulated time: 8.82083 ms
Simulation is complete, simulated time: 8.82083 ms
Simulation is complete, simulated time: 8.82083 ms
