# OSU OpenSHMEM Get_nb Test
# Size           Latency (us)
1                        2.540
2                        1.665
4                        1.660
8                        1.700
16                       1.655
32                       1.665
64                       1.830
128                      1.780
256                      1.835
512                      1.910
1024                     2.245
2048                     2.670
4096                     3.655
8192                     2.840
16384                    4.270
32768                    6.450
65536                   10.940
131072                  16.100
262144                  27.650
524288                  50.270
1048576                 95.650
2097152                181.420
PTMALLOC: USAGE ERROR DETECTED: m=0x7fa20998eb00 ptr=0xff0000f0
PTMALLOC: USAGE ERROR DETECTED: m=0x7f15a221db00 ptr=0xff0000f0
PTMALLOC: USAGE ERROR DETECTED: m=0x7f15a221db00 ptr=0xff4000f0
PTMALLOC: USAGE ERROR DETECTED: m=0x7fa20998eb00 ptr=0xff4000f0
