# OSU OpenSHMEM Put Test
# Size           Latency (us)
1                        0.020
2                        0.020
4                        0.020
8                        0.020
16                       0.020
32                       0.020
64                       0.025
128                      0.020
256                      0.020
512                      0.025
1024                     0.030
2048                     0.040
4096                     0.060
8192                     0.110
16384                    0.280
32768                    0.730
65536                    1.460
131072                   2.760
262144                   5.470
524288                  12.720
1048576                 26.150
2097152                 51.680
PTMALLOC: USAGE ERROR DETECTED: m=0x7f1238038b00 ptr=0xff0000f0
PTMALLOC: USAGE ERROR DETECTED: m=0x7f614ea1cb00 ptr=0xff0000f0
PTMALLOC: USAGE ERROR DETECTED: m=0x7f614ea1cb00 ptr=0xff4000f0
PTMALLOC: USAGE ERROR DETECTED: m=0x7f1238038b00 ptr=0xff4000f0
