# OSU OpenSHMEM Put_nb Test
# Size           Latency (us)
1                        0.095
2                        0.095
4                        0.095
8                        0.095
16                       0.095
32                       0.095
64                       0.095
128                      0.095
256                      0.095
512                      0.095
1024                     0.110
2048                     0.125
4096                     0.175
8192                     0.270
16384                    0.720
32768                    1.570
65536                    3.060
131072                   5.900
262144                  12.260
524288                  26.090
1048576                 53.720
2097152                106.980
PTMALLOC: USAGE ERROR DETECTED: m=0x7fa43e356b00 ptr=0xff0000f0
PTMALLOC: USAGE ERROR DETECTED: m=0x7fa43e356b00 ptr=0xff4000f0
PTMALLOC: USAGE ERROR DETECTED: m=0x7fd219810b00 ptr=0xff0000f0
PTMALLOC: USAGE ERROR DETECTED: m=0x7fd219810b00 ptr=0xff4000f0
