# OSU OpenSHMEM Get Test
# Size           Latency (us)
1                        2.570
2                        1.610
4                        1.635
8                        1.830
16                       1.615
32                       1.635
64                       2.050
128                      1.730
256                      1.480
512                      1.480
1024                     2.515
2048                     2.235
4096                     3.370
8192                     2.590
16384                    4.270
32768                    6.460
65536                   10.610
131072                  15.760
262144                  27.460
524288                  50.060
1048576                 95.660
2097152                181.300
PTMALLOC: USAGE ERROR DETECTED: m=0x7f16be7cbb00 ptr=0xff0000f0
PTMALLOC: USAGE ERROR DETECTED: m=0x7f47bc690b00 ptr=0xff0000f0
PTMALLOC: USAGE ERROR DETECTED: m=0x7f47bc690b00 ptr=0xff4000f0
PTMALLOC: USAGE ERROR DETECTED: m=0x7f16be7cbb00 ptr=0xff4000f0
