XBGAS RAND_ADD TEST. PEs = 256
Initializing xBGAS data members
Done initializing XBGAS data members
XBGAS Atomic RAND ADD Test: Complete!
Total iterations: 256000
Time: 0.004449956 seconds
KAMS: 57528.658710 Kilo AMOs/second
RevCPU[cpu112:RevCPU:0]: Building Rev with 1 cores and 1 hart(s) on each core 
RevCPU[cpu112:RevCPU:0]: Initialization of RevCPUs complete.
RevCPU[cpu18:RevCPU:0]: Building Rev with 1 cores and 1 hart(s) on each core 
RevCPU[cpu18:RevCPU:0]: Initialization of RevCPUs complete.
RevCPU[cpu30:RevCPU:0]: Building Rev with 1 cores and 1 hart(s) on each core 
RevCPU[cpu30:RevCPU:0]: Initialization of RevCPUs complete.
RevCPU[cpu35:RevCPU:0]: Building Rev with 1 cores and 1 hart(s) on each core 
RevCPU[cpu35:RevCPU:0]: Initialization of RevCPUs complete.
RevCPU[cpu37:RevCPU:0]: Building Rev with 1 cores and 1 hart(s) on each core 
RevCPU[cpu37:RevCPU:0]: Initialization of RevCPUs complete.
RevCPU[cpu38:RevCPU:0]: Building Rev with 1 cores and 1 hart(s) on each core 
RevCPU[cpu38:RevCPU:0]: Initialization of RevCPUs complete.
RevCPU[cpu39:RevCPU:0]: Building Rev with 1 cores and 1 hart(s) on each core 
RevCPU[cpu39:RevCPU:0]: Initialization of RevCPUs complete.
RevCPU[cpu62:RevCPU:0]: Building Rev with 1 cores and 1 hart(s) on each core 
RevCPU[cpu62:RevCPU:0]: Initialization of RevCPUs complete.
RevCPU[cpu114:RevCPU:0]: Building Rev with 1 cores and 1 hart(s) on each core 
RevCPU[cpu114:RevCPU:0]: Initialization of RevCPUs complete.
RevCPU[cpu120:RevCPU:0]: Building Rev with 1 cores and 1 hart(s) on each core 
RevCPU[cpu120:RevCPU:0]: Initialization of RevCPUs complete.
RevCPU[cpu172:RevCPU:0]: Building Rev with 1 cores and 1 hart(s) on each core 
RevCPU[cpu172:RevCPU:0]: Initialization of RevCPUs complete.
RevCPU[cpu205:RevCPU:0]: Building Rev with 1 cores and 1 hart(s) on each core 
RevCPU[cpu205:RevCPU:0]: Initialization of RevCPUs complete.
RevCPU[cpu50:RevCPU:0]: Building Rev with 1 cores and 1 hart(s) on each core 
RevCPU[cpu50:RevCPU:0]: Initialization of RevCPUs complete.
RevCPU[cpu53:RevCPU:0]: Building Rev with 1 cores and 1 hart(s) on each core 
RevCPU[cpu53:RevCPU:0]: Initialization of RevCPUs complete.
RevCPU[cpu54:RevCPU:0]: Building Rev with 1 cores and 1 hart(s) on each core 
RevCPU[cpu54:RevCPU:0]: Initialization of RevCPUs complete.
RevCPU[cpu55:RevCPU:0]: Building Rev with 1 cores and 1 hart(s) on each core 
RevCPU[cpu55:RevCPU:0]: Initialization of RevCPUs complete.
RevCPU[cpu118:RevCPU:0]: Building Rev with 1 cores and 1 hart(s) on each core 
RevCPU[cpu118:RevCPU:0]: Initialization of RevCPUs complete.
RevCPU[cpu124:RevCPU:0]: Building Rev with 1 cores and 1 hart(s) on each core 
RevCPU[cpu124:RevCPU:0]: Initialization of RevCPUs complete.
RevCPU[cpu48:RevCPU:0]: Building Rev with 1 cores and 1 hart(s) on each core 
RevCPU[cpu48:RevCPU:0]: Initialization of RevCPUs complete.
RevCPU[cpu74:RevCPU:0]: Building Rev with 1 cores and 1 hart(s) on each core 
RevCPU[cpu74:RevCPU:0]: Initialization of RevCPUs complete.
RevCPU[cpu52:RevCPU:0]: Building Rev with 1 cores and 1 hart(s) on each core 
RevCPU[cpu52:RevCPU:0]: Initialization of RevCPUs complete.
RevCPU[cpu23:RevCPU:0]: Building Rev with 1 cores and 1 hart(s) on each core 
RevCPU[cpu23:RevCPU:0]: Initialization of RevCPUs complete.
RevCPU[cpu32:RevCPU:0]: Building Rev with 1 cores and 1 hart(s) on each core 
RevCPU[cpu32:RevCPU:0]: Initialization of RevCPUs complete.
RevCPU[cpu34:RevCPU:0]: Building Rev with 1 cores and 1 hart(s) on each core 
RevCPU[cpu34:RevCPU:0]: Initialization of RevCPUs complete.
RevCPU[cpu167:RevCPU:0]: Building Rev with 1 cores and 1 hart(s) on each core 
RevCPU[cpu167:RevCPU:0]: Initialization of RevCPUs complete.
RevCPU[cpu17:RevCPU:0]: Building Rev with 1 cores and 1 hart(s) on each core 
RevCPU[cpu17:RevCPU:0]: Initialization of RevCPUs complete.
RevCPU[cpu63:RevCPU:0]: Building Rev with 1 cores and 1 hart(s) on each core 
RevCPU[cpu63:RevCPU:0]: Initialization of RevCPUs complete.
RevCPU[cpu151:RevCPU:0]: Building Rev with 1 cores and 1 hart(s) on each core 
RevCPU[cpu151:RevCPU:0]: Initialization of RevCPUs complete.
RevCPU[cpu255:RevCPU:0]: Building Rev with 1 cores and 1 hart(s) on each core 
RevCPU[cpu255:RevCPU:0]: Initialization of RevCPUs complete.
RevCPU[cpu31:RevCPU:0]: Building Rev with 1 cores and 1 hart(s) on each core 
RevCPU[cpu31:RevCPU:0]: Initialization of RevCPUs complete.
RevCPU[cpu71:RevCPU:0]: Building Rev with 1 cores and 1 hart(s) on each core 
RevCPU[cpu71:RevCPU:0]: Initialization of RevCPUs complete.
RevCPU[cpu79:RevCPU:0]: Building Rev with 1 cores and 1 hart(s) on each core 
RevCPU[cpu79:RevCPU:0]: Initialization of RevCPUs complete.
RevCPU[cpu145:RevCPU:0]: Building Rev with 1 cores and 1 hart(s) on each core 
RevCPU[cpu145:RevCPU:0]: Initialization of RevCPUs complete.
RevCPU[cpu169:RevCPU:0]: Building Rev with 1 cores and 1 hart(s) on each core 
RevCPU[cpu169:RevCPU:0]: Initialization of RevCPUs complete.
RevCPU[cpu174:RevCPU:0]: Building Rev with 1 cores and 1 hart(s) on each core 
RevCPU[cpu174:RevCPU:0]: Initialization of RevCPUs complete.
RevCPU[cpu208:RevCPU:0]: Building Rev with 1 cores and 1 hart(s) on each core 
RevCPU[cpu208:RevCPU:0]: Initialization of RevCPUs complete.
RevCPU[cpu253:RevCPU:0]: Building Rev with 1 cores and 1 hart(s) on each core 
RevCPU[cpu253:RevCPU:0]: Initialization of RevCPUs complete.
RevCPU[cpu29:RevCPU:0]: Building Rev with 1 cores and 1 hart(s) on each core 
RevCPU[cpu29:RevCPU:0]: Initialization of RevCPUs complete.
RevCPU[cpu45:RevCPU:0]: Building Rev with 1 cores and 1 hart(s) on each core 
RevCPU[cpu45:RevCPU:0]: Initialization of RevCPUs complete.
RevCPU[cpu47:RevCPU:0]: Building Rev with 1 cores and 1 hart(s) on each core 
RevCPU[cpu47:RevCPU:0]: Initialization of RevCPUs complete.
RevCPU[cpu76:RevCPU:0]: Building Rev with 1 cores and 1 hart(s) on each core 
RevCPU[cpu76:RevCPU:0]: Initialization of RevCPUs complete.
RevCPU[cpu139:RevCPU:0]: Building Rev with 1 cores and 1 hart(s) on each core 
RevCPU[cpu139:RevCPU:0]: Initialization of RevCPUs complete.
RevCPU[cpu149:RevCPU:0]: Building Rev with 1 cores and 1 hart(s) on each core 
RevCPU[cpu149:RevCPU:0]: Initialization of RevCPUs complete.
RevCPU[cpu72:RevCPU:0]: Building Rev with 1 cores and 1 hart(s) on each core 
RevCPU[cpu72:RevCPU:0]: Initialization of RevCPUs complete.
RevCPU[cpu166:RevCPU:0]: Building Rev with 1 cores and 1 hart(s) on each core 
RevCPU[cpu166:RevCPU:0]: Initialization of RevCPUs complete.
RevCPU[cpu78:RevCPU:0]: Building Rev with 1 cores and 1 hart(s) on each core 
RevCPU[cpu78:RevCPU:0]: Initialization of RevCPUs complete.
RevCPU[cpu122:RevCPU:0]: Building Rev with 1 cores and 1 hart(s) on each core 
RevCPU[cpu122:RevCPU:0]: Initialization of RevCPUs complete.
RevCPU[cpu126:RevCPU:0]: Building Rev with 1 cores and 1 hart(s) on each core 
RevCPU[cpu126:RevCPU:0]: Initialization of RevCPUs complete.
RevCPU[cpu81:RevCPU:0]: Building Rev with 1 cores and 1 hart(s) on each core 
RevCPU[cpu81:RevCPU:0]: Initialization of RevCPUs complete.
RevCPU[cpu85:RevCPU:0]: Building Rev with 1 cores and 1 hart(s) on each core 
RevCPU[cpu85:RevCPU:0]: Initialization of RevCPUs complete.
RevCPU[cpu89:RevCPU:0]: Building Rev with 1 cores and 1 hart(s) on each core 
RevCPU[cpu89:RevCPU:0]: Initialization of RevCPUs complete.
RevCPU[cpu95:RevCPU:0]: Building Rev with 1 cores and 1 hart(s) on each core 
RevCPU[cpu95:RevCPU:0]: Initialization of RevCPUs complete.
RevCPU[cpu64:RevCPU:0]: Building Rev with 1 cores and 1 hart(s) on each core 
RevCPU[cpu64:RevCPU:0]: Initialization of RevCPUs complete.
RevCPU[cpu83:RevCPU:0]: Building Rev with 1 cores and 1 hart(s) on each core 
RevCPU[cpu83:RevCPU:0]: Initialization of RevCPUs complete.
RevCPU[cpu87:RevCPU:0]: Building Rev with 1 cores and 1 hart(s) on each core 
RevCPU[cpu87:RevCPU:0]: Initialization of RevCPUs complete.
RevCPU[cpu91:RevCPU:0]: Building Rev with 1 cores and 1 hart(s) on each core 
RevCPU[cpu91:RevCPU:0]: Initialization of RevCPUs complete.
RevCPU[cpu93:RevCPU:0]: Building Rev with 1 cores and 1 hart(s) on each core 
RevCPU[cpu93:RevCPU:0]: Initialization of RevCPUs complete.
RevCPU[cpu7:RevCPU:0]: Building Rev with 1 cores and 1 hart(s) on each core 
RevCPU[cpu7:RevCPU:0]: Initialization of RevCPUs complete.
RevCPU[cpu68:RevCPU:0]: Building Rev with 1 cores and 1 hart(s) on each core 
RevCPU[cpu68:RevCPU:0]: Initialization of RevCPUs complete.
RevCPU[cpu201:RevCPU:0]: Building Rev with 1 cores and 1 hart(s) on each core 
RevCPU[cpu201:RevCPU:0]: Initialization of RevCPUs complete.
RevCPU[cpu25:RevCPU:0]: Building Rev with 1 cores and 1 hart(s) on each core 
RevCPU[cpu25:RevCPU:0]: Initialization of RevCPUs complete.
RevCPU[cpu131:RevCPU:0]: Building Rev with 1 cores and 1 hart(s) on each core 
RevCPU[cpu131:RevCPU:0]: Initialization of RevCPUs complete.
RevCPU[cpu143:RevCPU:0]: Building Rev with 1 cores and 1 hart(s) on each core 
RevCPU[cpu143:RevCPU:0]: Initialization of RevCPUs complete.
RevCPU[cpu147:RevCPU:0]: Building Rev with 1 cores and 1 hart(s) on each core 
RevCPU[cpu147:RevCPU:0]: Initialization of RevCPUs complete.
RevCPU[cpu70:RevCPU:0]: Building Rev with 1 cores and 1 hart(s) on each core 
RevCPU[cpu70:RevCPU:0]: Initialization of RevCPUs complete.
RevCPU[cpu202:RevCPU:0]: Building Rev with 1 cores and 1 hart(s) on each core 
RevCPU[cpu202:RevCPU:0]: Initialization of RevCPUs complete.
RevCPU[cpu222:RevCPU:0]: Building Rev with 1 cores and 1 hart(s) on each core 
RevCPU[cpu222:RevCPU:0]: Initialization of RevCPUs complete.
RevCPU[cpu135:RevCPU:0]: Building Rev with 1 cores and 1 hart(s) on each core 
RevCPU[cpu135:RevCPU:0]: Initialization of RevCPUs complete.
RevCPU[cpu199:RevCPU:0]: Building Rev with 1 cores and 1 hart(s) on each core 
RevCPU[cpu199:RevCPU:0]: Initialization of RevCPUs complete.
RevCPU[cpu56:RevCPU:0]: Building Rev with 1 cores and 1 hart(s) on each core 
RevCPU[cpu56:RevCPU:0]: Initialization of RevCPUs complete.
RevCPU[cpu133:RevCPU:0]: Building Rev with 1 cores and 1 hart(s) on each core 
RevCPU[cpu133:RevCPU:0]: Initialization of RevCPUs complete.
RevCPU[cpu178:RevCPU:0]: Building Rev with 1 cores and 1 hart(s) on each core 
RevCPU[cpu178:RevCPU:0]: Initialization of RevCPUs complete.
RevCPU[cpu183:RevCPU:0]: Building Rev with 1 cores and 1 hart(s) on each core 
RevCPU[cpu183:RevCPU:0]: Initialization of RevCPUs complete.
RevCPU[cpu191:RevCPU:0]: Building Rev with 1 cores and 1 hart(s) on each core 
RevCPU[cpu191:RevCPU:0]: Initialization of RevCPUs complete.
RevCPU[cpu213:RevCPU:0]: Building Rev with 1 cores and 1 hart(s) on each core 
RevCPU[cpu213:RevCPU:0]: Initialization of RevCPUs complete.
RevCPU[cpu217:RevCPU:0]: Building Rev with 1 cores and 1 hart(s) on each core 
RevCPU[cpu217:RevCPU:0]: Initialization of RevCPUs complete.
RevCPU[cpu223:RevCPU:0]: Building Rev with 1 cores and 1 hart(s) on each core 
RevCPU[cpu223:RevCPU:0]: Initialization of RevCPUs complete.
RevCPU[cpu244:RevCPU:0]: Building Rev with 1 cores and 1 hart(s) on each core 
RevCPU[cpu244:RevCPU:0]: Initialization of RevCPUs complete.
RevCPU[cpu254:RevCPU:0]: Building Rev with 1 cores and 1 hart(s) on each core 
RevCPU[cpu254:RevCPU:0]: Initialization of RevCPUs complete.
RevCPU[cpu106:RevCPU:0]: Building Rev with 1 cores and 1 hart(s) on each core 
RevCPU[cpu106:RevCPU:0]: Initialization of RevCPUs complete.
RevCPU[cpu176:RevCPU:0]: Building Rev with 1 cores and 1 hart(s) on each core 
RevCPU[cpu176:RevCPU:0]: Initialization of RevCPUs complete.
RevCPU[cpu180:RevCPU:0]: Building Rev with 1 cores and 1 hart(s) on each core 
RevCPU[cpu180:RevCPU:0]: Initialization of RevCPUs complete.
RevCPU[cpu192:RevCPU:0]: Building Rev with 1 cores and 1 hart(s) on each core 
RevCPU[cpu192:RevCPU:0]: Initialization of RevCPUs complete.
RevCPU[cpu200:RevCPU:0]: Building Rev with 1 cores and 1 hart(s) on each core 
RevCPU[cpu200:RevCPU:0]: Initialization of RevCPUs complete.
RevCPU[cpu242:RevCPU:0]: Building Rev with 1 cores and 1 hart(s) on each core 
RevCPU[cpu242:RevCPU:0]: Initialization of RevCPUs complete.
RevCPU[cpu86:RevCPU:0]: Building Rev with 1 cores and 1 hart(s) on each core 
RevCPU[cpu86:RevCPU:0]: Initialization of RevCPUs complete.
RevCPU[cpu187:RevCPU:0]: Building Rev with 1 cores and 1 hart(s) on each core 
RevCPU[cpu187:RevCPU:0]: Initialization of RevCPUs complete.
RevCPU[cpu237:RevCPU:0]: Building Rev with 1 cores and 1 hart(s) on each core 
RevCPU[cpu237:RevCPU:0]: Initialization of RevCPUs complete.
RevCPU[cpu252:RevCPU:0]: Building Rev with 1 cores and 1 hart(s) on each core 
RevCPU[cpu252:RevCPU:0]: Initialization of RevCPUs complete.
RevCPU[cpu9:RevCPU:0]: Building Rev with 1 cores and 1 hart(s) on each core 
RevCPU[cpu9:RevCPU:0]: Initialization of RevCPUs complete.
RevCPU[cpu80:RevCPU:0]: Building Rev with 1 cores and 1 hart(s) on each core 
RevCPU[cpu80:RevCPU:0]: Initialization of RevCPUs complete.
RevCPU[cpu92:RevCPU:0]: Building Rev with 1 cores and 1 hart(s) on each core 
RevCPU[cpu92:RevCPU:0]: Initialization of RevCPUs complete.
RevCPU[cpu96:RevCPU:0]: Building Rev with 1 cores and 1 hart(s) on each core 
RevCPU[cpu96:RevCPU:0]: Initialization of RevCPUs complete.
RevCPU[cpu113:RevCPU:0]: Building Rev with 1 cores and 1 hart(s) on each core 
RevCPU[cpu113:RevCPU:0]: Initialization of RevCPUs complete.
RevCPU[cpu129:RevCPU:0]: Building Rev with 1 cores and 1 hart(s) on each core 
RevCPU[cpu129:RevCPU:0]: Initialization of RevCPUs complete.
RevCPU[cpu177:RevCPU:0]: Building Rev with 1 cores and 1 hart(s) on each core 
RevCPU[cpu177:RevCPU:0]: Initialization of RevCPUs complete.
RevCPU[cpu182:RevCPU:0]: Building Rev with 1 cores and 1 hart(s) on each core 
RevCPU[cpu182:RevCPU:0]: Initialization of RevCPUs complete.
RevCPU[cpu82:RevCPU:0]: Building Rev with 1 cores and 1 hart(s) on each core 
RevCPU[cpu82:RevCPU:0]: Initialization of RevCPUs complete.
RevCPU[cpu108:RevCPU:0]: Building Rev with 1 cores and 1 hart(s) on each core 
RevCPU[cpu108:RevCPU:0]: Initialization of RevCPUs complete.
RevCPU[cpu198:RevCPU:0]: Building Rev with 1 cores and 1 hart(s) on each core 
RevCPU[cpu198:RevCPU:0]: Initialization of RevCPUs complete.
RevCPU[cpu216:RevCPU:0]: Building Rev with 1 cores and 1 hart(s) on each core 
RevCPU[cpu216:RevCPU:0]: Initialization of RevCPUs complete.
RevCPU[cpu233:RevCPU:0]: Building Rev with 1 cores and 1 hart(s) on each core 
RevCPU[cpu233:RevCPU:0]: Initialization of RevCPUs complete.
RevCPU[cpu107:RevCPU:0]: Building Rev with 1 cores and 1 hart(s) on each core 
RevCPU[cpu107:RevCPU:0]: Initialization of RevCPUs complete.
RevCPU[cpu127:RevCPU:0]: Building Rev with 1 cores and 1 hart(s) on each core 
RevCPU[cpu127:RevCPU:0]: Initialization of RevCPUs complete.
RevCPU[cpu184:RevCPU:0]: Building Rev with 1 cores and 1 hart(s) on each core 
RevCPU[cpu184:RevCPU:0]: Initialization of RevCPUs complete.
RevCPU[cpu231:RevCPU:0]: Building Rev with 1 cores and 1 hart(s) on each core 
RevCPU[cpu231:RevCPU:0]: Initialization of RevCPUs complete.
RevCPU[cpu15:RevCPU:0]: Building Rev with 1 cores and 1 hart(s) on each core 
RevCPU[cpu15:RevCPU:0]: Initialization of RevCPUs complete.
RevCPU[cpu67:RevCPU:0]: Building Rev with 1 cores and 1 hart(s) on each core 
RevCPU[cpu67:RevCPU:0]: Initialization of RevCPUs complete.
RevCPU[cpu90:RevCPU:0]: Building Rev with 1 cores and 1 hart(s) on each core 
RevCPU[cpu90:RevCPU:0]: Initialization of RevCPUs complete.
RevCPU[cpu105:RevCPU:0]: Building Rev with 1 cores and 1 hart(s) on each core 
RevCPU[cpu105:RevCPU:0]: Initialization of RevCPUs complete.
RevCPU[cpu211:RevCPU:0]: Building Rev with 1 cores and 1 hart(s) on each core 
RevCPU[cpu211:RevCPU:0]: Initialization of RevCPUs complete.
RevCPU[cpu234:RevCPU:0]: Building Rev with 1 cores and 1 hart(s) on each core 
RevCPU[cpu234:RevCPU:0]: Initialization of RevCPUs complete.
RevCPU[cpu245:RevCPU:0]: Building Rev with 1 cores and 1 hart(s) on each core 
RevCPU[cpu245:RevCPU:0]: Initialization of RevCPUs complete.
RevCPU[cpu77:RevCPU:0]: Building Rev with 1 cores and 1 hart(s) on each core 
RevCPU[cpu77:RevCPU:0]: Initialization of RevCPUs complete.
RevCPU[cpu88:RevCPU:0]: Building Rev with 1 cores and 1 hart(s) on each core 
RevCPU[cpu88:RevCPU:0]: Initialization of RevCPUs complete.
RevCPU[cpu98:RevCPU:0]: Building Rev with 1 cores and 1 hart(s) on each core 
RevCPU[cpu98:RevCPU:0]: Initialization of RevCPUs complete.
RevCPU[cpu102:RevCPU:0]: Building Rev with 1 cores and 1 hart(s) on each core 
RevCPU[cpu102:RevCPU:0]: Initialization of RevCPUs complete.
RevCPU[cpu134:RevCPU:0]: Building Rev with 1 cores and 1 hart(s) on each core 
RevCPU[cpu134:RevCPU:0]: Initialization of RevCPUs complete.
RevCPU[cpu136:RevCPU:0]: Building Rev with 1 cores and 1 hart(s) on each core 
RevCPU[cpu136:RevCPU:0]: Initialization of RevCPUs complete.
RevCPU[cpu218:RevCPU:0]: Building Rev with 1 cores and 1 hart(s) on each core 
RevCPU[cpu218:RevCPU:0]: Initialization of RevCPUs complete.
RevCPU[cpu1:RevCPU:0]: Building Rev with 1 cores and 1 hart(s) on each core 
RevCPU[cpu1:RevCPU:0]: Initialization of RevCPUs complete.
RevCPU[cpu3:RevCPU:0]: Building Rev with 1 cores and 1 hart(s) on each core 
RevCPU[cpu3:RevCPU:0]: Initialization of RevCPUs complete.
RevCPU[cpu8:RevCPU:0]: Building Rev with 1 cores and 1 hart(s) on each core 
RevCPU[cpu8:RevCPU:0]: Initialization of RevCPUs complete.
RevCPU[cpu121:RevCPU:0]: Building Rev with 1 cores and 1 hart(s) on each core 
RevCPU[cpu121:RevCPU:0]: Initialization of RevCPUs complete.
RevCPU[cpu226:RevCPU:0]: Building Rev with 1 cores and 1 hart(s) on each core 
RevCPU[cpu226:RevCPU:0]: Initialization of RevCPUs complete.
RevCPU[cpu228:RevCPU:0]: Building Rev with 1 cores and 1 hart(s) on each core 
RevCPU[cpu228:RevCPU:0]: Initialization of RevCPUs complete.
RevCPU[cpu243:RevCPU:0]: Building Rev with 1 cores and 1 hart(s) on each core 
RevCPU[cpu243:RevCPU:0]: Initialization of RevCPUs complete.
RevCPU[cpu2:RevCPU:0]: Building Rev with 1 cores and 1 hart(s) on each core 
RevCPU[cpu2:RevCPU:0]: Initialization of RevCPUs complete.
RevCPU[cpu6:RevCPU:0]: Building Rev with 1 cores and 1 hart(s) on each core 
RevCPU[cpu6:RevCPU:0]: Initialization of RevCPUs complete.
RevCPU[cpu19:RevCPU:0]: Building Rev with 1 cores and 1 hart(s) on each core 
RevCPU[cpu19:RevCPU:0]: Initialization of RevCPUs complete.
RevCPU[cpu24:RevCPU:0]: Building Rev with 1 cores and 1 hart(s) on each core 
RevCPU[cpu24:RevCPU:0]: Initialization of RevCPUs complete.
RevCPU[cpu103:RevCPU:0]: Building Rev with 1 cores and 1 hart(s) on each core 
RevCPU[cpu103:RevCPU:0]: Initialization of RevCPUs complete.
RevCPU[cpu116:RevCPU:0]: Building Rev with 1 cores and 1 hart(s) on each core 
RevCPU[cpu116:RevCPU:0]: Initialization of RevCPUs complete.
RevCPU[cpu128:RevCPU:0]: Building Rev with 1 cores and 1 hart(s) on each core 
RevCPU[cpu128:RevCPU:0]: Initialization of RevCPUs complete.
RevCPU[cpu132:RevCPU:0]: Building Rev with 1 cores and 1 hart(s) on each core 
RevCPU[cpu132:RevCPU:0]: Initialization of RevCPUs complete.
RevCPU[cpu156:RevCPU:0]: Building Rev with 1 cores and 1 hart(s) on each core 
RevCPU[cpu156:RevCPU:0]: Initialization of RevCPUs complete.
RevCPU[cpu204:RevCPU:0]: Building Rev with 1 cores and 1 hart(s) on each core 
RevCPU[cpu204:RevCPU:0]: Initialization of RevCPUs complete.
RevCPU[cpu219:RevCPU:0]: Building Rev with 1 cores and 1 hart(s) on each core 
RevCPU[cpu219:RevCPU:0]: Initialization of RevCPUs complete.
RevCPU[cpu235:RevCPU:0]: Building Rev with 1 cores and 1 hart(s) on each core 
RevCPU[cpu235:RevCPU:0]: Initialization of RevCPUs complete.
RevCPU[cpu4:RevCPU:0]: Building Rev with 1 cores and 1 hart(s) on each core 
RevCPU[cpu4:RevCPU:0]: Initialization of RevCPUs complete.
RevCPU[cpu14:RevCPU:0]: Building Rev with 1 cores and 1 hart(s) on each core 
RevCPU[cpu14:RevCPU:0]: Initialization of RevCPUs complete.
RevCPU[cpu33:RevCPU:0]: Building Rev with 1 cores and 1 hart(s) on each core 
RevCPU[cpu33:RevCPU:0]: Initialization of RevCPUs complete.
RevCPU[cpu49:RevCPU:0]: Building Rev with 1 cores and 1 hart(s) on each core 
RevCPU[cpu49:RevCPU:0]: Initialization of RevCPUs complete.
RevCPU[cpu58:RevCPU:0]: Building Rev with 1 cores and 1 hart(s) on each core 
RevCPU[cpu58:RevCPU:0]: Initialization of RevCPUs complete.
RevCPU[cpu99:RevCPU:0]: Building Rev with 1 cores and 1 hart(s) on each core 
RevCPU[cpu99:RevCPU:0]: Initialization of RevCPUs complete.
RevCPU[cpu148:RevCPU:0]: Building Rev with 1 cores and 1 hart(s) on each core 
RevCPU[cpu148:RevCPU:0]: Initialization of RevCPUs complete.
RevCPU[cpu150:RevCPU:0]: Building Rev with 1 cores and 1 hart(s) on each core 
RevCPU[cpu150:RevCPU:0]: Initialization of RevCPUs complete.
RevCPU[cpu152:RevCPU:0]: Building Rev with 1 cores and 1 hart(s) on each core 
RevCPU[cpu152:RevCPU:0]: Initialization of RevCPUs complete.
RevCPU[cpu154:RevCPU:0]: Building Rev with 1 cores and 1 hart(s) on each core 
RevCPU[cpu154:RevCPU:0]: Initialization of RevCPUs complete.
RevCPU[cpu158:RevCPU:0]: Building Rev with 1 cores and 1 hart(s) on each core 
RevCPU[cpu158:RevCPU:0]: Initialization of RevCPUs complete.
RevCPU[cpu160:RevCPU:0]: Building Rev with 1 cores and 1 hart(s) on each core 
RevCPU[cpu160:RevCPU:0]: Initialization of RevCPUs complete.
RevCPU[cpu179:RevCPU:0]: Building Rev with 1 cores and 1 hart(s) on each core 
RevCPU[cpu179:RevCPU:0]: Initialization of RevCPUs complete.
RevCPU[cpu194:RevCPU:0]: Building Rev with 1 cores and 1 hart(s) on each core 
RevCPU[cpu194:RevCPU:0]: Initialization of RevCPUs complete.
RevCPU[cpu209:RevCPU:0]: Building Rev with 1 cores and 1 hart(s) on each core 
RevCPU[cpu209:RevCPU:0]: Initialization of RevCPUs complete.
RevCPU[cpu215:RevCPU:0]: Building Rev with 1 cores and 1 hart(s) on each core 
RevCPU[cpu215:RevCPU:0]: Initialization of RevCPUs complete.
RevCPU[cpu232:RevCPU:0]: Building Rev with 1 cores and 1 hart(s) on each core 
RevCPU[cpu232:RevCPU:0]: Initialization of RevCPUs complete.
RevCPU[cpu247:RevCPU:0]: Building Rev with 1 cores and 1 hart(s) on each core 
RevCPU[cpu247:RevCPU:0]: Initialization of RevCPUs complete.
RevCPU[cpu11:RevCPU:0]: Building Rev with 1 cores and 1 hart(s) on each core 
RevCPU[cpu11:RevCPU:0]: Initialization of RevCPUs complete.
RevCPU[cpu60:RevCPU:0]: Building Rev with 1 cores and 1 hart(s) on each core 
RevCPU[cpu60:RevCPU:0]: Initialization of RevCPUs complete.
RevCPU[cpu69:RevCPU:0]: Building Rev with 1 cores and 1 hart(s) on each core 
RevCPU[cpu69:RevCPU:0]: Initialization of RevCPUs complete.
RevCPU[cpu104:RevCPU:0]: Building Rev with 1 cores and 1 hart(s) on each core 
RevCPU[cpu104:RevCPU:0]: Initialization of RevCPUs complete.
RevCPU[cpu110:RevCPU:0]: Building Rev with 1 cores and 1 hart(s) on each core 
RevCPU[cpu110:RevCPU:0]: Initialization of RevCPUs complete.
RevCPU[cpu111:RevCPU:0]: Building Rev with 1 cores and 1 hart(s) on each core 
RevCPU[cpu111:RevCPU:0]: Initialization of RevCPUs complete.
RevCPU[cpu125:RevCPU:0]: Building Rev with 1 cores and 1 hart(s) on each core 
RevCPU[cpu125:RevCPU:0]: Initialization of RevCPUs complete.
RevCPU[cpu161:RevCPU:0]: Building Rev with 1 cores and 1 hart(s) on each core 
RevCPU[cpu161:RevCPU:0]: Initialization of RevCPUs complete.
RevCPU[cpu165:RevCPU:0]: Building Rev with 1 cores and 1 hart(s) on each core 
RevCPU[cpu165:RevCPU:0]: Initialization of RevCPUs complete.
RevCPU[cpu188:RevCPU:0]: Building Rev with 1 cores and 1 hart(s) on each core 
RevCPU[cpu188:RevCPU:0]: Initialization of RevCPUs complete.
RevCPU[cpu206:RevCPU:0]: Building Rev with 1 cores and 1 hart(s) on each core 
RevCPU[cpu206:RevCPU:0]: Initialization of RevCPUs complete.
RevCPU[cpu238:RevCPU:0]: Building Rev with 1 cores and 1 hart(s) on each core 
RevCPU[cpu238:RevCPU:0]: Initialization of RevCPUs complete.
RevCPU[cpu239:RevCPU:0]: Building Rev with 1 cores and 1 hart(s) on each core 
RevCPU[cpu239:RevCPU:0]: Initialization of RevCPUs complete.
RevCPU[cpu97:RevCPU:0]: Building Rev with 1 cores and 1 hart(s) on each core 
RevCPU[cpu97:RevCPU:0]: Initialization of RevCPUs complete.
RevCPU[cpu100:RevCPU:0]: Building Rev with 1 cores and 1 hart(s) on each core 
RevCPU[cpu100:RevCPU:0]: Initialization of RevCPUs complete.
RevCPU[cpu101:RevCPU:0]: Building Rev with 1 cores and 1 hart(s) on each core 
RevCPU[cpu101:RevCPU:0]: Initialization of RevCPUs complete.
RevCPU[cpu130:RevCPU:0]: Building Rev with 1 cores and 1 hart(s) on each core 
RevCPU[cpu130:RevCPU:0]: Initialization of RevCPUs complete.
RevCPU[cpu146:RevCPU:0]: Building Rev with 1 cores and 1 hart(s) on each core 
RevCPU[cpu146:RevCPU:0]: Initialization of RevCPUs complete.
RevCPU[cpu171:RevCPU:0]: Building Rev with 1 cores and 1 hart(s) on each core 
RevCPU[cpu171:RevCPU:0]: Initialization of RevCPUs complete.
RevCPU[cpu173:RevCPU:0]: Building Rev with 1 cores and 1 hart(s) on each core 
RevCPU[cpu173:RevCPU:0]: Initialization of RevCPUs complete.
RevCPU[cpu175:RevCPU:0]: Building Rev with 1 cores and 1 hart(s) on each core 
RevCPU[cpu175:RevCPU:0]: Initialization of RevCPUs complete.
RevCPU[cpu73:RevCPU:0]: Building Rev with 1 cores and 1 hart(s) on each core 
RevCPU[cpu73:RevCPU:0]: Initialization of RevCPUs complete.
RevCPU[cpu5:RevCPU:0]: Building Rev with 1 cores and 1 hart(s) on each core 
RevCPU[cpu5:RevCPU:0]: Initialization of RevCPUs complete.
RevCPU[cpu20:RevCPU:0]: Building Rev with 1 cores and 1 hart(s) on each core 
RevCPU[cpu20:RevCPU:0]: Initialization of RevCPUs complete.
RevCPU[cpu157:RevCPU:0]: Building Rev with 1 cores and 1 hart(s) on each core 
RevCPU[cpu157:RevCPU:0]: Initialization of RevCPUs complete.
RevCPU[cpu240:RevCPU:0]: Building Rev with 1 cores and 1 hart(s) on each core 
RevCPU[cpu240:RevCPU:0]: Initialization of RevCPUs complete.
RevCPU[cpu12:RevCPU:0]: Building Rev with 1 cores and 1 hart(s) on each core 
RevCPU[cpu12:RevCPU:0]: Initialization of RevCPUs complete.
RevCPU[cpu75:RevCPU:0]: Building Rev with 1 cores and 1 hart(s) on each core 
RevCPU[cpu75:RevCPU:0]: Initialization of RevCPUs complete.
RevCPU[cpu94:RevCPU:0]: Building Rev with 1 cores and 1 hart(s) on each core 
RevCPU[cpu94:RevCPU:0]: Initialization of RevCPUs complete.
RevCPU[cpu138:RevCPU:0]: Building Rev with 1 cores and 1 hart(s) on each core 
RevCPU[cpu138:RevCPU:0]: Initialization of RevCPUs complete.
RevCPU[cpu212:RevCPU:0]: Building Rev with 1 cores and 1 hart(s) on each core 
RevCPU[cpu212:RevCPU:0]: Initialization of RevCPUs complete.
RevCPU[cpu21:RevCPU:0]: Building Rev with 1 cores and 1 hart(s) on each core 
RevCPU[cpu21:RevCPU:0]: Initialization of RevCPUs complete.
RevCPU[cpu22:RevCPU:0]: Building Rev with 1 cores and 1 hart(s) on each core 
RevCPU[cpu22:RevCPU:0]: Initialization of RevCPUs complete.
RevCPU[cpu36:RevCPU:0]: Building Rev with 1 cores and 1 hart(s) on each core 
RevCPU[cpu36:RevCPU:0]: Initialization of RevCPUs complete.
RevCPU[cpu227:RevCPU:0]: Building Rev with 1 cores and 1 hart(s) on each core 
RevCPU[cpu227:RevCPU:0]: Initialization of RevCPUs complete.
RevCPU[cpu84:RevCPU:0]: Building Rev with 1 cores and 1 hart(s) on each core 
RevCPU[cpu84:RevCPU:0]: Initialization of RevCPUs complete.
RevCPU[cpu137:RevCPU:0]: Building Rev with 1 cores and 1 hart(s) on each core 
RevCPU[cpu137:RevCPU:0]: Initialization of RevCPUs complete.
RevCPU[cpu159:RevCPU:0]: Building Rev with 1 cores and 1 hart(s) on each core 
RevCPU[cpu159:RevCPU:0]: Initialization of RevCPUs complete.
RevCPU[cpu185:RevCPU:0]: Building Rev with 1 cores and 1 hart(s) on each core 
RevCPU[cpu185:RevCPU:0]: Initialization of RevCPUs complete.
RevCPU[cpu221:RevCPU:0]: Building Rev with 1 cores and 1 hart(s) on each core 
RevCPU[cpu221:RevCPU:0]: Initialization of RevCPUs complete.
RevCPU[cpu229:RevCPU:0]: Building Rev with 1 cores and 1 hart(s) on each core 
RevCPU[cpu229:RevCPU:0]: Initialization of RevCPUs complete.
RevCPU[cpu236:RevCPU:0]: Building Rev with 1 cores and 1 hart(s) on each core 
RevCPU[cpu236:RevCPU:0]: Initialization of RevCPUs complete.
RevCPU[cpu0:RevCPU:0]: Building Rev with 1 cores and 1 hart(s) on each core 
RevCPU[cpu0:RevCPU:0]: Initialization of RevCPUs complete.
Simulation is complete, simulated time: 39.2932 ms
RevCPU[cpu13:RevCPU:0]: Building Rev with 1 cores and 1 hart(s) on each core 
RevCPU[cpu13:RevCPU:0]: Initialization of RevCPUs complete.
RevCPU[cpu57:RevCPU:0]: Building Rev with 1 cores and 1 hart(s) on each core 
RevCPU[cpu57:RevCPU:0]: Initialization of RevCPUs complete.
RevCPU[cpu66:RevCPU:0]: Building Rev with 1 cores and 1 hart(s) on each core 
RevCPU[cpu66:RevCPU:0]: Initialization of RevCPUs complete.
RevCPU[cpu109:RevCPU:0]: Building Rev with 1 cores and 1 hart(s) on each core 
RevCPU[cpu109:RevCPU:0]: Initialization of RevCPUs complete.
RevCPU[cpu142:RevCPU:0]: Building Rev with 1 cores and 1 hart(s) on each core 
RevCPU[cpu142:RevCPU:0]: Initialization of RevCPUs complete.
RevCPU[cpu164:RevCPU:0]: Building Rev with 1 cores and 1 hart(s) on each core 
RevCPU[cpu164:RevCPU:0]: Initialization of RevCPUs complete.
RevCPU[cpu170:RevCPU:0]: Building Rev with 1 cores and 1 hart(s) on each core 
RevCPU[cpu170:RevCPU:0]: Initialization of RevCPUs complete.
RevCPU[cpu189:RevCPU:0]: Building Rev with 1 cores and 1 hart(s) on each core 
RevCPU[cpu189:RevCPU:0]: Initialization of RevCPUs complete.
RevCPU[cpu246:RevCPU:0]: Building Rev with 1 cores and 1 hart(s) on each core 
RevCPU[cpu246:RevCPU:0]: Initialization of RevCPUs complete.
RevCPU[cpu250:RevCPU:0]: Building Rev with 1 cores and 1 hart(s) on each core 
RevCPU[cpu250:RevCPU:0]: Initialization of RevCPUs complete.
RevCPU[cpu196:RevCPU:0]: Building Rev with 1 cores and 1 hart(s) on each core 
RevCPU[cpu196:RevCPU:0]: Initialization of RevCPUs complete.
RevCPU[cpu203:RevCPU:0]: Building Rev with 1 cores and 1 hart(s) on each core 
RevCPU[cpu203:RevCPU:0]: Initialization of RevCPUs complete.
RevCPU[cpu214:RevCPU:0]: Building Rev with 1 cores and 1 hart(s) on each core 
RevCPU[cpu214:RevCPU:0]: Initialization of RevCPUs complete.
RevCPU[cpu249:RevCPU:0]: Building Rev with 1 cores and 1 hart(s) on each core 
RevCPU[cpu249:RevCPU:0]: Initialization of RevCPUs complete.
RevCPU[cpu51:RevCPU:0]: Building Rev with 1 cores and 1 hart(s) on each core 
RevCPU[cpu51:RevCPU:0]: Initialization of RevCPUs complete.
RevCPU[cpu59:RevCPU:0]: Building Rev with 1 cores and 1 hart(s) on each core 
RevCPU[cpu59:RevCPU:0]: Initialization of RevCPUs complete.
RevCPU[cpu65:RevCPU:0]: Building Rev with 1 cores and 1 hart(s) on each core 
RevCPU[cpu65:RevCPU:0]: Initialization of RevCPUs complete.
RevCPU[cpu140:RevCPU:0]: Building Rev with 1 cores and 1 hart(s) on each core 
RevCPU[cpu140:RevCPU:0]: Initialization of RevCPUs complete.
RevCPU[cpu210:RevCPU:0]: Building Rev with 1 cores and 1 hart(s) on each core 
RevCPU[cpu210:RevCPU:0]: Initialization of RevCPUs complete.
RevCPU[cpu220:RevCPU:0]: Building Rev with 1 cores and 1 hart(s) on each core 
RevCPU[cpu220:RevCPU:0]: Initialization of RevCPUs complete.
RevCPU[cpu225:RevCPU:0]: Building Rev with 1 cores and 1 hart(s) on each core 
RevCPU[cpu225:RevCPU:0]: Initialization of RevCPUs complete.
RevCPU[cpu230:RevCPU:0]: Building Rev with 1 cores and 1 hart(s) on each core 
RevCPU[cpu230:RevCPU:0]: Initialization of RevCPUs complete.
RevCPU[cpu251:RevCPU:0]: Building Rev with 1 cores and 1 hart(s) on each core 
RevCPU[cpu251:RevCPU:0]: Initialization of RevCPUs complete.
RevCPU[cpu28:RevCPU:0]: Building Rev with 1 cores and 1 hart(s) on each core 
RevCPU[cpu28:RevCPU:0]: Initialization of RevCPUs complete.
RevCPU[cpu42:RevCPU:0]: Building Rev with 1 cores and 1 hart(s) on each core 
RevCPU[cpu42:RevCPU:0]: Initialization of RevCPUs complete.
RevCPU[cpu43:RevCPU:0]: Building Rev with 1 cores and 1 hart(s) on each core 
RevCPU[cpu43:RevCPU:0]: Initialization of RevCPUs complete.
RevCPU[cpu155:RevCPU:0]: Building Rev with 1 cores and 1 hart(s) on each core 
RevCPU[cpu155:RevCPU:0]: Initialization of RevCPUs complete.
RevCPU[cpu168:RevCPU:0]: Building Rev with 1 cores and 1 hart(s) on each core 
RevCPU[cpu168:RevCPU:0]: Initialization of RevCPUs complete.
RevCPU[cpu181:RevCPU:0]: Building Rev with 1 cores and 1 hart(s) on each core 
RevCPU[cpu181:RevCPU:0]: Initialization of RevCPUs complete.
RevCPU[cpu224:RevCPU:0]: Building Rev with 1 cores and 1 hart(s) on each core 
RevCPU[cpu224:RevCPU:0]: Initialization of RevCPUs complete.
RevCPU[cpu241:RevCPU:0]: Building Rev with 1 cores and 1 hart(s) on each core 
RevCPU[cpu241:RevCPU:0]: Initialization of RevCPUs complete.
RevCPU[cpu10:RevCPU:0]: Building Rev with 1 cores and 1 hart(s) on each core 
RevCPU[cpu10:RevCPU:0]: Initialization of RevCPUs complete.
RevCPU[cpu40:RevCPU:0]: Building Rev with 1 cores and 1 hart(s) on each core 
RevCPU[cpu40:RevCPU:0]: Initialization of RevCPUs complete.
RevCPU[cpu44:RevCPU:0]: Building Rev with 1 cores and 1 hart(s) on each core 
RevCPU[cpu44:RevCPU:0]: Initialization of RevCPUs complete.
RevCPU[cpu46:RevCPU:0]: Building Rev with 1 cores and 1 hart(s) on each core 
RevCPU[cpu46:RevCPU:0]: Initialization of RevCPUs complete.
RevCPU[cpu123:RevCPU:0]: Building Rev with 1 cores and 1 hart(s) on each core 
RevCPU[cpu123:RevCPU:0]: Initialization of RevCPUs complete.
RevCPU[cpu141:RevCPU:0]: Building Rev with 1 cores and 1 hart(s) on each core 
RevCPU[cpu141:RevCPU:0]: Initialization of RevCPUs complete.
RevCPU[cpu144:RevCPU:0]: Building Rev with 1 cores and 1 hart(s) on each core 
RevCPU[cpu144:RevCPU:0]: Initialization of RevCPUs complete.
RevCPU[cpu195:RevCPU:0]: Building Rev with 1 cores and 1 hart(s) on each core 
RevCPU[cpu195:RevCPU:0]: Initialization of RevCPUs complete.
RevCPU[cpu248:RevCPU:0]: Building Rev with 1 cores and 1 hart(s) on each core 
RevCPU[cpu248:RevCPU:0]: Initialization of RevCPUs complete.
RevCPU[cpu117:RevCPU:0]: Building Rev with 1 cores and 1 hart(s) on each core 
RevCPU[cpu117:RevCPU:0]: Initialization of RevCPUs complete.
RevCPU[cpu119:RevCPU:0]: Building Rev with 1 cores and 1 hart(s) on each core 
RevCPU[cpu119:RevCPU:0]: Initialization of RevCPUs complete.
RevCPU[cpu162:RevCPU:0]: Building Rev with 1 cores and 1 hart(s) on each core 
RevCPU[cpu162:RevCPU:0]: Initialization of RevCPUs complete.
RevCPU[cpu197:RevCPU:0]: Building Rev with 1 cores and 1 hart(s) on each core 
RevCPU[cpu197:RevCPU:0]: Initialization of RevCPUs complete.
RevCPU[cpu207:RevCPU:0]: Building Rev with 1 cores and 1 hart(s) on each core 
RevCPU[cpu207:RevCPU:0]: Initialization of RevCPUs complete.
RevCPU[cpu26:RevCPU:0]: Building Rev with 1 cores and 1 hart(s) on each core 
RevCPU[cpu26:RevCPU:0]: Initialization of RevCPUs complete.
RevCPU[cpu61:RevCPU:0]: Building Rev with 1 cores and 1 hart(s) on each core 
RevCPU[cpu61:RevCPU:0]: Initialization of RevCPUs complete.
RevCPU[cpu115:RevCPU:0]: Building Rev with 1 cores and 1 hart(s) on each core 
RevCPU[cpu115:RevCPU:0]: Initialization of RevCPUs complete.
RevCPU[cpu153:RevCPU:0]: Building Rev with 1 cores and 1 hart(s) on each core 
RevCPU[cpu153:RevCPU:0]: Initialization of RevCPUs complete.
RevCPU[cpu163:RevCPU:0]: Building Rev with 1 cores and 1 hart(s) on each core 
RevCPU[cpu163:RevCPU:0]: Initialization of RevCPUs complete.
RevCPU[cpu186:RevCPU:0]: Building Rev with 1 cores and 1 hart(s) on each core 
RevCPU[cpu186:RevCPU:0]: Initialization of RevCPUs complete.
RevCPU[cpu16:RevCPU:0]: Building Rev with 1 cores and 1 hart(s) on each core 
RevCPU[cpu16:RevCPU:0]: Initialization of RevCPUs complete.
RevCPU[cpu27:RevCPU:0]: Building Rev with 1 cores and 1 hart(s) on each core 
RevCPU[cpu27:RevCPU:0]: Initialization of RevCPUs complete.
RevCPU[cpu41:RevCPU:0]: Building Rev with 1 cores and 1 hart(s) on each core 
RevCPU[cpu41:RevCPU:0]: Initialization of RevCPUs complete.
RevCPU[cpu190:RevCPU:0]: Building Rev with 1 cores and 1 hart(s) on each core 
RevCPU[cpu190:RevCPU:0]: Initialization of RevCPUs complete.
RevCPU[cpu193:RevCPU:0]: Building Rev with 1 cores and 1 hart(s) on each core 
RevCPU[cpu193:RevCPU:0]: Initialization of RevCPUs complete.
