XBGAS RAND_ADD TEST. PEs = 16
Initializing xBGAS data members
Done initializing XBGAS data members
XBGAS Atomic RAND ADD Test: Complete!
Total iterations: 16000
Time: 0.004279240 seconds
KAMS: 3738.981688 Kilo AMOs/second
RevCPU[cpu1:RevCPU:0]: Building Rev with 1 cores and 1 hart(s) on each core 
RevCPU[cpu1:RevCPU:0]: Initialization of RevCPUs complete.
RevCPU[cpu2:RevCPU:0]: Building Rev with 1 cores and 1 hart(s) on each core 
RevCPU[cpu2:RevCPU:0]: Initialization of RevCPUs complete.
RevCPU[cpu3:RevCPU:0]: Building Rev with 1 cores and 1 hart(s) on each core 
RevCPU[cpu3:RevCPU:0]: Initialization of RevCPUs complete.
RevCPU[cpu4:RevCPU:0]: Building Rev with 1 cores and 1 hart(s) on each core 
RevCPU[cpu4:RevCPU:0]: Initialization of RevCPUs complete.
RevCPU[cpu6:RevCPU:0]: Building Rev with 1 cores and 1 hart(s) on each core 
RevCPU[cpu6:RevCPU:0]: Initialization of RevCPUs complete.
RevCPU[cpu7:RevCPU:0]: Building Rev with 1 cores and 1 hart(s) on each core 
RevCPU[cpu7:RevCPU:0]: Initialization of RevCPUs complete.
RevCPU[cpu5:RevCPU:0]: Building Rev with 1 cores and 1 hart(s) on each core 
RevCPU[cpu5:RevCPU:0]: Initialization of RevCPUs complete.
RevCPU[cpu0:RevCPU:0]: Building Rev with 1 cores and 1 hart(s) on each core 
RevCPU[cpu0:RevCPU:0]: Initialization of RevCPUs complete.
Simulation is complete, simulated time: 7.55876 ms
RevCPU[cpu10:RevCPU:0]: Building Rev with 1 cores and 1 hart(s) on each core 
RevCPU[cpu10:RevCPU:0]: Initialization of RevCPUs complete.
RevCPU[cpu13:RevCPU:0]: Building Rev with 1 cores and 1 hart(s) on each core 
RevCPU[cpu13:RevCPU:0]: Initialization of RevCPUs complete.
RevCPU[cpu14:RevCPU:0]: Building Rev with 1 cores and 1 hart(s) on each core 
RevCPU[cpu14:RevCPU:0]: Initialization of RevCPUs complete.
RevCPU[cpu8:RevCPU:0]: Building Rev with 1 cores and 1 hart(s) on each core 
RevCPU[cpu8:RevCPU:0]: Initialization of RevCPUs complete.
RevCPU[cpu9:RevCPU:0]: Building Rev with 1 cores and 1 hart(s) on each core 
RevCPU[cpu9:RevCPU:0]: Initialization of RevCPUs complete.
RevCPU[cpu15:RevCPU:0]: Building Rev with 1 cores and 1 hart(s) on each core 
RevCPU[cpu15:RevCPU:0]: Initialization of RevCPUs complete.
RevCPU[cpu12:RevCPU:0]: Building Rev with 1 cores and 1 hart(s) on each core 
RevCPU[cpu12:RevCPU:0]: Initialization of RevCPUs complete.
RevCPU[cpu11:RevCPU:0]: Building Rev with 1 cores and 1 hart(s) on each core 
RevCPU[cpu11:RevCPU:0]: Initialization of RevCPUs complete.
