RevCPU[cpu0:RevCPU:0]: Building Rev with 1 cores and 1 hart(s) on each core 
RevCPU[cpu0:RevCPU:0]: Building Rev with 1 cores and 1 hart(s) on each core 
RevCPU[cpu0:RevCPU:0]: Initialization of RevCPUs complete.
RevCPU[cpu0:RevCPU:0]: Initialization of RevCPUs complete.
RevCPU[cpu1:RevCPU:0]: Building Rev with 1 cores and 1 hart(s) on each core 
RevCPU[cpu1:RevCPU:0]: Building Rev with 1 cores and 1 hart(s) on each core 
RevCPU[cpu1:RevCPU:0]: Initialization of RevCPUs complete.
RevCPU[cpu1:RevCPU:0]: Initialization of RevCPUs complete.
Running on 2 processors
Running on 2 processors
Total Main table size = 2^14 = 16384 words
Total Main table size = 2^14 = 16384 words
PE Main table size = (2^14)/2  = 8192 words/PE MAX
Total number of updates = 20000
PE Main table size = (2^14)/2  = 8192 words/PE MAX
Total number of updates = 20000
Real time used = 0.013344 seconds
0.001498794 Billion(10^9) Updates    per second [GUP/s]
0.000749397 Billion(10^9) Updates/PE per second [GUP/s]
Simulation is complete, simulated time: 13.7815 ms
Real time used = 0.013344 seconds
0.001498794 Billion(10^9) Updates    per second [GUP/s]
0.000749397 Billion(10^9) Updates/PE per second [GUP/s]
Simulation is complete, simulated time: 13.7815 ms
