# OSU OpenSHMEM Get Test
# Size           Latency (us)
1                       43.585
2                       43.300
4                       43.410
8                       43.100
16                      43.085
32                      42.905
64                      43.680
128                     44.435
256                     43.965
512                     44.255
1024                    43.330
2048                    46.040
4096                    48.645
8192                    74.305
16384                   89.850
32768                  151.200
65536                  182.710
PTMALLOC: USAGE ERROR DETECTED: m=0x7f6c874deb00 ptr=0xff0000f0
PTMALLOC: USAGE ERROR DETECTED: m=0x7f6c874deb00 ptr=0xff0100f0
PTMALLOC: USAGE ERROR DETECTED: m=0x7f817ee43b00 ptr=0xff0000f0
PTMALLOC: USAGE ERROR DETECTED: m=0x7f817ee43b00 ptr=0xff0100f0
