PTMALLOC: USAGE ERROR DETECTED: m=0x7f619cf13b00 ptr=0xff0000f0
PTMALLOC: USAGE ERROR DETECTED: m=0x7f619cf13b00 ptr=0xff0100f0
# OSU OpenSHMEM Put_nb Test
# Size           Latency (us)
1                      138.655
2                      133.925
4                      134.065
8                      139.105
16                     138.225
32                     133.120
64                     111.265
128                    108.855
256                    112.955
512                    126.405
1024                   134.435
2048                   134.760
4096                   138.405
8192                   136.205
16384                  134.680
32768                  142.970
65536                  199.400
PTMALLOC: USAGE ERROR DETECTED: m=0x7f17fcbb6b00 ptr=0xff0000f0
PTMALLOC: USAGE ERROR DETECTED: m=0x7f17fcbb6b00 ptr=0xff0100f0
