PTMALLOC: USAGE ERROR DETECTED: m=0x7fc36fe27b00 ptr=0xff0000f0
PTMALLOC: USAGE ERROR DETECTED: m=0x7fc36fe27b00 ptr=0xff0100f0
# OSU OpenSHMEM Put Test
# Size           Latency (us)
1                       58.935
2                       58.800
4                       59.125
8                       58.125
16                      58.185
32                      58.060
64                      57.125
128                     58.290
256                     58.550
512                     69.885
1024                    58.425
2048                    60.905
4096                    63.910
8192                    68.125
16384                   74.220
32768                   92.610
65536                  141.530
PTMALLOC: USAGE ERROR DETECTED: m=0x7f4c04b35b00 ptr=0xff0000f0
PTMALLOC: USAGE ERROR DETECTED: m=0x7f4c04b35b00 ptr=0xff0100f0
