PTMALLOC: USAGE ERROR DETECTED: m=0x7f15ae76bb00 ptr=0xff0000f0
PTMALLOC: USAGE ERROR DETECTED: m=0x7f15ae76bb00 ptr=0xff0100f0
# OSU OpenSHMEM Get_nb Test
# Size           Latency (us)
1                       79.410
2                       75.625
4                       75.150
8                       74.655
16                      75.160
32                      76.720
64                      79.010
128                     75.310
256                     77.400
512                     76.545
1024                    76.860
2048                    78.215
4096                    78.810
8192                    88.580
16384                   98.200
32768                  125.090
65536                  150.220
PTMALLOC: USAGE ERROR DETECTED: m=0x7fbfb8ad4b00 ptr=0xff0000f0
PTMALLOC: USAGE ERROR DETECTED: m=0x7fbfb8ad4b00 ptr=0xff0100f0
