RevCPU[cpu0:RevCPU:0]: Building Rev with 1 cores and 1 hart(s) on each core 
RevCPU[cpu0:RevCPU:0]: Building Rev with 1 cores and 1 hart(s) on each core 
RevCPU[cpu0:RevCPU:0]: Initialization of RevCPUs complete.
RevCPU[cpu0:RevCPU:0]: Initialization of RevCPUs complete.
RevCPU[cpu1:RevCPU:0]: Building Rev with 1 cores and 1 hart(s) on each core 
RevCPU[cpu1:RevCPU:0]: Building Rev with 1 cores and 1 hart(s) on each core 
RevCPU[cpu1:RevCPU:0]: Initialization of RevCPUs complete.
RevCPU[cpu1:RevCPU:0]: Initialization of RevCPUs complete.
XBGAS RAND_ADD TEST. PEs = 2
XBGAS RAND_ADD TEST. PEs = 2
Initializing xBGAS data members
Initializing xBGAS data members
Done initializing XBGAS data members
Done initializing XBGAS data members
XBGAS Atomic RAND ADD Test: Complete!
Total iterations: 2000
XBGAS Atomic RAND ADD Test: Complete!
Time: 0.004278002 seconds
Total iterations: 2000
KAMS: 467.507963 Kilo AMOs/second
Time: 0.004278002 seconds
KAMS: 467.507963 Kilo AMOs/second
Simulation is complete, simulated time: 4.36339 ms
Simulation is complete, simulated time: 4.36339 ms
