RevCPU[cpu0:RevCPU:0]: Building Rev with 1 cores and 1 hart(s) on each core 
RevCPU[cpu0:RevCPU:0]: Building Rev with 1 cores and 1 hart(s) on each core 
RevCPU[cpu0:RevCPU:0]: Building Rev with 1 cores and 1 hart(s) on each core 
RevCPU[cpu0:RevCPU:0]: Building Rev with 1 cores and 1 hart(s) on each core 
RevCPU[cpu0:RevCPU:0]: Initialization of RevCPUs complete.
RevCPU[cpu0:RevCPU:0]: Initialization of RevCPUs complete.
RevCPU[cpu0:RevCPU:0]: Initialization of RevCPUs complete.
RevCPU[cpu0:RevCPU:0]: Initialization of RevCPUs complete.
RevCPU[cpu1:RevCPU:0]: Building Rev with 1 cores and 1 hart(s) on each core 
RevCPU[cpu1:RevCPU:0]: Building Rev with 1 cores and 1 hart(s) on each core 
RevCPU[cpu1:RevCPU:0]: Building Rev with 1 cores and 1 hart(s) on each core 
RevCPU[cpu1:RevCPU:0]: Building Rev with 1 cores and 1 hart(s) on each core 
RevCPU[cpu1:RevCPU:0]: Initialization of RevCPUs complete.
RevCPU[cpu1:RevCPU:0]: Initialization of RevCPUs complete.
RevCPU[cpu1:RevCPU:0]: Initialization of RevCPUs complete.
RevCPU[cpu1:RevCPU:0]: Initialization of RevCPUs complete.
RevCPU[cpu2:RevCPU:0]: Building Rev with 1 cores and 1 hart(s) on each core 
RevCPU[cpu2:RevCPU:0]: Building Rev with 1 cores and 1 hart(s) on each core 
RevCPU[cpu2:RevCPU:0]: Building Rev with 1 cores and 1 hart(s) on each core 
RevCPU[cpu2:RevCPU:0]: Building Rev with 1 cores and 1 hart(s) on each core 
RevCPU[cpu2:RevCPU:0]: Initialization of RevCPUs complete.
RevCPU[cpu2:RevCPU:0]: Initialization of RevCPUs complete.
RevCPU[cpu2:RevCPU:0]: Initialization of RevCPUs complete.
RevCPU[cpu2:RevCPU:0]: Initialization of RevCPUs complete.
RevCPU[cpu3:RevCPU:0]: Building Rev with 1 cores and 1 hart(s) on each core 
RevCPU[cpu3:RevCPU:0]: Building Rev with 1 cores and 1 hart(s) on each core 
RevCPU[cpu3:RevCPU:0]: Building Rev with 1 cores and 1 hart(s) on each core 
RevCPU[cpu3:RevCPU:0]: Building Rev with 1 cores and 1 hart(s) on each core 
RevCPU[cpu3:RevCPU:0]: Initialization of RevCPUs complete.
RevCPU[cpu3:RevCPU:0]: Initialization of RevCPUs complete.
RevCPU[cpu3:RevCPU:0]: Initialization of RevCPUs complete.
RevCPU[cpu3:RevCPU:0]: Initialization of RevCPUs complete.
XBGAS RAND_ADD TEST. PEs = 4
XBGAS RAND_ADD TEST. PEs = 4
XBGAS RAND_ADD TEST. PEs = 4
XBGAS RAND_ADD TEST. PEs = 4
Initializing xBGAS data members
Initializing xBGAS data members
Initializing xBGAS data members
Initializing xBGAS data members
Done initializing XBGAS data members
Done initializing XBGAS data members
Done initializing XBGAS data members
Done initializing XBGAS data members
XBGAS Atomic RAND ADD Test: Complete!
Total iterations: 4000
XBGAS Atomic RAND ADD Test: Complete!
Total iterations: 4000
Time: 0.004278680 seconds
Time: 0.004278680 seconds
KAMS: 934.867763 Kilo AMOs/second
KAMS: 934.867763 Kilo AMOs/second
XBGAS Atomic RAND ADD Test: Complete!
Total iterations: 4000
XBGAS Atomic RAND ADD Test: Complete!
Total iterations: 4000
Time: 0.004278680 seconds
Time: 0.004278680 seconds
KAMS: 934.867763 Kilo AMOs/second
KAMS: 934.867763 Kilo AMOs/second
Simulation is complete, simulated time: 5.62078 ms
Simulation is complete, simulated time: 5.62078 ms
Simulation is complete, simulated time: 5.62078 ms
Simulation is complete, simulated time: 5.62078 ms
