[cpu-25-52:37366] OPAL ERROR: Unreachable in file pmix3x_client.c at line 111
[cpu-25-52:37368] OPAL ERROR: Unreachable in file pmix3x_client.c at line 111
[cpu-25-52:37374] OPAL ERROR: Unreachable in file pmix3x_client.c at line 111
[cpu-25-52:37379] OPAL ERROR: Unreachable in file pmix3x_client.c at line 111
[cpu-25-52:37382] OPAL ERROR: Unreachable in file pmix3x_client.c at line 111
[cpu-25-52:37384] OPAL ERROR: Unreachable in file pmix3x_client.c at line 111
[cpu-25-52:37359] OPAL ERROR: Unreachable in file pmix3x_client.c at line 111
[cpu-25-52:37360] OPAL ERROR: Unreachable in file pmix3x_client.c at line 111
[cpu-25-52:37361] OPAL ERROR: Unreachable in file pmix3x_client.c at line 111
[cpu-25-52:37363] OPAL ERROR: Unreachable in file pmix3x_client.c at line 111
[cpu-25-52:37364] OPAL ERROR: Unreachable in file pmix3x_client.c at line 111
[cpu-25-52:37365] OPAL ERROR: Unreachable in file pmix3x_client.c at line 111
[cpu-25-52:37367] OPAL ERROR: Unreachable in file pmix3x_client.c at line 111
[cpu-25-52:37369] OPAL ERROR: Unreachable in file pmix3x_client.c at line 111
[cpu-25-52:37370] OPAL ERROR: Unreachable in file pmix3x_client.c at line 111
[cpu-25-52:37371] OPAL ERROR: Unreachable in file pmix3x_client.c at line 111
[cpu-25-52:37372] OPAL ERROR: Unreachable in file pmix3x_client.c at line 111
[cpu-25-52:37373] OPAL ERROR: Unreachable in file pmix3x_client.c at line 111
[cpu-25-52:37375] OPAL ERROR: Unreachable in file pmix3x_client.c at line 111
[cpu-25-52:37376] OPAL ERROR: Unreachable in file pmix3x_client.c at line 111
[cpu-25-52:37377] OPAL ERROR: Unreachable in file pmix3x_client.c at line 111
[cpu-25-52:37378] OPAL ERROR: Unreachable in file pmix3x_client.c at line 111
[cpu-25-52:37380] OPAL ERROR: Unreachable in file pmix3x_client.c at line 111
[cpu-25-52:37381] OPAL ERROR: Unreachable in file pmix3x_client.c at line 111
[cpu-25-52:37383] OPAL ERROR: Unreachable in file pmix3x_client.c at line 111
[cpu-25-52:37385] OPAL ERROR: Unreachable in file pmix3x_client.c at line 111
[cpu-25-52:37386] OPAL ERROR: Unreachable in file pmix3x_client.c at line 111
[cpu-25-52:37387] OPAL ERROR: Unreachable in file pmix3x_client.c at line 111
[cpu-25-52:37388] OPAL ERROR: Unreachable in file pmix3x_client.c at line 111
[cpu-25-52:37389] OPAL ERROR: Unreachable in file pmix3x_client.c at line 111
[cpu-25-52:37390] OPAL ERROR: Unreachable in file pmix3x_client.c at line 111
[cpu-25-52:37362] OPAL ERROR: Unreachable in file pmix3x_client.c at line 111
--------------------------------------------------------------------------
The application appears to have been direct launched using "srun",
but OMPI was not built with SLURM's PMI support and therefore cannot
execute. There are several options for building PMI support under
SLURM, depending upon the SLURM version you are using:

  version 16.05 or later: you can use SLURM's PMIx support. This
  requires that you configure and build SLURM --with-pmix.

  Versions earlier than 16.05: you must use either SLURM's PMI-1 or
  PMI-2 support. SLURM builds PMI-1 by default, or you can manually
  install PMI-2. You must then build Open MPI using --with-pmi pointing
  to the SLURM PMI library location.

Please configure as appropriate and try again.
--------------------------------------------------------------------------
--------------------------------------------------------------------------
The application appears to have been direct launched using "srun",
but OMPI was not built with SLURM's PMI support and therefore cannot
execute. There are several options for building PMI support under
SLURM, depending upon the SLURM version you are using:

  version 16.05 or later: you can use SLURM's PMIx support. This
  requires that you configure and build SLURM --with-pmix.

  Versions earlier than 16.05: you must use either SLURM's PMI-1 or
  PMI-2 support. SLURM builds PMI-1 by default, or you can manually
  install PMI-2. You must then build Open MPI using --with-pmi pointing
  to the SLURM PMI library location.

Please configure as appropriate and try again.
--------------------------------------------------------------------------
--------------------------------------------------------------------------
The application appears to have been direct launched using "srun",
but OMPI was not built with SLURM's PMI support and therefore cannot
execute. There are several options for building PMI support under
SLURM, depending upon the SLURM version you are using:

  version 16.05 or later: you can use SLURM's PMIx support. This
  requires that you configure and build SLURM --with-pmix.

  Versions earlier than 16.05: you must use either SLURM's PMI-1 or
  PMI-2 support. SLURM builds PMI-1 by default, or you can manually
  install PMI-2. You must then build Open MPI using --with-pmi pointing
  to the SLURM PMI library location.

Please configure as appropriate and try again.
--------------------------------------------------------------------------
--------------------------------------------------------------------------
The application appears to have been direct launched using "srun",
but OMPI was not built with SLURM's PMI support and therefore cannot
execute. There are several options for building PMI support under
SLURM, depending upon the SLURM version you are using:

  version 16.05 or later: you can use SLURM's PMIx support. This
  requires that you configure and build SLURM --with-pmix.

  Versions earlier than 16.05: you must use either SLURM's PMI-1 or
  PMI-2 support. SLURM builds PMI-1 by default, or you can manually
  install PMI-2. You must then build Open MPI using --with-pmi pointing
  to the SLURM PMI library location.

Please configure as appropriate and try again.
--------------------------------------------------------------------------
--------------------------------------------------------------------------
The application appears to have been direct launched using "srun",
but OMPI was not built with SLURM's PMI support and therefore cannot
execute. There are several options for building PMI support under
SLURM, depending upon the SLURM version you are using:

  version 16.05 or later: you can use SLURM's PMIx support. This
  requires that you configure and build SLURM --with-pmix.

  Versions earlier than 16.05: you must use either SLURM's PMI-1 or
  PMI-2 support. SLURM builds PMI-1 by default, or you can manually
  install PMI-2. You must then build Open MPI using --with-pmi pointing
  to the SLURM PMI library location.

Please configure as appropriate and try again.
--------------------------------------------------------------------------
--------------------------------------------------------------------------
The application appears to have been direct launched using "srun",
but OMPI was not built with SLURM's PMI support and therefore cannot
execute. There are several options for building PMI support under
SLURM, depending upon the SLURM version you are using:

  version 16.05 or later: you can use SLURM's PMIx support. This
  requires that you configure and build SLURM --with-pmix.

  Versions earlier than 16.05: you must use either SLURM's PMI-1 or
  PMI-2 support. SLURM builds PMI-1 by default, or you can manually
  install PMI-2. You must then build Open MPI using --with-pmi pointing
  to the SLURM PMI library location.

Please configure as appropriate and try again.
--------------------------------------------------------------------------
--------------------------------------------------------------------------
The application appears to have been direct launched using "srun",
but OMPI was not built with SLURM's PMI support and therefore cannot
execute. There are several options for building PMI support under
SLURM, depending upon the SLURM version you are using:

  version 16.05 or later: you can use SLURM's PMIx support. This
  requires that you configure and build SLURM --with-pmix.

  Versions earlier than 16.05: you must use either SLURM's PMI-1 or
  PMI-2 support. SLURM builds PMI-1 by default, or you can manually
  install PMI-2. You must then build Open MPI using --with-pmi pointing
  to the SLURM PMI library location.

Please configure as appropriate and try again.
--------------------------------------------------------------------------
--------------------------------------------------------------------------
The application appears to have been direct launched using "srun",
but OMPI was not built with SLURM's PMI support and therefore cannot
execute. There are several options for building PMI support under
SLURM, depending upon the SLURM version you are using:

  version 16.05 or later: you can use SLURM's PMIx support. This
  requires that you configure and build SLURM --with-pmix.

  Versions earlier than 16.05: you must use either SLURM's PMI-1 or
  PMI-2 support. SLURM builds PMI-1 by default, or you can manually
  install PMI-2. You must then build Open MPI using --with-pmi pointing
  to the SLURM PMI library location.

Please configure as appropriate and try again.
--------------------------------------------------------------------------
--------------------------------------------------------------------------
The application appears to have been direct launched using "srun",
but OMPI was not built with SLURM's PMI support and therefore cannot
execute. There are several options for building PMI support under
SLURM, depending upon the SLURM version you are using:

  version 16.05 or later: you can use SLURM's PMIx support. This
  requires that you configure and build SLURM --with-pmix.

  Versions earlier than 16.05: you must use either SLURM's PMI-1 or
  PMI-2 support. SLURM builds PMI-1 by default, or you can manually
  install PMI-2. You must then build Open MPI using --with-pmi pointing
  to the SLURM PMI library location.

Please configure as appropriate and try again.
--------------------------------------------------------------------------
--------------------------------------------------------------------------
The application appears to have been direct launched using "srun",
but OMPI was not built with SLURM's PMI support and therefore cannot
execute. There are several options for building PMI support under
SLURM, depending upon the SLURM version you are using:

  version 16.05 or later: you can use SLURM's PMIx support. This
  requires that you configure and build SLURM --with-pmix.

  Versions earlier than 16.05: you must use either SLURM's PMI-1 or
  PMI-2 support. SLURM builds PMI-1 by default, or you can manually
  install PMI-2. You must then build Open MPI using --with-pmi pointing
  to the SLURM PMI library location.

Please configure as appropriate and try again.
--------------------------------------------------------------------------
--------------------------------------------------------------------------
The application appears to have been direct launched using "srun",
but OMPI was not built with SLURM's PMI support and therefore cannot
execute. There are several options for building PMI support under
SLURM, depending upon the SLURM version you are using:

  version 16.05 or later: you can use SLURM's PMIx support. This
  requires that you configure and build SLURM --with-pmix.

  Versions earlier than 16.05: you must use either SLURM's PMI-1 or
  PMI-2 support. SLURM builds PMI-1 by default, or you can manually
  install PMI-2. You must then build Open MPI using --with-pmi pointing
  to the SLURM PMI library location.

Please configure as appropriate and try again.
--------------------------------------------------------------------------
--------------------------------------------------------------------------
The application appears to have been direct launched using "srun",
but OMPI was not built with SLURM's PMI support and therefore cannot
execute. There are several options for building PMI support under
SLURM, depending upon the SLURM version you are using:

  version 16.05 or later: you can use SLURM's PMIx support. This
  requires that you configure and build SLURM --with-pmix.

  Versions earlier than 16.05: you must use either SLURM's PMI-1 or
  PMI-2 support. SLURM builds PMI-1 by default, or you can manually
  install PMI-2. You must then build Open MPI using --with-pmi pointing
  to the SLURM PMI library location.

Please configure as appropriate and try again.
--------------------------------------------------------------------------
--------------------------------------------------------------------------
The application appears to have been direct launched using "srun",
but OMPI was not built with SLURM's PMI support and therefore cannot
execute. There are several options for building PMI support under
SLURM, depending upon the SLURM version you are using:

  version 16.05 or later: you can use SLURM's PMIx support. This
  requires that you configure and build SLURM --with-pmix.

  Versions earlier than 16.05: you must use either SLURM's PMI-1 or
  PMI-2 support. SLURM builds PMI-1 by default, or you can manually
  install PMI-2. You must then build Open MPI using --with-pmi pointing
  to the SLURM PMI library location.

Please configure as appropriate and try again.
--------------------------------------------------------------------------
--------------------------------------------------------------------------
The application appears to have been direct launched using "srun",
but OMPI was not built with SLURM's PMI support and therefore cannot
execute. There are several options for building PMI support under
SLURM, depending upon the SLURM version you are using:

  version 16.05 or later: you can use SLURM's PMIx support. This
  requires that you configure and build SLURM --with-pmix.

  Versions earlier than 16.05: you must use either SLURM's PMI-1 or
  PMI-2 support. SLURM builds PMI-1 by default, or you can manually
  install PMI-2. You must then build Open MPI using --with-pmi pointing
  to the SLURM PMI library location.

Please configure as appropriate and try again.
--------------------------------------------------------------------------
--------------------------------------------------------------------------
The application appears to have been direct launched using "srun",
but OMPI was not built with SLURM's PMI support and therefore cannot
execute. There are several options for building PMI support under
SLURM, depending upon the SLURM version you are using:

  version 16.05 or later: you can use SLURM's PMIx support. This
  requires that you configure and build SLURM --with-pmix.

  Versions earlier than 16.05: you must use either SLURM's PMI-1 or
  PMI-2 support. SLURM builds PMI-1 by default, or you can manually
  install PMI-2. You must then build Open MPI using --with-pmi pointing
  to the SLURM PMI library location.

Please configure as appropriate and try again.
--------------------------------------------------------------------------
--------------------------------------------------------------------------
The application appears to have been direct launched using "srun",
but OMPI was not built with SLURM's PMI support and therefore cannot
execute. There are several options for building PMI support under
SLURM, depending upon the SLURM version you are using:

  version 16.05 or later: you can use SLURM's PMIx support. This
  requires that you configure and build SLURM --with-pmix.

  Versions earlier than 16.05: you must use either SLURM's PMI-1 or
  PMI-2 support. SLURM builds PMI-1 by default, or you can manually
  install PMI-2. You must then build Open MPI using --with-pmi pointing
  to the SLURM PMI library location.

Please configure as appropriate and try again.
--------------------------------------------------------------------------
--------------------------------------------------------------------------
The application appears to have been direct launched using "srun",
but OMPI was not built with SLURM's PMI support and therefore cannot
execute. There are several options for building PMI support under
SLURM, depending upon the SLURM version you are using:

  version 16.05 or later: you can use SLURM's PMIx support. This
  requires that you configure and build SLURM --with-pmix.

  Versions earlier than 16.05: you must use either SLURM's PMI-1 or
  PMI-2 support. SLURM builds PMI-1 by default, or you can manually
  install PMI-2. You must then build Open MPI using --with-pmi pointing
  to the SLURM PMI library location.

Please configure as appropriate and try again.
--------------------------------------------------------------------------
--------------------------------------------------------------------------
The application appears to have been direct launched using "srun",
but OMPI was not built with SLURM's PMI support and therefore cannot
execute. There are several options for building PMI support under
SLURM, depending upon the SLURM version you are using:

  version 16.05 or later: you can use SLURM's PMIx support. This
  requires that you configure and build SLURM --with-pmix.

  Versions earlier than 16.05: you must use either SLURM's PMI-1 or
  PMI-2 support. SLURM builds PMI-1 by default, or you can manually
  install PMI-2. You must then build Open MPI using --with-pmi pointing
  to the SLURM PMI library location.

Please configure as appropriate and try again.
--------------------------------------------------------------------------
--------------------------------------------------------------------------
The application appears to have been direct launched using "srun",
but OMPI was not built with SLURM's PMI support and therefore cannot
execute. There are several options for building PMI support under
SLURM, depending upon the SLURM version you are using:

  version 16.05 or later: you can use SLURM's PMIx support. This
  requires that you configure and build SLURM --with-pmix.

  Versions earlier than 16.05: you must use either SLURM's PMI-1 or
  PMI-2 support. SLURM builds PMI-1 by default, or you can manually
  install PMI-2. You must then build Open MPI using --with-pmi pointing
  to the SLURM PMI library location.

Please configure as appropriate and try again.
--------------------------------------------------------------------------
--------------------------------------------------------------------------
The application appears to have been direct launched using "srun",
but OMPI was not built with SLURM's PMI support and therefore cannot
execute. There are several options for building PMI support under
SLURM, depending upon the SLURM version you are using:

  version 16.05 or later: you can use SLURM's PMIx support. This
  requires that you configure and build SLURM --with-pmix.

  Versions earlier than 16.05: you must use either SLURM's PMI-1 or
  PMI-2 support. SLURM builds PMI-1 by default, or you can manually
  install PMI-2. You must then build Open MPI using --with-pmi pointing
  to the SLURM PMI library location.

Please configure as appropriate and try again.
--------------------------------------------------------------------------
--------------------------------------------------------------------------
The application appears to have been direct launched using "srun",
but OMPI was not built with SLURM's PMI support and therefore cannot
execute. There are several options for building PMI support under
SLURM, depending upon the SLURM version you are using:

  version 16.05 or later: you can use SLURM's PMIx support. This
  requires that you configure and build SLURM --with-pmix.

  Versions earlier than 16.05: you must use either SLURM's PMI-1 or
  PMI-2 support. SLURM builds PMI-1 by default, or you can manually
  install PMI-2. You must then build Open MPI using --with-pmi pointing
  to the SLURM PMI library location.

Please configure as appropriate and try again.
--------------------------------------------------------------------------
--------------------------------------------------------------------------
The application appears to have been direct launched using "srun",
but OMPI was not built with SLURM's PMI support and therefore cannot
execute. There are several options for building PMI support under
SLURM, depending upon the SLURM version you are using:

  version 16.05 or later: you can use SLURM's PMIx support. This
  requires that you configure and build SLURM --with-pmix.

  Versions earlier than 16.05: you must use either SLURM's PMI-1 or
  PMI-2 support. SLURM builds PMI-1 by default, or you can manually
  install PMI-2. You must then build Open MPI using --with-pmi pointing
  to the SLURM PMI library location.

Please configure as appropriate and try again.
--------------------------------------------------------------------------
--------------------------------------------------------------------------
The application appears to have been direct launched using "srun",
but OMPI was not built with SLURM's PMI support and therefore cannot
execute. There are several options for building PMI support under
SLURM, depending upon the SLURM version you are using:

  version 16.05 or later: you can use SLURM's PMIx support. This
  requires that you configure and build SLURM --with-pmix.

  Versions earlier than 16.05: you must use either SLURM's PMI-1 or
  PMI-2 support. SLURM builds PMI-1 by default, or you can manually
  install PMI-2. You must then build Open MPI using --with-pmi pointing
  to the SLURM PMI library location.

Please configure as appropriate and try again.
--------------------------------------------------------------------------
--------------------------------------------------------------------------
The application appears to have been direct launched using "srun",
but OMPI was not built with SLURM's PMI support and therefore cannot
execute. There are several options for building PMI support under
SLURM, depending upon the SLURM version you are using:

  version 16.05 or later: you can use SLURM's PMIx support. This
  requires that you configure and build SLURM --with-pmix.

  Versions earlier than 16.05: you must use either SLURM's PMI-1 or
  PMI-2 support. SLURM builds PMI-1 by default, or you can manually
  install PMI-2. You must then build Open MPI using --with-pmi pointing
  to the SLURM PMI library location.

Please configure as appropriate and try again.
--------------------------------------------------------------------------
--------------------------------------------------------------------------
The application appears to have been direct launched using "srun",
but OMPI was not built with SLURM's PMI support and therefore cannot
execute. There are several options for building PMI support under
SLURM, depending upon the SLURM version you are using:

  version 16.05 or later: you can use SLURM's PMIx support. This
  requires that you configure and build SLURM --with-pmix.

  Versions earlier than 16.05: you must use either SLURM's PMI-1 or
  PMI-2 support. SLURM builds PMI-1 by default, or you can manually
  install PMI-2. You must then build Open MPI using --with-pmi pointing
  to the SLURM PMI library location.

Please configure as appropriate and try again.
--------------------------------------------------------------------------
--------------------------------------------------------------------------
The application appears to have been direct launched using "srun",
but OMPI was not built with SLURM's PMI support and therefore cannot
execute. There are several options for building PMI support under
SLURM, depending upon the SLURM version you are using:

  version 16.05 or later: you can use SLURM's PMIx support. This
  requires that you configure and build SLURM --with-pmix.

  Versions earlier than 16.05: you must use either SLURM's PMI-1 or
  PMI-2 support. SLURM builds PMI-1 by default, or you can manually
  install PMI-2. You must then build Open MPI using --with-pmi pointing
  to the SLURM PMI library location.

Please configure as appropriate and try again.
--------------------------------------------------------------------------
--------------------------------------------------------------------------
The application appears to have been direct launched using "srun",
but OMPI was not built with SLURM's PMI support and therefore cannot
execute. There are several options for building PMI support under
SLURM, depending upon the SLURM version you are using:

  version 16.05 or later: you can use SLURM's PMIx support. This
  requires that you configure and build SLURM --with-pmix.

  Versions earlier than 16.05: you must use either SLURM's PMI-1 or
  PMI-2 support. SLURM builds PMI-1 by default, or you can manually
  install PMI-2. You must then build Open MPI using --with-pmi pointing
  to the SLURM PMI library location.

Please configure as appropriate and try again.
--------------------------------------------------------------------------
--------------------------------------------------------------------------
The application appears to have been direct launched using "srun",
but OMPI was not built with SLURM's PMI support and therefore cannot
execute. There are several options for building PMI support under
SLURM, depending upon the SLURM version you are using:

  version 16.05 or later: you can use SLURM's PMIx support. This
  requires that you configure and build SLURM --with-pmix.

  Versions earlier than 16.05: you must use either SLURM's PMI-1 or
  PMI-2 support. SLURM builds PMI-1 by default, or you can manually
  install PMI-2. You must then build Open MPI using --with-pmi pointing
  to the SLURM PMI library location.

Please configure as appropriate and try again.
--------------------------------------------------------------------------
--------------------------------------------------------------------------
The application appears to have been direct launched using "srun",
but OMPI was not built with SLURM's PMI support and therefore cannot
execute. There are several options for building PMI support under
SLURM, depending upon the SLURM version you are using:

  version 16.05 or later: you can use SLURM's PMIx support. This
  requires that you configure and build SLURM --with-pmix.

  Versions earlier than 16.05: you must use either SLURM's PMI-1 or
  PMI-2 support. SLURM builds PMI-1 by default, or you can manually
  install PMI-2. You must then build Open MPI using --with-pmi pointing
  to the SLURM PMI library location.

Please configure as appropriate and try again.
--------------------------------------------------------------------------
--------------------------------------------------------------------------
The application appears to have been direct launched using "srun",
but OMPI was not built with SLURM's PMI support and therefore cannot
execute. There are several options for building PMI support under
SLURM, depending upon the SLURM version you are using:

  version 16.05 or later: you can use SLURM's PMIx support. This
  requires that you configure and build SLURM --with-pmix.

  Versions earlier than 16.05: you must use either SLURM's PMI-1 or
  PMI-2 support. SLURM builds PMI-1 by default, or you can manually
  install PMI-2. You must then build Open MPI using --with-pmi pointing
  to the SLURM PMI library location.

Please configure as appropriate and try again.
--------------------------------------------------------------------------
--------------------------------------------------------------------------
The application appears to have been direct launched using "srun",
but OMPI was not built with SLURM's PMI support and therefore cannot
execute. There are several options for building PMI support under
SLURM, depending upon the SLURM version you are using:

  version 16.05 or later: you can use SLURM's PMIx support. This
  requires that you configure and build SLURM --with-pmix.

  Versions earlier than 16.05: you must use either SLURM's PMI-1 or
  PMI-2 support. SLURM builds PMI-1 by default, or you can manually
  install PMI-2. You must then build Open MPI using --with-pmi pointing
  to the SLURM PMI library location.

Please configure as appropriate and try again.
--------------------------------------------------------------------------
--------------------------------------------------------------------------
The application appears to have been direct launched using "srun",
but OMPI was not built with SLURM's PMI support and therefore cannot
execute. There are several options for building PMI support under
SLURM, depending upon the SLURM version you are using:

  version 16.05 or later: you can use SLURM's PMIx support. This
  requires that you configure and build SLURM --with-pmix.

  Versions earlier than 16.05: you must use either SLURM's PMI-1 or
  PMI-2 support. SLURM builds PMI-1 by default, or you can manually
  install PMI-2. You must then build Open MPI using --with-pmi pointing
  to the SLURM PMI library location.

Please configure as appropriate and try again.
--------------------------------------------------------------------------
*** An error occurred in MPI_Init
*** on a NULL communicator
*** MPI_ERRORS_ARE_FATAL (processes in this communicator will now abort,
***    and potentially your MPI job)
*** An error occurred in MPI_Init
*** on a NULL communicator
*** MPI_ERRORS_ARE_FATAL (processes in this communicator will now abort,
***    and potentially your MPI job)
*** An error occurred in MPI_Init
*** on a NULL communicator
*** MPI_ERRORS_ARE_FATAL (processes in this communicator will now abort,
***    and potentially your MPI job)
*** An error occurred in MPI_Init
*** on a NULL communicator
*** MPI_ERRORS_ARE_FATAL (processes in this communicator will now abort,
***    and potentially your MPI job)
*** An error occurred in MPI_Init
*** on a NULL communicator
*** MPI_ERRORS_ARE_FATAL (processes in this communicator will now abort,
***    and potentially your MPI job)
*** An error occurred in MPI_Init
*** on a NULL communicator
*** MPI_ERRORS_ARE_FATAL (processes in this communicator will now abort,
***    and potentially your MPI job)
*** An error occurred in MPI_Init
*** on a NULL communicator
*** MPI_ERRORS_ARE_FATAL (processes in this communicator will now abort,
***    and potentially your MPI job)
*** An error occurred in MPI_Init
*** on a NULL communicator
*** MPI_ERRORS_ARE_FATAL (processes in this communicator will now abort,
***    and potentially your MPI job)
*** An error occurred in MPI_Init
*** on a NULL communicator
*** MPI_ERRORS_ARE_FATAL (processes in this communicator will now abort,
***    and potentially your MPI job)
*** An error occurred in MPI_Init
*** on a NULL communicator
*** MPI_ERRORS_ARE_FATAL (processes in this communicator will now abort,
***    and potentially your MPI job)
*** An error occurred in MPI_Init
*** on a NULL communicator
*** MPI_ERRORS_ARE_FATAL (processes in this communicator will now abort,
***    and potentially your MPI job)
*** An error occurred in MPI_Init
*** on a NULL communicator
*** MPI_ERRORS_ARE_FATAL (processes in this communicator will now abort,
***    and potentially your MPI job)
*** An error occurred in MPI_Init
*** on a NULL communicator
*** MPI_ERRORS_ARE_FATAL (processes in this communicator will now abort,
***    and potentially your MPI job)
*** An error occurred in MPI_Init
*** on a NULL communicator
*** MPI_ERRORS_ARE_FATAL (processes in this communicator will now abort,
***    and potentially your MPI job)
*** An error occurred in MPI_Init
*** on a NULL communicator
*** MPI_ERRORS_ARE_FATAL (processes in this communicator will now abort,
***    and potentially your MPI job)
*** An error occurred in MPI_Init
*** on a NULL communicator
*** MPI_ERRORS_ARE_FATAL (processes in this communicator will now abort,
***    and potentially your MPI job)
*** An error occurred in MPI_Init
*** on a NULL communicator
*** MPI_ERRORS_ARE_FATAL (processes in this communicator will now abort,
***    and potentially your MPI job)
*** An error occurred in MPI_Init
*** on a NULL communicator
*** MPI_ERRORS_ARE_FATAL (processes in this communicator will now abort,
***    and potentially your MPI job)
*** An error occurred in MPI_Init
*** on a NULL communicator
*** MPI_ERRORS_ARE_FATAL (processes in this communicator will now abort,
***    and potentially your MPI job)
*** An error occurred in MPI_Init
*** on a NULL communicator
*** MPI_ERRORS_ARE_FATAL (processes in this communicator will now abort,
***    and potentially your MPI job)
*** An error occurred in MPI_Init
*** on a NULL communicator
*** MPI_ERRORS_ARE_FATAL (processes in this communicator will now abort,
***    and potentially your MPI job)
*** An error occurred in MPI_Init
*** on a NULL communicator
*** MPI_ERRORS_ARE_FATAL (processes in this communicator will now abort,
***    and potentially your MPI job)
*** An error occurred in MPI_Init
*** on a NULL communicator
*** MPI_ERRORS_ARE_FATAL (processes in this communicator will now abort,
***    and potentially your MPI job)
*** An error occurred in MPI_Init
*** on a NULL communicator
*** MPI_ERRORS_ARE_FATAL (processes in this communicator will now abort,
***    and potentially your MPI job)
*** An error occurred in MPI_Init
*** on a NULL communicator
*** MPI_ERRORS_ARE_FATAL (processes in this communicator will now abort,
***    and potentially your MPI job)
*** An error occurred in MPI_Init
*** on a NULL communicator
*** MPI_ERRORS_ARE_FATAL (processes in this communicator will now abort,
***    and potentially your MPI job)
*** An error occurred in MPI_Init
*** on a NULL communicator
*** MPI_ERRORS_ARE_FATAL (processes in this communicator will now abort,
***    and potentially your MPI job)
*** An error occurred in MPI_Init
*** on a NULL communicator
*** MPI_ERRORS_ARE_FATAL (processes in this communicator will now abort,
***    and potentially your MPI job)
*** An error occurred in MPI_Init
*** on a NULL communicator
*** MPI_ERRORS_ARE_FATAL (processes in this communicator will now abort,
***    and potentially your MPI job)
*** An error occurred in MPI_Init
*** on a NULL communicator
*** MPI_ERRORS_ARE_FATAL (processes in this communicator will now abort,
***    and potentially your MPI job)
*** An error occurred in MPI_Init
*** on a NULL communicator
*** MPI_ERRORS_ARE_FATAL (processes in this communicator will now abort,
***    and potentially your MPI job)
[cpu-25-52:37362] Local abort before MPI_INIT completed completed successfully, but am not able to aggregate error messages, and not able to guarantee that all other processes were killed!
[cpu-25-52:37368] Local abort before MPI_INIT completed completed successfully, but am not able to aggregate error messages, and not able to guarantee that all other processes were killed!
[cpu-25-52:37378] Local abort before MPI_INIT completed completed successfully, but am not able to aggregate error messages, and not able to guarantee that all other processes were killed!
[cpu-25-52:37379] Local abort before MPI_INIT completed completed successfully, but am not able to aggregate error messages, and not able to guarantee that all other processes were killed!
[cpu-25-52:37384] Local abort before MPI_INIT completed completed successfully, but am not able to aggregate error messages, and not able to guarantee that all other processes were killed!
[cpu-25-52:37385] Local abort before MPI_INIT completed completed successfully, but am not able to aggregate error messages, and not able to guarantee that all other processes were killed!
[cpu-25-52:37387] Local abort before MPI_INIT completed completed successfully, but am not able to aggregate error messages, and not able to guarantee that all other processes were killed!
[cpu-25-52:37359] Local abort before MPI_INIT completed completed successfully, but am not able to aggregate error messages, and not able to guarantee that all other processes were killed!
[cpu-25-52:37360] Local abort before MPI_INIT completed completed successfully, but am not able to aggregate error messages, and not able to guarantee that all other processes were killed!
[cpu-25-52:37361] Local abort before MPI_INIT completed completed successfully, but am not able to aggregate error messages, and not able to guarantee that all other processes were killed!
[cpu-25-52:37363] Local abort before MPI_INIT completed completed successfully, but am not able to aggregate error messages, and not able to guarantee that all other processes were killed!
[cpu-25-52:37364] Local abort before MPI_INIT completed completed successfully, but am not able to aggregate error messages, and not able to guarantee that all other processes were killed!
[cpu-25-52:37365] Local abort before MPI_INIT completed completed successfully, but am not able to aggregate error messages, and not able to guarantee that all other processes were killed!
[cpu-25-52:37366] Local abort before MPI_INIT completed completed successfully, but am not able to aggregate error messages, and not able to guarantee that all other processes were killed!
[cpu-25-52:37367] Local abort before MPI_INIT completed completed successfully, but am not able to aggregate error messages, and not able to guarantee that all other processes were killed!
[cpu-25-52:37369] Local abort before MPI_INIT completed completed successfully, but am not able to aggregate error messages, and not able to guarantee that all other processes were killed!
[cpu-25-52:37371] Local abort before MPI_INIT completed completed successfully, but am not able to aggregate error messages, and not able to guarantee that all other processes were killed!
[cpu-25-52:37372] Local abort before MPI_INIT completed completed successfully, but am not able to aggregate error messages, and not able to guarantee that all other processes were killed!
[cpu-25-52:37373] Local abort before MPI_INIT completed completed successfully, but am not able to aggregate error messages, and not able to guarantee that all other processes were killed!
[cpu-25-52:37374] Local abort before MPI_INIT completed completed successfully, but am not able to aggregate error messages, and not able to guarantee that all other processes were killed!
[cpu-25-52:37375] Local abort before MPI_INIT completed completed successfully, but am not able to aggregate error messages, and not able to guarantee that all other processes were killed!
[cpu-25-52:37376] Local abort before MPI_INIT completed completed successfully, but am not able to aggregate error messages, and not able to guarantee that all other processes were killed!
[cpu-25-52:37377] Local abort before MPI_INIT completed completed successfully, but am not able to aggregate error messages, and not able to guarantee that all other processes were killed!
[cpu-25-52:37380] Local abort before MPI_INIT completed completed successfully, but am not able to aggregate error messages, and not able to guarantee that all other processes were killed!
[cpu-25-52:37381] Local abort before MPI_INIT completed completed successfully, but am not able to aggregate error messages, and not able to guarantee that all other processes were killed!
[cpu-25-52:37382] Local abort before MPI_INIT completed completed successfully, but am not able to aggregate error messages, and not able to guarantee that all other processes were killed!
[cpu-25-52:37383] Local abort before MPI_INIT completed completed successfully, but am not able to aggregate error messages, and not able to guarantee that all other processes were killed!
[cpu-25-52:37388] Local abort before MPI_INIT completed completed successfully, but am not able to aggregate error messages, and not able to guarantee that all other processes were killed!
[cpu-25-52:37389] Local abort before MPI_INIT completed completed successfully, but am not able to aggregate error messages, and not able to guarantee that all other processes were killed!
[cpu-25-52:37390] Local abort before MPI_INIT completed completed successfully, but am not able to aggregate error messages, and not able to guarantee that all other processes were killed!
[cpu-25-52:37370] Local abort before MPI_INIT completed completed successfully, but am not able to aggregate error messages, and not able to guarantee that all other processes were killed!
*** An error occurred in MPI_Init
*** on a NULL communicator
*** MPI_ERRORS_ARE_FATAL (processes in this communicator will now abort,
***    and potentially your MPI job)
[cpu-25-52:37386] Local abort before MPI_INIT completed completed successfully, but am not able to aggregate error messages, and not able to guarantee that all other processes were killed!
srun: error: cpu-25-52: tasks 0-31: Exited with exit code 1
