# OSU OpenSHMEM Get Message Rate (MB/s) Test
# Size                    MB/s
---------1                   0.447
---------2                   0.896
---------4                   1.792
---------8                   3.515
--------16                   3.660
--------32                   3.724
--------64                   3.733
-------128                   3.753
-------256                   3.757
-------512                   3.759
------1024                   3.760
------2048                   3.760
------4096                   3.760
------8192                   3.760
-----16384                   3.760
-----32768                   3.760
-----65536                   3.760
RevCPU[cpu0:RevCPU:0]: Building Rev with 1 cores and 1 hart(s) on each core 
RevCPU[cpu0:RevCPU:0]: Initialization of RevCPUs complete.
RevCPU[cpu1:RevCPU:0]: Building Rev with 1 cores and 1 hart(s) on each core 
RevCPU[cpu1:RevCPU:0]: Initialization of RevCPUs complete.
Simulation is complete, simulated time: 267.809 ms
