# OSU OpenSHMEM Get Test
# Size           Latency (us)
---------1                   2.022
---------2                   2.022
---------4                   2.029
---------8                   2.033
--------16                   4.078
--------32                   8.087
--------64                  16.094
-------128                  32.115
-------256                  64.157
-------512                 128.254
------1024                 256.440
------2048                 512.796
------4096                1025.512
------8192                2050.950
-----16384                4101.841
-----32768                8204.246
-----65536               16436.378
RevCPU[cpu0:RevCPU:0]: Building Rev with 1 cores and 1 hart(s) on each core 
RevCPU[cpu0:RevCPU:0]: Initialization of RevCPUs complete.
RevCPU[cpu1:RevCPU:0]: Building Rev with 1 cores and 1 hart(s) on each core 
RevCPU[cpu1:RevCPU:0]: Initialization of RevCPUs complete.
Simulation is complete, simulated time: 497.138 ms
