RevCPU[cpu0:RevCPU:0]: Building Rev with 1 cores and 1 hart(s) on each core 
RevCPU[cpu0:RevCPU:0]: Building Rev with 1 cores and 1 hart(s) on each core 
RevCPU[cpu0:RevCPU:0]: Building Rev with 1 cores and 1 hart(s) on each core 
RevCPU[cpu0:RevCPU:0]: Building Rev with 1 cores and 1 hart(s) on each core 
RevCPU[cpu0:RevCPU:0]: Building Rev with 1 cores and 1 hart(s) on each core 
RevCPU[cpu0:RevCPU:0]: Building Rev with 1 cores and 1 hart(s) on each core 
RevCPU[cpu0:RevCPU:0]: Building Rev with 1 cores and 1 hart(s) on each core 
RevCPU[cpu0:RevCPU:0]: Building Rev with 1 cores and 1 hart(s) on each core 
RevCPU[cpu0:RevCPU:0]: Initialization of RevCPUs complete.
RevCPU[cpu0:RevCPU:0]: Initialization of RevCPUs complete.
RevCPU[cpu0:RevCPU:0]: Initialization of RevCPUs complete.
RevCPU[cpu0:RevCPU:0]: Initialization of RevCPUs complete.
RevCPU[cpu0:RevCPU:0]: Initialization of RevCPUs complete.
RevCPU[cpu0:RevCPU:0]: Initialization of RevCPUs complete.
RevCPU[cpu0:RevCPU:0]: Initialization of RevCPUs complete.
RevCPU[cpu0:RevCPU:0]: Initialization of RevCPUs complete.
RevCPU[cpu1:RevCPU:0]: Building Rev with 1 cores and 1 hart(s) on each core 
RevCPU[cpu1:RevCPU:0]: Building Rev with 1 cores and 1 hart(s) on each core 
RevCPU[cpu1:RevCPU:0]: Building Rev with 1 cores and 1 hart(s) on each core 
RevCPU[cpu1:RevCPU:0]: Building Rev with 1 cores and 1 hart(s) on each core 
RevCPU[cpu1:RevCPU:0]: Building Rev with 1 cores and 1 hart(s) on each core 
RevCPU[cpu1:RevCPU:0]: Building Rev with 1 cores and 1 hart(s) on each core 
RevCPU[cpu1:RevCPU:0]: Building Rev with 1 cores and 1 hart(s) on each core 
RevCPU[cpu1:RevCPU:0]: Building Rev with 1 cores and 1 hart(s) on each core 
RevCPU[cpu1:RevCPU:0]: Initialization of RevCPUs complete.
RevCPU[cpu1:RevCPU:0]: Initialization of RevCPUs complete.
RevCPU[cpu1:RevCPU:0]: Initialization of RevCPUs complete.
RevCPU[cpu1:RevCPU:0]: Initialization of RevCPUs complete.
RevCPU[cpu1:RevCPU:0]: Initialization of RevCPUs complete.
RevCPU[cpu1:RevCPU:0]: Initialization of RevCPUs complete.
RevCPU[cpu1:RevCPU:0]: Initialization of RevCPUs complete.
RevCPU[cpu1:RevCPU:0]: Initialization of RevCPUs complete.
RevCPU[cpu2:RevCPU:0]: Building Rev with 1 cores and 1 hart(s) on each core 
RevCPU[cpu2:RevCPU:0]: Building Rev with 1 cores and 1 hart(s) on each core 
RevCPU[cpu2:RevCPU:0]: Building Rev with 1 cores and 1 hart(s) on each core 
RevCPU[cpu2:RevCPU:0]: Building Rev with 1 cores and 1 hart(s) on each core 
RevCPU[cpu2:RevCPU:0]: Building Rev with 1 cores and 1 hart(s) on each core 
RevCPU[cpu2:RevCPU:0]: Building Rev with 1 cores and 1 hart(s) on each core 
RevCPU[cpu2:RevCPU:0]: Building Rev with 1 cores and 1 hart(s) on each core 
RevCPU[cpu2:RevCPU:0]: Building Rev with 1 cores and 1 hart(s) on each core 
RevCPU[cpu2:RevCPU:0]: Initialization of RevCPUs complete.
RevCPU[cpu2:RevCPU:0]: Initialization of RevCPUs complete.
RevCPU[cpu2:RevCPU:0]: Initialization of RevCPUs complete.
RevCPU[cpu2:RevCPU:0]: Initialization of RevCPUs complete.
RevCPU[cpu2:RevCPU:0]: Initialization of RevCPUs complete.
RevCPU[cpu2:RevCPU:0]: Initialization of RevCPUs complete.
RevCPU[cpu2:RevCPU:0]: Initialization of RevCPUs complete.
RevCPU[cpu2:RevCPU:0]: Initialization of RevCPUs complete.
RevCPU[cpu3:RevCPU:0]: Building Rev with 1 cores and 1 hart(s) on each core 
RevCPU[cpu3:RevCPU:0]: Building Rev with 1 cores and 1 hart(s) on each core 
RevCPU[cpu3:RevCPU:0]: Building Rev with 1 cores and 1 hart(s) on each core 
RevCPU[cpu3:RevCPU:0]: Building Rev with 1 cores and 1 hart(s) on each core 
RevCPU[cpu3:RevCPU:0]: Building Rev with 1 cores and 1 hart(s) on each core 
RevCPU[cpu3:RevCPU:0]: Building Rev with 1 cores and 1 hart(s) on each core 
RevCPU[cpu3:RevCPU:0]: Building Rev with 1 cores and 1 hart(s) on each core 
RevCPU[cpu3:RevCPU:0]: Building Rev with 1 cores and 1 hart(s) on each core 
RevCPU[cpu3:RevCPU:0]: Initialization of RevCPUs complete.
RevCPU[cpu3:RevCPU:0]: Initialization of RevCPUs complete.
RevCPU[cpu3:RevCPU:0]: Initialization of RevCPUs complete.
RevCPU[cpu3:RevCPU:0]: Initialization of RevCPUs complete.
RevCPU[cpu3:RevCPU:0]: Initialization of RevCPUs complete.
RevCPU[cpu3:RevCPU:0]: Initialization of RevCPUs complete.
RevCPU[cpu3:RevCPU:0]: Initialization of RevCPUs complete.
RevCPU[cpu3:RevCPU:0]: Initialization of RevCPUs complete.
RevCPU[cpu4:RevCPU:0]: Building Rev with 1 cores and 1 hart(s) on each core 
RevCPU[cpu4:RevCPU:0]: Building Rev with 1 cores and 1 hart(s) on each core 
RevCPU[cpu4:RevCPU:0]: Building Rev with 1 cores and 1 hart(s) on each core 
RevCPU[cpu4:RevCPU:0]: Building Rev with 1 cores and 1 hart(s) on each core 
RevCPU[cpu4:RevCPU:0]: Building Rev with 1 cores and 1 hart(s) on each core 
RevCPU[cpu4:RevCPU:0]: Building Rev with 1 cores and 1 hart(s) on each core 
RevCPU[cpu4:RevCPU:0]: Building Rev with 1 cores and 1 hart(s) on each core 
RevCPU[cpu4:RevCPU:0]: Initialization of RevCPUs complete.
RevCPU[cpu4:RevCPU:0]: Initialization of RevCPUs complete.
RevCPU[cpu4:RevCPU:0]: Initialization of RevCPUs complete.
RevCPU[cpu4:RevCPU:0]: Initialization of RevCPUs complete.
RevCPU[cpu4:RevCPU:0]: Initialization of RevCPUs complete.
RevCPU[cpu4:RevCPU:0]: Initialization of RevCPUs complete.
RevCPU[cpu4:RevCPU:0]: Building Rev with 1 cores and 1 hart(s) on each core 
RevCPU[cpu4:RevCPU:0]: Initialization of RevCPUs complete.
RevCPU[cpu5:RevCPU:0]: Building Rev with 1 cores and 1 hart(s) on each core 
RevCPU[cpu5:RevCPU:0]: Building Rev with 1 cores and 1 hart(s) on each core 
RevCPU[cpu5:RevCPU:0]: Building Rev with 1 cores and 1 hart(s) on each core 
RevCPU[cpu5:RevCPU:0]: Building Rev with 1 cores and 1 hart(s) on each core 
RevCPU[cpu5:RevCPU:0]: Building Rev with 1 cores and 1 hart(s) on each core 
RevCPU[cpu5:RevCPU:0]: Building Rev with 1 cores and 1 hart(s) on each core 
RevCPU[cpu4:RevCPU:0]: Initialization of RevCPUs complete.
RevCPU[cpu5:RevCPU:0]: Building Rev with 1 cores and 1 hart(s) on each core 
RevCPU[cpu5:RevCPU:0]: Initialization of RevCPUs complete.
RevCPU[cpu5:RevCPU:0]: Initialization of RevCPUs complete.
RevCPU[cpu5:RevCPU:0]: Initialization of RevCPUs complete.
RevCPU[cpu5:RevCPU:0]: Initialization of RevCPUs complete.
RevCPU[cpu5:RevCPU:0]: Initialization of RevCPUs complete.
RevCPU[cpu5:RevCPU:0]: Building Rev with 1 cores and 1 hart(s) on each core 
RevCPU[cpu5:RevCPU:0]: Initialization of RevCPUs complete.
RevCPU[cpu5:RevCPU:0]: Initialization of RevCPUs complete.
RevCPU[cpu6:RevCPU:0]: Building Rev with 1 cores and 1 hart(s) on each core 
RevCPU[cpu6:RevCPU:0]: Building Rev with 1 cores and 1 hart(s) on each core 
RevCPU[cpu6:RevCPU:0]: Building Rev with 1 cores and 1 hart(s) on each core 
RevCPU[cpu6:RevCPU:0]: Building Rev with 1 cores and 1 hart(s) on each core 
RevCPU[cpu6:RevCPU:0]: Building Rev with 1 cores and 1 hart(s) on each core 
RevCPU[cpu6:RevCPU:0]: Building Rev with 1 cores and 1 hart(s) on each core 
RevCPU[cpu5:RevCPU:0]: Initialization of RevCPUs complete.
RevCPU[cpu6:RevCPU:0]: Building Rev with 1 cores and 1 hart(s) on each core 
RevCPU[cpu6:RevCPU:0]: Initialization of RevCPUs complete.
RevCPU[cpu6:RevCPU:0]: Initialization of RevCPUs complete.
RevCPU[cpu6:RevCPU:0]: Initialization of RevCPUs complete.
RevCPU[cpu6:RevCPU:0]: Initialization of RevCPUs complete.
RevCPU[cpu6:RevCPU:0]: Initialization of RevCPUs complete.
RevCPU[cpu6:RevCPU:0]: Initialization of RevCPUs complete.
RevCPU[cpu6:RevCPU:0]: Building Rev with 1 cores and 1 hart(s) on each core 
RevCPU[cpu6:RevCPU:0]: Initialization of RevCPUs complete.
RevCPU[cpu7:RevCPU:0]: Building Rev with 1 cores and 1 hart(s) on each core 
RevCPU[cpu7:RevCPU:0]: Building Rev with 1 cores and 1 hart(s) on each core 
RevCPU[cpu7:RevCPU:0]: Building Rev with 1 cores and 1 hart(s) on each core 
RevCPU[cpu7:RevCPU:0]: Building Rev with 1 cores and 1 hart(s) on each core 
RevCPU[cpu7:RevCPU:0]: Building Rev with 1 cores and 1 hart(s) on each core 
RevCPU[cpu7:RevCPU:0]: Building Rev with 1 cores and 1 hart(s) on each core 
RevCPU[cpu6:RevCPU:0]: Initialization of RevCPUs complete.
RevCPU[cpu7:RevCPU:0]: Building Rev with 1 cores and 1 hart(s) on each core 
RevCPU[cpu7:RevCPU:0]: Initialization of RevCPUs complete.
RevCPU[cpu7:RevCPU:0]: Initialization of RevCPUs complete.
RevCPU[cpu7:RevCPU:0]: Initialization of RevCPUs complete.
RevCPU[cpu7:RevCPU:0]: Initialization of RevCPUs complete.
RevCPU[cpu7:RevCPU:0]: Initialization of RevCPUs complete.
RevCPU[cpu7:RevCPU:0]: Initialization of RevCPUs complete.
RevCPU[cpu7:RevCPU:0]: Building Rev with 1 cores and 1 hart(s) on each core 
RevCPU[cpu7:RevCPU:0]: Initialization of RevCPUs complete.
RevCPU[cpu7:RevCPU:0]: Initialization of RevCPUs complete.
XBGAS RAND_ADD TEST. PEs = 8
XBGAS RAND_ADD TEST. PEs = 8
XBGAS RAND_ADD TEST. PEs = 8
XBGAS RAND_ADD TEST. PEs = 8
XBGAS RAND_ADD TEST. PEs = 8
XBGAS RAND_ADD TEST. PEs = 8
XBGAS RAND_ADD TEST. PEs = 8
XBGAS RAND_ADD TEST. PEs = 8
Initializing xBGAS data members
Initializing xBGAS data members
Initializing xBGAS data members
Initializing xBGAS data members
Initializing xBGAS data members
Initializing xBGAS data members
Initializing xBGAS data members
Initializing xBGAS data members
Done initializing XBGAS data members
Done initializing XBGAS data members
Done initializing XBGAS data members
Done initializing XBGAS data members
Done initializing XBGAS data members
Done initializing XBGAS data members
Done initializing XBGAS data members
Done initializing XBGAS data members
XBGAS Atomic RAND ADD Test: Complete!
Total iterations: 8000
XBGAS Atomic RAND ADD Test: Complete!
Time: 0.004280326 seconds
Total iterations: 8000
XBGAS Atomic RAND ADD Test: Complete!
KAMS: 1869.016519 Kilo AMOs/second
Time: 0.004280326 seconds
Total iterations: 8000
KAMS: 1869.016519 Kilo AMOs/second
Time: 0.004280326 seconds
KAMS: 1869.016519 Kilo AMOs/second
XBGAS Atomic RAND ADD Test: Complete!
Total iterations: 8000
XBGAS Atomic RAND ADD Test: Complete!
Time: 0.004280326 seconds
Total iterations: 8000
XBGAS Atomic RAND ADD Test: Complete!
KAMS: 1869.016519 Kilo AMOs/second
Total iterations: 8000
Time: 0.004280326 seconds
Time: 0.004280326 seconds
KAMS: 1869.016519 Kilo AMOs/second
KAMS: 1869.016519 Kilo AMOs/second
XBGAS Atomic RAND ADD Test: Complete!
Total iterations: 8000
Time: 0.004280326 seconds
XBGAS Atomic RAND ADD Test: Complete!
KAMS: 1869.016519 Kilo AMOs/second
Total iterations: 8000
Time: 0.004280326 seconds
KAMS: 1869.016519 Kilo AMOs/second
Simulation is complete, simulated time: 7.01648 ms
Simulation is complete, simulated time: 7.01648 ms
Simulation is complete, simulated time: 7.01648 ms
Simulation is complete, simulated time: 7.01648 ms
Simulation is complete, simulated time: 7.01648 ms
Simulation is complete, simulated time: 7.01648 ms
Simulation is complete, simulated time: 7.01648 ms
Simulation is complete, simulated time: 7.01648 ms
