# OSU OpenSHMEM Get_nb Test
# Size           Latency (us)
---------1                   2.030
---------2                   2.025
---------4                   2.028
---------8                   2.033
--------16                   2.047
--------32                   2.065
--------64                   2.115
-------128                   2.179
-------256                   2.307
-------512                   2.563
------1024                   3.077
------2048                   4.105
------4096                   6.159
------8192                  10.318
-----16384                  18.567
-----32768                  35.588
-----65536                  85.230
RevCPU[cpu0:RevCPU:0]: Building Rev with 1 cores and 1 hart(s) on each core 
RevCPU[cpu0:RevCPU:0]: Initialization of RevCPUs complete.
RevCPU[cpu1:RevCPU:0]: Building Rev with 1 cores and 1 hart(s) on each core 
RevCPU[cpu1:RevCPU:0]: Initialization of RevCPUs complete.
Simulation is complete, simulated time: 7.16392 ms
