# OSU OpenSHMEM Put_nb Message Rate (MB/s) Test
# Size                    MB/s
---------1                   0.669
---------2                   1.435
---------4                   2.870
---------8                   5.757
--------16                  11.503
--------32                  22.617
--------64                  44.991
-------128                  86.587
-------256                 162.274
-------512                 284.596
------1024                 417.816
------2048                 545.413
------4096                 643.693
------8192                 707.308
-----16384                 744.200
-----32768                 763.827
-----65536                 774.293
RevCPU[cpu0:RevCPU:0]: Building Rev with 1 cores and 1 hart(s) on each core 
RevCPU[cpu0:RevCPU:0]: Initialization of RevCPUs complete.
RevCPU[cpu1:RevCPU:0]: Building Rev with 1 cores and 1 hart(s) on each core 
RevCPU[cpu1:RevCPU:0]: Initialization of RevCPUs complete.
Simulation is complete, simulated time: 4.04545 ms
