# OSU OpenSHMEM Get_nb Message Rate (MB/s) Test
# Size                    MB/s
---------1                   0.671
---------2                   1.435
---------4                   2.873
---------8                   5.776
--------16                  11.569
--------32                  22.860
--------64                  45.974
-------128                  91.727
-------256                 174.823
-------512                 293.986
------1024                 428.279
------2048                 554.125
------4096                 649.602
------8192                 711.165
-----16384                 746.322
-----32768                 763.059
-----65536                 774.118
RevCPU[cpu0:RevCPU:0]: Building Rev with 1 cores and 1 hart(s) on each core 
RevCPU[cpu0:RevCPU:0]: Initialization of RevCPUs complete.
RevCPU[cpu1:RevCPU:0]: Building Rev with 1 cores and 1 hart(s) on each core 
RevCPU[cpu1:RevCPU:0]: Initialization of RevCPUs complete.
Simulation is complete, simulated time: 4.05594 ms
