# OSU OpenSHMEM Get Test
# Size           Latency (us)
---------1                   1.225
---------2                   1.218
---------4                   1.218
---------8                   1.219
--------16                   1.218
--------32                   1.218
--------64                   1.218
-------128                   1.219
-------256                   1.219
-------512                   1.469
------124                   1.957
------2048                  2.984
------4096                   5.039
------8192                   9.147
-----16384                  17.396
-----32768                  34.364
-----65536                  84.007
RevCPU[cpu0:RevCPU:0]: Building Rev with 1 cores and 1 hart(s) on each core 
RevCPU[cpu0:RevCPU:0]: Initialization of RevCPUs complete.
RevCPU[cpu1:RevCPU:0]: Building Rev with 1 cores and 1 hart(s) on each core 
RevCPU[cpu1:RevCPU:0]: Initialization of RevCPUs complete.
Simulation is complete, simulated time: 6.87547 ms
