# OSU OpenSHMEM Put Test
# Size           Latency (us)
---------1                   1.317
---------2                   1.311
---------4                   1.312
---------8                   1.315
--------16                   1.319
--------32                   1.326
--------64                   1.343
-------128                   1.375
-------256                   1.439
-------512                   1.566
------1024                   2.010
------2048                   3.037
------4096                   5.092
------8192                   9.200
-----16384                  17.492
-----32768                  34.728
-----65536                  83.962
RevCPU[cpu0:RevCPU:0]: Building Rev with 1 cores and 1 hart(s) on each core 
RevCPU[cpu0:RevCPU:0]: Initialization of RevCPUs complete.
RevCPU[cpu1:RevCPU:0]: Building Rev with 1 cores and 1 hart(s) on each core 
RevCPU[cpu1:RevCPU:0]: Initialization of RevCPUs complete.
Simulation is complete, simulated time: 6.92154 ms
