# OSU OpenSHMEM Put Message Rate (MB/s) Test
# Size                    MB/s
---------1                   0.737
---------2                   1.524
---------4                   3.048
---------8                   6.133
--------16                  12.229
--------32                  24.050
--------64                  48.010
-------128                  91.955
-------256                 171.700
-------512                 299.174
------1024                 433.027
------2048                 558.419
------4096                 652.630
------8192                 712.709
-----16384                 747.164
-----32768                 765.179
-----65536                 775.042
RevCPU[cpu0:RevCPU:0]: Building Rev with 1 cores and 1 hart(s) on each core 
RevCPU[cpu0:RevCPU:0]: Initialization of RevCPUs complete.
RevCPU[cpu1:RevCPU:0]: Building Rev with 1 cores and 1 hart(s) on each core 
RevCPU[cpu1:RevCPU:0]: Initialization of RevCPUs complete.
Simulation is complete, simulated time: 4.03319 ms
