# OSU OpenSHMEM Get Message Rate (MB/s) Test
# Size                    MB/s
---------1                   0.709
---------2                   1.520
---------4                   3.050
---------8                   6.153
--------16                  12.310
--------32                  24.356
--------64                  49.226
-------128                  98.468
-------256                 188.395
-------512                 317.148
------1024                 460.556
------2048                 594.034
------4096                 694.852
------8192                 759.668
-----16384                 796.625
-----32768                 813.925
-----65536                 825.680
RevCPU[cpu0:RevCPU:0]: Building Rev with 1 cores and 1 hart(s) on each core 
RevCPU[cpu0:RevCPU:0]: Initialization of RevCPUs complete.
RevCPU[cpu1:RevCPU:0]: Building Rev with 1 cores and 1 hart(s) on each core 
RevCPU[cpu1:RevCPU:0]: Initialization of RevCPUs complete.
Simulation is complete, simulated time: 4.03996 ms
