PTMALLOC: USAGE ERROR DETECTED: m=0x7fa8dfdb4b00 ptr=0xff0000f0
PTMALLOC: USAGE ERROR DETECTED: m=0x7fa8dfdb4b00 ptr=0xff4000f0
# OSU OpenSHMEM Put Test
# Size           Latency (us)
1                       56.955
2                       56.890
4                       57.105
8                       57.105
16                      57.840
32                      57.110
64                      57.365
128                     57.285
256                     56.645
512                     55.510
1024                    56.100
2048                    59.870
4096                    62.270
8192                    66.980
16384                   75.060
32768                   91.310
65536                  142.130
PTMALLOC: USAGE ERROR DETECTED: m=0x7f755c28bb00 ptr=0xff0000f0
PTMALLOC: USAGE ERROR DETECTED: m=0x7f755c28bb00 ptr=0xff4000f0
