# OSU OpenSHMEM Get Test
# Size           Latency (us)
1                       43.375
2                       43.095
4                       42.995
8                       42.855
16                      43.025
32                      43.825
64                      43.830
128                     43.350
256                     43.290
512                     43.530
1024                    43.440
2048                    47.925
4096                    50.280
8192                    75.595
16384                  107.660
32768                  120.290
65536                  151.830
PTMALLOC: USAGE ERROR DETECTED: m=0x7f4f27039b00 ptr=0xff0000f0
PTMALLOC: USAGE ERROR DETECTED: m=0x7f4f27039b00 ptr=0xff4000f0
PTMALLOC: USAGE ERROR DETECTED: m=0x7f54879acb00 ptr=0xff0000f0
PTMALLOC: USAGE ERROR DETECTED: m=0x7f54879acb00 ptr=0xff4000f0
