# OSU OpenSHMEM Put Test
# Size           Latency (us)
1                       79.035
2                       56.960
4                       56.495
8                       56.615
16                      57.065
32                      56.715
64                      57.455
128                     57.585
256                     58.430
512                     58.170
1024                    57.835
2048                    60.730
4096                    64.365
8192                    80.060
16384                   76.350
32768                   93.170
65536                  142.010
PTMALLOC: USAGE ERROR DETECTED: m=0x7fd73508fb00 ptr=0xff0000f0
PTMALLOC: USAGE ERROR DETECTED: m=0x7fd73508fb00 ptr=0xff0100f0
PTMALLOC: USAGE ERROR DETECTED: m=0x7f1abe985b00 ptr=0xff0000f0
PTMALLOC: USAGE ERROR DETECTED: m=0x7f1abe985b00 ptr=0xff0100f0
