# OSU OpenSHMEM Get Test
# Size           Latency (us)
1                       43.985
2                       43.450
4                       43.645
8                       43.310
16                      43.265
32                      43.615
64                      43.775
128                     43.550
256                     42.410
512                     41.915
1024                    42.025
2048                    53.790
4096                    50.005
8192                    75.920
16384                   90.100
32768                  116.620
65536                  174.940
PTMALLOC: USAGE ERROR DETECTED: m=0x7f54499e0b00 ptr=0xff0000f0
PTMALLOC: USAGE ERROR DETECTED: m=0x7f54499e0b00 ptr=0xff0100f0
PTMALLOC: USAGE ERROR DETECTED: m=0x7fc9067b9b00 ptr=0xff0000f0
PTMALLOC: USAGE ERROR DETECTED: m=0x7fc9067b9b00 ptr=0xff0100f0
