PTMALLOC: USAGE ERROR DETECTED: m=0x7f2605989b00 ptr=0xff0000f0
PTMALLOC: USAGE ERROR DETECTED: m=0x7f2605989b00 ptr=0xff0100f0
# OSU OpenSHMEM Put_nb Test
# Size           Latency (us)
1                      127.875
2                      121.645
4                      111.025
8                       91.690
16                     118.985
32                     116.625
64                     102.970
128                    105.205
256                    103.530
512                    101.625
1024                   114.700
2048                    92.605
4096                   128.495
8192                   118.085
16384                  129.780
32768                  142.270
65536                  191.480
PTMALLOC: USAGE ERROR DETECTED: m=0x7f8909c76b00 ptr=0xff0000f0
PTMALLOC: USAGE ERROR DETECTED: m=0x7f8909c76b00 ptr=0xff0100f0
