PTMALLOC: USAGE ERROR DETECTED: m=0x7f0ff8a66b00 ptr=0xff0000f0
PTMALLOC: USAGE ERROR DETECTED: m=0x7f0ff8a66b00 ptr=0xff0100f0
# OSU OpenSHMEM Get_nb Test
# Size           Latency (us)
1                      100.475
2                       89.025
4                       88.660
8                       90.565
16                      84.645
32                      89.000
64                      88.970
128                     87.490
256                     87.765
512                     86.715
1024                    89.365
2048                    91.560
4096                    91.465
8192                   100.575
16384                   97.920
32768                  120.710
65536                  150.100
PTMALLOC: USAGE ERROR DETECTED: m=0x7f3b1093cb00 ptr=0xff0000f0
PTMALLOC: USAGE ERROR DETECTED: m=0x7f3b1093cb00 ptr=0xff0100f0
