XBGAS STRIDEN_CAS TEST. PEs = 8
Initializing xBGAS data members
Done initializing XBGAS data members
XBGAS Atomic STRIDEN CAS Test: Complete!
Total iterations: 8000
Time: 0.003406729 seconds
KAMS: 2348.293627 Kilo AMOs/second
RevCPU[cpu2:RevCPU:0]: Building Rev with 1 cores and 1 hart(s) on each core 
RevCPU[cpu2:RevCPU:0]: Initialization of RevCPUs complete.
RevCPU[cpu4:RevCPU:0]: Building Rev with 1 cores and 1 hart(s) on each core 
RevCPU[cpu4:RevCPU:0]: Initialization of RevCPUs complete.
RevCPU[cpu5:RevCPU:0]: Building Rev with 1 cores and 1 hart(s) on each core 
RevCPU[cpu5:RevCPU:0]: Initialization of RevCPUs complete.
RevCPU[cpu7:RevCPU:0]: Building Rev with 1 cores and 1 hart(s) on each core 
RevCPU[cpu7:RevCPU:0]: Initialization of RevCPUs complete.
RevCPU[cpu1:RevCPU:0]: Building Rev with 1 cores and 1 hart(s) on each core 
RevCPU[cpu1:RevCPU:0]: Initialization of RevCPUs complete.
RevCPU[cpu3:RevCPU:0]: Building Rev with 1 cores and 1 hart(s) on each core 
RevCPU[cpu3:RevCPU:0]: Initialization of RevCPUs complete.
RevCPU[cpu6:RevCPU:0]: Building Rev with 1 cores and 1 hart(s) on each core 
RevCPU[cpu6:RevCPU:0]: Initialization of RevCPUs complete.
RevCPU[cpu0:RevCPU:0]: Building Rev with 1 cores and 1 hart(s) on each core 
RevCPU[cpu0:RevCPU:0]: Initialization of RevCPUs complete.
Simulation is complete, simulated time: 5.62281 ms
