# OSU OpenSHMEM Put_nb Test
# Size           Latency (us)
---------1                   1.329
---------2                   1.326
---------4                   1.327
---------8                   1.334
--------16                   1.342
--------32                   1.354
--------64                   1.387
-------128                   1.419
-------256                   1.484
-------512                   1.612
------1024                   1.869
------2048                   2.639
------4096                   4.693
------8192                   8.803
-----16384                  17.093
-----32768                  34.262
-----65536                  83.559
RevCPU[cpu0:RevCPU:0]: Building Rev with 1 cores and 1 hart(s) on each core 
RevCPU[cpu0:RevCPU:0]: Initialization of RevCPUs complete.
RevCPU[cpu1:RevCPU:0]: Building Rev with 1 cores and 1 hart(s) on each core 
RevCPU[cpu1:RevCPU:0]: Initialization of RevCPUs complete.
Simulation is complete, simulated time: 6.88655 ms
