# OSU OpenSHMEM Get Message Rate (MB/s) Test
# Size                    MB/s
---------1                   1.013
---------2                   2.237
---------4                   4.501
---------8                   9.112
--------16                  18.217
--------32                  35.890
--------64                  72.904
-------128                 145.808
-------256                 272.874
-------512                 429.636
------1024                 567.208
------2048                 676.290
------4096                 748.252
------8192                 790.435
-----16384                 813.294
-----32768                 822.522
-----65536                 829.912
RevCPU[cpu0:RevCPU:0]: Building Rev with 1 cores and 1 hart(s) on each core 
RevCPU[cpu0:RevCPU:0]: Initialization of RevCPUs complete.
RevCPU[cpu1:RevCPU:0]: Building Rev with 1 cores and 1 hart(s) on each core 
RevCPU[cpu1:RevCPU:0]: Initialization of RevCPUs complete.
Simulation is complete, simulated time: 3.94351 ms
