# OSU OpenSHMEM Get_nb Test
# Size           Latency (us)
---------1                   1.228
---------2                   1.224
---------4                   1.224
---------8                   1.231
--------16                   1.243
--------32                   1.263
--------64                   1.312
-------128                   1.377
-------256                   1.505
-------512                   1.762
------1024                   2.274
------2048                   3.302
------4096                   5.356
------8192                   9.517
-----16384                  17.766
-----32768                  34.787
-----65536                  84.427
RevCPU[cpu0:RevCPU:0]: Building Rev with 1 cores and 1 hart(s) on each core 
RevCPU[cpu0:RevCPU:0]: Initialization of RevCPUs complete.
RevCPU[cpu1:RevCPU:0]: Building Rev with 1 cores and 1 hart(s) on each core 
RevCPU[cpu1:RevCPU:0]: Initialization of RevCPUs complete.
Simulation is complete, simulated time: 6.95897 ms
