# OSU OpenSHMEM Put Message Rate (MB/s) Test
# Size                    MB/s
---------1                   1.068
---------2                   2.244
---------4                   4.492
---------8                   9.057
--------16                  17.998
--------32                  35.227
--------64                  70.147
-------128                 131.897
-------256                 239.471
-------512                 396.171
------1024                 526.591
------2048                 630.691
------4096                 699.481
------8192                 739.729
-----16384                 761.749
-----32768                 772.790
-----65536                 778.884
RevCPU[cpu0:RevCPU:0]: Building Rev with 1 cores and 1 hart(s) on each core 
RevCPU[cpu0:RevCPU:0]: Initialization of RevCPUs complete.
RevCPU[cpu1:RevCPU:0]: Building Rev with 1 cores and 1 hart(s) on each core 
RevCPU[cpu1:RevCPU:0]: Initialization of RevCPUs complete.
Simulation is complete, simulated time: 3.93987 ms
