# OSU OpenSHMEM Get_nb Message Rate (MB/s) Test
# Size                    MB/s
---------1                   0.974
---------2                   2.151
---------4                   4.306
---------8                   8.689
--------16                  17.413
--------32                  34.228
--------64                  68.974
-------128                 137.498
-------256                 255.377
-------512                 401.019
------1024                 530.625
------2048                 633.556
------4096                 701.062
------8192                 740.830
-----16384                 762.355
-----32768                 771.346
-----65536                 778.181
RevCPU[cpu0:RevCPU:0]: Building Rev with 1 cores and 1 hart(s) on each core 
RevCPU[cpu0:RevCPU:0]: Initialization of RevCPUs complete.
RevCPU[cpu1:RevCPU:0]: Building Rev with 1 cores and 1 hart(s) on each core 
RevCPU[cpu1:RevCPU:0]: Initialization of RevCPUs complete.
Simulation is complete, simulated time: 3.95575 ms
