# OSU OpenSHMEM Put_nb Message Rate (MB/s) Test
# Size                    MB/s
---------1                   0.970
---------2                   2.149
---------4                   4.299
---------8                   8.633
--------16                  17.240
--------32                  33.650
--------64                  66.669
-------128                 126.236
-------256                 229.801
-------512                 382.756
------1024                 514.603
------2048                 621.895
------4096                 694.099
------8192                 736.716
-----16384                 760.145
-----32768                 772.019
-----65536                 778.539
RevCPU[cpu1:RevCPU:0]: Building Rev with 1 cores and 1 hart(s) on each core 
RevCPU[cpu1:RevCPU:0]: Initialization of RevCPUs complete.
RevCPU[cpu0:RevCPU:0]: Building Rev with 1 cores and 1 hart(s) on each core 
RevCPU[cpu0:RevCPU:0]: Initialization of RevCPUs complete.
Simulation is complete, simulated time: 3.94689 ms
