# OSU OpenSHMEM Get Test
# Size           Latency (us)
---------1                   0.822
---------2                   0.815
---------4                   0.815
---------8                   0.815
--------16                   0.815
--------32                   0.815
--------64                   0.815
-------128                   0.815
-------256                   0.819
-------512                   1.069
------1024                   1.557
------2048                   2.584
------4096                   4.638
------8192                   8.747
-----16384                  16.995
-----32768                  33.974
-----65536                  83.623
RevCPU[cpu0:RevCPU:0]: Building Rev with 1 cores and 1 hart(s) on each core 
RevCPU[cpu0:RevCPU:0]: Initialization of RevCPUs complete.
RevCPU[cpu1:RevCPU:0]: Building Rev with 1 cores and 1 hart(s) on each core 
RevCPU[cpu1:RevCPU:0]: Initialization of RevCPUs complete.
Simulation is complete, simulated time: 6.77258 ms
