# OSU OpenSHMEM Get_nb Test
# Size           Latency (us)
---------1                   2.030
---------2                   2.024
---------4                   2.027
---------8                   2.032
--------16                   2.046
--------32                   2.064
--------64                   2.114
-------128                   2.179
-------256                   2.307
-------512                   2.563
------1024                   3.077
------2048                   4.105
------4096                   6.159
------8192                  10.318
-----16384                  18.564
-----32768                  35.589
-----65536                  85.228
RevCPU[cpu0:RevCPU:0]: Building Rev with 1 cores and 1 hart(s) on each core 
RevCPU[cpu0:RevCPU:0]: Initialization of RevCPUs complete.
RevCPU[cpu1:RevCPU:0]: Building Rev with 1 cores and 1 hart(s) on each core 
RevCPU[cpu1:RevCPU:0]: Initialization of RevCPUs complete.
Simulation is complete, simulated time: 7.1638 ms
