# OSU OpenSHMEM Put_nb Message Rate (MB/s) Test
# Size                    MB/s
---------1                   0.669
---------2                   1.435
---------4                   2.870
---------8                   5.764
--------16                  11.509
--------32                  22.637
--------64                  45.018
-------128                  86.562
-------256                 162.328
-------512                 284.679
------1024                 417.888
------2048                 545.459
------4096                 643.693
------8192                 707.346
-----16384                 744.204
-----32768                 763.682
-----65536                 774.314
RevCPU[cpu1:RevCPU:0]: Building Rev with 1 cores and 1 hart(s) on each core 
RevCPU[cpu1:RevCPU:0]: Initialization of RevCPUs complete.
RevCPU[cpu0:RevCPU:0]: Building Rev with 1 cores and 1 hart(s) on each core 
RevCPU[cpu0:RevCPU:0]: Initialization of RevCPUs complete.
Simulation is complete, simulated time: 4.04536 ms
