# OSU OpenSHMEM Get Test
# Size           Latency (us)
---------1                   1.224
---------2                   1.217
---------4                   1.217
---------8                   1.218
--------16                   1.217
--------32                   1.217
--------64                   1.218
-------128                   1.217
-------256                   1.219
-------512                   1.469
------1024                   1.957
------2048                   2.984
------4096                   5.039
------8192                   9.147
-----16384                  17.397
-----32768                  34.381
-----65536                  84.022
RevCPU[cpu0:RevCPU:0]: Building Rev with 1 cores and 1 hart(s) on each core 
RevCPU[cpu0:RevCPU:0]: Initialization of RevCPUs complete.
RevCPU[cpu1:RevCPU:0]: Building Rev with 1 cores and 1 hart(s) on each core 
RevCPU[cpu1:RevCPU:0]: Initialization of RevCPUs complete.
Simulation is complete, simulated time: 6.87568 ms
