# OSU OpenSHMEM Put Test
# Size           Latency (us)
---------1                   1.316
---------2                   1.311
---------4                   1.313
---------8                   1.314
--------16                   1.318
--------32                   1.326
--------64                   1.341
-------128                   1.373
-------256                   1.438
-------512                   1.566
------1024                   2.010
------2048                   3.037
------4096                   5.091
------8192                   9.200
-----16384                  17.491
-----32768                  34.726
-----65536                  83.961
RevCPU[cpu0:RevCPU:0]: Building Rev with 1 cores and 1 hart(s) on each core 
RevCPU[cpu0:RevCPU:0]: Initialization of RevCPUs complete.
RevCPU[cpu1:RevCPU:0]: Building Rev with 1 cores and 1 hart(s) on each core 
RevCPU[cpu1:RevCPU:0]: Initialization of RevCPUs complete.
Simulation is complete, simulated time: 6.92142 ms
