# OSU OpenSHMEM Get Message Rate (MB/s) Test
# Size                    MB/s
---------1                   0.710
---------2                   1.521
---------4                   3.054
---------8                   6.156
--------16                  12.321
--------32                  24.352
--------64                  49.297
-------128                  98.563
-------256                 188.467
-------512                 317.189
------1024                 460.100
------2048                 594.088
------4096                 694.914
------8192                 759.491
-----16384                 796.702
-----32768                 813.938
-----65536                 825.555
RevCPU[cpu0:RevCPU:0]: Building Rev with 1 cores and 1 hart(s) on each core 
RevCPU[cpu0:RevCPU:0]: Initialization of RevCPUs complete.
RevCPU[cpu1:RevCPU:0]: Building Rev with 1 cores and 1 hart(s) on each core 
RevCPU[cpu1:RevCPU:0]: Initialization of RevCPUs complete.
Simulation is complete, simulated time: 4.03985 ms
