# OSU OpenSHMEM Put Message Rate (MB/s) Test
# Size                    MB/s
---------1                   0.736
---------2                   1.523
---------4                   3.048
---------8                   6.135
--------16                  12.237
--------32                  24.066
--------64                  48.010
-------128                  91.927
-------256                 171.773
-------512                 299.174
------1024                 433.315
------2048                 558.355
------4096                 652.543
------8192                 712.709
-----16384                 747.161
-----32768                 765.151
-----65536                 775.097
RevCPU[cpu1:RevCPU:0]: Building Rev with 1 cores and 1 hart(s) on each core 
RevCPU[cpu1:RevCPU:0]: Initialization of RevCPUs complete.
RevCPU[cpu0:RevCPU:0]: Building Rev with 1 cores and 1 hart(s) on each core 
RevCPU[cpu0:RevCPU:0]: Initialization of RevCPUs complete.
Simulation is complete, simulated time: 4.03317 ms
