# OSU OpenSHMEM Put_nb Test
# Size           Latency (us)
---------1                   2.130
---------2                   2.126
---------4                   2.128
---------8                   2.134
--------16                   2.143
--------32                   2.154
--------64                   2.188
-------128                   2.219
-------256                   2.284
-------512                   2.412
------1024                   2.668
------2048                   3.183
------4096                   5.095
------8192                   9.204
-----16384                  17.494
-----32768                  34.663
-----65536                  83.959
RevCPU[cpu0:RevCPU:0]: Building Rev with 1 cores and 1 hart(s) on each core 
RevCPU[cpu0:RevCPU:0]: Initialization of RevCPUs complete.
RevCPU[cpu1:RevCPU:0]: Building Rev with 1 cores and 1 hart(s) on each core 
RevCPU[cpu1:RevCPU:0]: Initialization of RevCPUs complete.
Simulation is complete, simulated time: 7.05946 ms
