# OSU OpenSHMEM Get_nb Message Rate (MB/s) Test
# Size                    MB/s
---------1                   0.671
---------2                   1.438
---------4                   2.876
---------8                   5.785
--------16                  11.577
--------32                  22.877
--------64                  46.019
-------128                  91.817
-------256                 174.798
-------512                 294.128
------1024                 428.561
------2048                 553.952
------4096                 649.472
------8192                 710.990
-----16384                 746.226
-----32768                 763.061
-----65536                 773.952
RevCPU[cpu0:RevCPU:0]: Building Rev with 1 cores and 1 hart(s) on each core 
RevCPU[cpu0:RevCPU:0]: Initialization of RevCPUs complete.
RevCPU[cpu1:RevCPU:0]: Building Rev with 1 cores and 1 hart(s) on each core 
RevCPU[cpu1:RevCPU:0]: Initialization of RevCPUs complete.
Simulation is complete, simulated time: 4.05598 ms
