RevCPU[cpu0:RevCPU:0]: Building Rev with 1 cores and 1 hart(s) on each core 
RevCPU[cpu0:RevCPU:0]: Initialization of RevCPUs complete.
RevCPU[cpu1:RevCPU:0]: Building Rev with 1 cores and 1 hart(s) on each core 
RevCPU[cpu1:RevCPU:0]: Initialization of RevCPUs complete.
RevCPU[cpu2:RevCPU:0]: Building Rev with 1 cores and 1 hart(s) on each core 
RevCPU[cpu2:RevCPU:0]: Initialization of RevCPUs complete.
RevCPU[cpu3:RevCPU:0]: Building Rev with 1 cores and 1 hart(s) on each core 
RevCPU[cpu0:RevCPU:0]: Building Rev with 1 cores and 1 hart(s) on each core 
RevCPU[cpu3:RevCPU:0]: Initialization of RevCPUs complete.
RevCPU[cpu4:RevCPU:0]: Building Rev with 1 cores and 1 hart(s) on each core 
RevCPU[cpu0:RevCPU:0]: Initialization of RevCPUs complete.
RevCPU[cpu1:RevCPU:0]: Building Rev with 1 cores and 1 hart(s) on each core 
RevCPU[cpu4:RevCPU:0]: Initialization of RevCPUs complete.
RevCPU[cpu5:RevCPU:0]: Building Rev with 1 cores and 1 hart(s) on each core 
RevCPU[cpu1:RevCPU:0]: Initialization of RevCPUs complete.
RevCPU[cpu2:RevCPU:0]: Building Rev with 1 cores and 1 hart(s) on each core 
RevCPU[cpu5:RevCPU:0]: Initialization of RevCPUs complete.
RevCPU[cpu6:RevCPU:0]: Building Rev with 1 cores and 1 hart(s) on each core 
RevCPU[cpu2:RevCPU:0]: Initialization of RevCPUs complete.
RevCPU[cpu3:RevCPU:0]: Building Rev with 1 cores and 1 hart(s) on each core 
RevCPU[cpu6:RevCPU:0]: Initialization of RevCPUs complete.
RevCPU[cpu0:RevCPU:0]: Building Rev with 1 cores and 1 hart(s) on each core 
RevCPU[cpu3:RevCPU:0]: Initialization of RevCPUs complete.
RevCPU[cpu7:RevCPU:0]: Building Rev with 1 cores and 1 hart(s) on each core 
RevCPU[cpu4:RevCPU:0]: Building Rev with 1 cores and 1 hart(s) on each core 
RevCPU[cpu0:RevCPU:0]: Initialization of RevCPUs complete.
RevCPU[cpu7:RevCPU:0]: Initialization of RevCPUs complete.
RevCPU[cpu1:RevCPU:0]: Building Rev with 1 cores and 1 hart(s) on each core 
RevCPU[cpu4:RevCPU:0]: Initialization of RevCPUs complete.
RevCPU[cpu5:RevCPU:0]: Building Rev with 1 cores and 1 hart(s) on each core 
RevCPU[cpu1:RevCPU:0]: Initialization of RevCPUs complete.
RevCPU[cpu2:RevCPU:0]: Building Rev with 1 cores and 1 hart(s) on each core 
RevCPU[cpu5:RevCPU:0]: Initialization of RevCPUs complete.
RevCPU[cpu6:RevCPU:0]: Building Rev with 1 cores and 1 hart(s) on each core 
RevCPU[cpu2:RevCPU:0]: Initialization of RevCPUs complete.
RevCPU[cpu6:RevCPU:0]: Initialization of RevCPUs complete.
RevCPU[cpu3:RevCPU:0]: Building Rev with 1 cores and 1 hart(s) on each core 
RevCPU[cpu7:RevCPU:0]: Building Rev with 1 cores and 1 hart(s) on each core 
RevCPU[cpu3:RevCPU:0]: Initialization of RevCPUs complete.
RevCPU[cpu7:RevCPU:0]: Initialization of RevCPUs complete.
RevCPU[cpu4:RevCPU:0]: Building Rev with 1 cores and 1 hart(s) on each core 
RevCPU[cpu4:RevCPU:0]: Initialization of RevCPUs complete.
RevCPU[cpu5:RevCPU:0]: Building Rev with 1 cores and 1 hart(s) on each core 
RevCPU[cpu0:RevCPU:0]: Building Rev with 1 cores and 1 hart(s) on each core 
RevCPU[cpu5:RevCPU:0]: Initialization of RevCPUs complete.
RevCPU[cpu0:RevCPU:0]: Initialization of RevCPUs complete.
RevCPU[cpu6:RevCPU:0]: Building Rev with 1 cores and 1 hart(s) on each core 
RevCPU[cpu1:RevCPU:0]: Building Rev with 1 cores and 1 hart(s) on each core 
RevCPU[cpu0:RevCPU:0]: Building Rev with 1 cores and 1 hart(s) on each core 
RevCPU[cpu6:RevCPU:0]: Initialization of RevCPUs complete.
RevCPU[cpu1:RevCPU:0]: Initialization of RevCPUs complete.
RevCPU[cpu7:RevCPU:0]: Building Rev with 1 cores and 1 hart(s) on each core 
RevCPU[cpu2:RevCPU:0]: Building Rev with 1 cores and 1 hart(s) on each core 
RevCPU[cpu0:RevCPU:0]: Initialization of RevCPUs complete.
RevCPU[cpu0:RevCPU:0]: Building Rev with 1 cores and 1 hart(s) on each core 
RevCPU[cpu1:RevCPU:0]: Building Rev with 1 cores and 1 hart(s) on each core 
RevCPU[cpu7:RevCPU:0]: Initialization of RevCPUs complete.
RevCPU[cpu2:RevCPU:0]: Initialization of RevCPUs complete.
RevCPU[cpu0:RevCPU:0]: Initialization of RevCPUs complete.
RevCPU[cpu3:RevCPU:0]: Building Rev with 1 cores and 1 hart(s) on each core 
RevCPU[cpu1:RevCPU:0]: Initialization of RevCPUs complete.
RevCPU[cpu1:RevCPU:0]: Building Rev with 1 cores and 1 hart(s) on each core 
RevCPU[cpu0:RevCPU:0]: Building Rev with 1 cores and 1 hart(s) on each core 
RevCPU[cpu2:RevCPU:0]: Building Rev with 1 cores and 1 hart(s) on each core 
RevCPU[cpu3:RevCPU:0]: Initialization of RevCPUs complete.
RevCPU[cpu4:RevCPU:0]: Building Rev with 1 cores and 1 hart(s) on each core 
RevCPU[cpu1:RevCPU:0]: Initialization of RevCPUs complete.
RevCPU[cpu0:RevCPU:0]: Initialization of RevCPUs complete.
RevCPU[cpu2:RevCPU:0]: Initialization of RevCPUs complete.
RevCPU[cpu2:RevCPU:0]: Building Rev with 1 cores and 1 hart(s) on each core 
RevCPU[cpu0:RevCPU:0]: Building Rev with 1 cores and 1 hart(s) on each core 
RevCPU[cpu1:RevCPU:0]: Building Rev with 1 cores and 1 hart(s) on each core 
RevCPU[cpu3:RevCPU:0]: Building Rev with 1 cores and 1 hart(s) on each core 
RevCPU[cpu4:RevCPU:0]: Initialization of RevCPUs complete.
RevCPU[cpu2:RevCPU:0]: Initialization of RevCPUs complete.
RevCPU[cpu5:RevCPU:0]: Building Rev with 1 cores and 1 hart(s) on each core 
RevCPU[cpu0:RevCPU:0]: Initialization of RevCPUs complete.
RevCPU[cpu1:RevCPU:0]: Initialization of RevCPUs complete.
RevCPU[cpu3:RevCPU:0]: Initialization of RevCPUs complete.
RevCPU[cpu3:RevCPU:0]: Building Rev with 1 cores and 1 hart(s) on each core 
RevCPU[cpu1:RevCPU:0]: Building Rev with 1 cores and 1 hart(s) on each core 
RevCPU[cpu2:RevCPU:0]: Building Rev with 1 cores and 1 hart(s) on each core 
RevCPU[cpu4:RevCPU:0]: Building Rev with 1 cores and 1 hart(s) on each core 
RevCPU[cpu5:RevCPU:0]: Initialization of RevCPUs complete.
RevCPU[cpu3:RevCPU:0]: Initialization of RevCPUs complete.
RevCPU[cpu6:RevCPU:0]: Building Rev with 1 cores and 1 hart(s) on each core 
RevCPU[cpu2:RevCPU:0]: Initialization of RevCPUs complete.
RevCPU[cpu1:RevCPU:0]: Initialization of RevCPUs complete.
RevCPU[cpu4:RevCPU:0]: Initialization of RevCPUs complete.
RevCPU[cpu4:RevCPU:0]: Building Rev with 1 cores and 1 hart(s) on each core 
RevCPU[cpu3:RevCPU:0]: Building Rev with 1 cores and 1 hart(s) on each core 
RevCPU[cpu5:RevCPU:0]: Building Rev with 1 cores and 1 hart(s) on each core 
RevCPU[cpu2:RevCPU:0]: Building Rev with 1 cores and 1 hart(s) on each core 
RevCPU[cpu6:RevCPU:0]: Initialization of RevCPUs complete.
RevCPU[cpu4:RevCPU:0]: Initialization of RevCPUs complete.
RevCPU[cpu7:RevCPU:0]: Building Rev with 1 cores and 1 hart(s) on each core 
RevCPU[cpu3:RevCPU:0]: Initialization of RevCPUs complete.
RevCPU[cpu5:RevCPU:0]: Initialization of RevCPUs complete.
RevCPU[cpu5:RevCPU:0]: Building Rev with 1 cores and 1 hart(s) on each core 
RevCPU[cpu2:RevCPU:0]: Initialization of RevCPUs complete.
RevCPU[cpu4:RevCPU:0]: Building Rev with 1 cores and 1 hart(s) on each core 
RevCPU[cpu6:RevCPU:0]: Building Rev with 1 cores and 1 hart(s) on each core 
RevCPU[cpu3:RevCPU:0]: Building Rev with 1 cores and 1 hart(s) on each core 
RevCPU[cpu7:RevCPU:0]: Initialization of RevCPUs complete.
RevCPU[cpu5:RevCPU:0]: Initialization of RevCPUs complete.
RevCPU[cpu4:RevCPU:0]: Initialization of RevCPUs complete.
RevCPU[cpu6:RevCPU:0]: Building Rev with 1 cores and 1 hart(s) on each core 
RevCPU[cpu6:RevCPU:0]: Initialization of RevCPUs complete.
RevCPU[cpu3:RevCPU:0]: Initialization of RevCPUs complete.
RevCPU[cpu5:RevCPU:0]: Building Rev with 1 cores and 1 hart(s) on each core 
RevCPU[cpu7:RevCPU:0]: Building Rev with 1 cores and 1 hart(s) on each core 
RevCPU[cpu4:RevCPU:0]: Building Rev with 1 cores and 1 hart(s) on each core 
RevCPU[cpu6:RevCPU:0]: Initialization of RevCPUs complete.
RevCPU[cpu5:RevCPU:0]: Initialization of RevCPUs complete.
RevCPU[cpu7:RevCPU:0]: Initialization of RevCPUs complete.
RevCPU[cpu7:RevCPU:0]: Building Rev with 1 cores and 1 hart(s) on each core 
RevCPU[cpu4:RevCPU:0]: Initialization of RevCPUs complete.
RevCPU[cpu6:RevCPU:0]: Building Rev with 1 cores and 1 hart(s) on each core 
RevCPU[cpu5:RevCPU:0]: Building Rev with 1 cores and 1 hart(s) on each core 
RevCPU[cpu7:RevCPU:0]: Initialization of RevCPUs complete.
RevCPU[cpu6:RevCPU:0]: Initialization of RevCPUs complete.
RevCPU[cpu5:RevCPU:0]: Initialization of RevCPUs complete.
RevCPU[cpu7:RevCPU:0]: Building Rev with 1 cores and 1 hart(s) on each core 
RevCPU[cpu6:RevCPU:0]: Building Rev with 1 cores and 1 hart(s) on each core 
RevCPU[cpu7:RevCPU:0]: Initialization of RevCPUs complete.
RevCPU[cpu6:RevCPU:0]: Initialization of RevCPUs complete.
RevCPU[cpu7:RevCPU:0]: Building Rev with 1 cores and 1 hart(s) on each core 
RevCPU[cpu7:RevCPU:0]: Initialization of RevCPUs complete.
Running on 8 processors
Running on 8 processors
Running on 8 processors
Running on 8 processors
Total Main table size = 2^16 = 65536 words
Running on 8 processors
Running on 8 processors
Total Main table size = 2^16 = 65536 words
Running on 8 processors
Total Main table size = 2^16 = 65536 words
Total Main table size = 2^16 = 65536 words
PE Main table size = (2^16)/8  = 8192 words/PE MAX
Running on 8 processors
Total Main table size = 2^16 = 65536 words
Total Main table size = 2^16 = 65536 words
PE Main table size = (2^16)/8  = 8192 words/PE MAX
Total Main table size = 2^16 = 65536 words
Total number of updates = 80000
PE Main table size = (2^16)/8  = 8192 words/PE MAX
Total number of updates = 80000
PE Main table size = (2^16)/8  = 8192 words/PE MAX
Total Main table size = 2^16 = 65536 words
PE Main table size = (2^16)/8  = 8192 words/PE MAX
PE Main table size = (2^16)/8  = 8192 words/PE MAX
PE Main table size = (2^16)/8  = 8192 words/PE MAX
Total number of updates = 80000
Total number of updates = 80000
Total number of updates = 80000
Total number of updates = 80000
Total number of updates = 80000
PE Main table size = (2^16)/8  = 8192 words/PE MAX
Total number of updates = 80000
Real time used = 0.036782 seconds
0.002174962 Billion(10^9) Updates    per second [GUP/s]
0.000271870 Billion(10^9) Updates/PE per second [GUP/s]
Simulation is complete, simulated time: 37.2628 ms
Real time used = 0.036782 seconds
0.002174962 Billion(10^9) Updates    per second [GUP/s]
0.000271870 Billion(10^9) Updates/PE per second [GUP/s]
Real time used = 0.036782 seconds
0.002174962 Billion(10^9) Updates    per second [GUP/s]
0.000271870 Billion(10^9) Updates/PE per second [GUP/s]
Real time used = 0.036782 seconds
0.002174962 Billion(10^9) Updates    per second [GUP/s]
Simulation is complete, simulated time: 37.2628 ms
0.000271870 Billion(10^9) Updates/PE per second [GUP/s]
Real time used = 0.036782 seconds
0.002174962 Billion(10^9) Updates    per second [GUP/s]
0.000271870 Billion(10^9) Updates/PE per second [GUP/s]
Simulation is complete, simulated time: 37.2628 ms
Real time used = 0.036782 seconds
0.002174962 Billion(10^9) Updates    per second [GUP/s]
Simulation is complete, simulated time: 37.2628 ms
0.000271870 Billion(10^9) Updates/PE per second [GUP/s]
Simulation is complete, simulated time: 37.2628 ms
Simulation is complete, simulated time: 37.2628 ms
Real time used = 0.036782 seconds
0.002174962 Billion(10^9) Updates    per second [GUP/s]
0.000271870 Billion(10^9) Updates/PE per second [GUP/s]
Simulation is complete, simulated time: 37.2628 ms
Real time used = 0.036782 seconds
0.002174962 Billion(10^9) Updates    per second [GUP/s]
0.000271870 Billion(10^9) Updates/PE per second [GUP/s]
Simulation is complete, simulated time: 37.2628 ms
