RevCPU[cpu0:RevCPU:0]: Building Rev with 1 cores and 1 hart(s) on each core 
RevCPU[cpu0:RevCPU:0]: Building Rev with 1 cores and 1 hart(s) on each core 
RevCPU[cpu0:RevCPU:0]: Initialization of RevCPUs complete.
RevCPU[cpu0:RevCPU:0]: Initialization of RevCPUs complete.
RevCPU[cpu1:RevCPU:0]: Building Rev with 1 cores and 1 hart(s) on each core 
RevCPU[cpu1:RevCPU:0]: Building Rev with 1 cores and 1 hart(s) on each core 
RevCPU[cpu1:RevCPU:0]: Initialization of RevCPUs complete.
RevCPU[cpu1:RevCPU:0]: Initialization of RevCPUs complete.
Running on 2 processors
Running on 2 processors
Total Main table size = 2^14 = 16384 words
Total Main table size = 2^14 = 16384 words
PE Main table size = (2^14)/2  = 8192 words/PE MAX
PE Main table size = (2^14)/2  = 8192 words/PE MAX
Total number of updates = 20000
Total number of updates = 20000
Real time used = 0.020805 seconds
0.000961306 Billion(10^9) Updates    per second [GUP/s]
0.000480653 Billion(10^9) Updates/PE per second [GUP/s]
Real time used = 0.020805 seconds
Simulation is complete, simulated time: 21.2457 ms
0.000961306 Billion(10^9) Updates    per second [GUP/s]
0.000480653 Billion(10^9) Updates/PE per second [GUP/s]
Simulation is complete, simulated time: 21.2457 ms
