# OSU OpenSHMEM Put Test
# Size           Latency (us)
1                       51.935
2                       41.490
4                       41.365
8                       40.820
16                      41.315
32                      41.850
64                      42.150
128                     42.085
256                     42.165
512                     41.635
1024                    41.535
2048                    44.130
4096                    66.020
8192                    49.620
16384                   54.450
32768                   68.890
65536                  111.930
131072                 162.140
262144                 244.340
524288                 376.160
1048576                648.560
2097152               1189.690
PTMALLOC: USAGE ERROR DETECTED: m=0x7f4b93740b00 ptr=0xff0000f0
PTMALLOC: USAGE ERROR DETECTED: m=0x7f4b93740b00 ptr=0xff4000f0
PTMALLOC: USAGE ERROR DETECTED: m=0x7f462ba85b00 ptr=0xff0000f0
PTMALLOC: USAGE ERROR DETECTED: m=0x7f462ba85b00 ptr=0xff4000f0
