# OSU OpenSHMEM Put_nb Test
# Size           Latency (us)
1                       81.530
2                       81.590
4                       80.445
8                       79.170
16                      80.040
32                      79.740
64                      76.970
128                     78.340
256                     85.400
512                     76.810
1024                    76.290
2048                    81.460
4096                   127.370
8192                   135.335
16384                  135.030
32768                  140.150
65536                  184.410
131072                 210.330
262144                 296.740
524288                 445.250
1048576                728.240
2097152               1254.390
PTMALLOC: USAGE ERROR DETECTED: m=0x7f7546bbfb00 ptr=0xff0000f0
PTMALLOC: USAGE ERROR DETECTED: m=0x7f7546bbfb00 ptr=0xff4000f0
PTMALLOC: USAGE ERROR DETECTED: m=0x7fae4154fb00 ptr=0xff0000f0
PTMALLOC: USAGE ERROR DETECTED: m=0x7fae4154fb00 ptr=0xff4000f0
