# OSU OpenSHMEM Get Test
# Size           Latency (us)
1                       87.425
2                       52.670
4                       51.925
8                       52.010
16                      52.025
32                      51.775
64                      52.245
128                     53.025
256                     53.490
512                     53.080
1024                    53.260
2048                    58.570
4096                    62.720
8192                    92.490
16384                   91.540
32768                  137.740
65536                  224.350
131072                 216.180
262144                 354.870
524288                 579.830
1048576               1076.480
2097152               2039.330
PTMALLOC: USAGE ERROR DETECTED: m=0x7f6955f72b00 ptr=0xff0000f0
PTMALLOC: USAGE ERROR DETECTED: m=0x7f6955f72b00 ptr=0xff4000f0
PTMALLOC: USAGE ERROR DETECTED: m=0x7f778b570b00 ptr=0xff0000f0
PTMALLOC: USAGE ERROR DETECTED: m=0x7f778b570b00 ptr=0xff4000f0
