# OSU OpenSHMEM Get_nb Test
# Size           Latency (us)
1                      106.920
2                      107.500
4                      106.355
8                      107.605
16                     105.485
32                      75.765
64                      74.740
128                     74.005
256                     74.965
512                    102.285
1024                    70.270
2048                    69.905
4096                    77.105
8192                    92.770
16384                  106.490
32768                  175.870
65536                  156.930
131072                 227.320
262144                 331.020
524288                 608.850
1048576                953.410
2097152               1624.300
PTMALLOC: USAGE ERROR DETECTED: m=0x7f1341e1fb00 ptr=0xff0000f0
PTMALLOC: USAGE ERROR DETECTED: m=0x7f1341e1fb00 ptr=0xff4000f0
PTMALLOC: USAGE ERROR DETECTED: m=0x7fdc9770bb00 ptr=0xff0000f0
PTMALLOC: USAGE ERROR DETECTED: m=0x7fdc9770bb00 ptr=0xff4000f0
