RevCPU[cpu0:RevCPU:0]: Building Rev with 1 cores and 1 hart(s) on each core 
RevCPU[cpu0:RevCPU:0]: Building Rev with 1 cores and 1 hart(s) on each core 
RevCPU[cpu0:RevCPU:0]: Building Rev with 1 cores and 1 hart(s) on each core 
RevCPU[cpu0:RevCPU:0]: Building Rev with 1 cores and 1 hart(s) on each core 
RevCPU[cpu0:RevCPU:0]: Initialization of RevCPUs complete.
RevCPU[cpu0:RevCPU:0]: Initialization of RevCPUs complete.
RevCPU[cpu0:RevCPU:0]: Initialization of RevCPUs complete.
RevCPU[cpu0:RevCPU:0]: Initialization of RevCPUs complete.
RevCPU[cpu1:RevCPU:0]: Building Rev with 1 cores and 1 hart(s) on each core 
RevCPU[cpu1:RevCPU:0]: Building Rev with 1 cores and 1 hart(s) on each core 
RevCPU[cpu1:RevCPU:0]: Building Rev with 1 cores and 1 hart(s) on each core 
RevCPU[cpu1:RevCPU:0]: Building Rev with 1 cores and 1 hart(s) on each core 
RevCPU[cpu1:RevCPU:0]: Initialization of RevCPUs complete.
RevCPU[cpu1:RevCPU:0]: Initialization of RevCPUs complete.
RevCPU[cpu1:RevCPU:0]: Initialization of RevCPUs complete.
RevCPU[cpu1:RevCPU:0]: Initialization of RevCPUs complete.
RevCPU[cpu2:RevCPU:0]: Building Rev with 1 cores and 1 hart(s) on each core 
RevCPU[cpu2:RevCPU:0]: Building Rev with 1 cores and 1 hart(s) on each core 
RevCPU[cpu2:RevCPU:0]: Building Rev with 1 cores and 1 hart(s) on each core 
RevCPU[cpu2:RevCPU:0]: Building Rev with 1 cores and 1 hart(s) on each core 
RevCPU[cpu2:RevCPU:0]: Initialization of RevCPUs complete.
RevCPU[cpu2:RevCPU:0]: Initialization of RevCPUs complete.
RevCPU[cpu2:RevCPU:0]: Initialization of RevCPUs complete.
RevCPU[cpu2:RevCPU:0]: Initialization of RevCPUs complete.
RevCPU[cpu3:RevCPU:0]: Building Rev with 1 cores and 1 hart(s) on each core 
RevCPU[cpu3:RevCPU:0]: Building Rev with 1 cores and 1 hart(s) on each core 
RevCPU[cpu3:RevCPU:0]: Building Rev with 1 cores and 1 hart(s) on each core 
RevCPU[cpu3:RevCPU:0]: Building Rev with 1 cores and 1 hart(s) on each core 
RevCPU[cpu3:RevCPU:0]: Initialization of RevCPUs complete.
RevCPU[cpu3:RevCPU:0]: Initialization of RevCPUs complete.
RevCPU[cpu3:RevCPU:0]: Initialization of RevCPUs complete.
RevCPU[cpu3:RevCPU:0]: Initialization of RevCPUs complete.
Running on 4 processors
Running on 4 processors
Running on 4 processors
Running on 4 processors
Total Main table size = 2^15 = 32768 words
Total Main table size = 2^15 = 32768 words
Total Main table size = 2^15 = 32768 words
Total Main table size = 2^15 = 32768 words
PE Main table size = (2^15)/4  = 8192 words/PE MAX
Total number of updates = 40000
PE Main table size = (2^15)/4  = 8192 words/PE MAX
PE Main table size = (2^15)/4  = 8192 words/PE MAX
PE Main table size = (2^15)/4  = 8192 words/PE MAX
Total number of updates = 40000
Total number of updates = 40000
Total number of updates = 40000
Real time used = 0.018437 seconds
0.002169542 Billion(10^9) Updates    per second [GUP/s]
0.000542385 Billion(10^9) Updates/PE per second [GUP/s]
Real time used = 0.018437 seconds
0.002169542 Billion(10^9) Updates    per second [GUP/s]
0.000542385 Billion(10^9) Updates/PE per second [GUP/s]
Real time used = 0.018437 seconds
0.002169542 Billion(10^9) Updates    per second [GUP/s]
0.000542385 Billion(10^9) Updates/PE per second [GUP/s]
Simulation is complete, simulated time: 18.8858 ms
Real time used = 0.018437 seconds
0.002169542 Billion(10^9) Updates    per second [GUP/s]
0.000542385 Billion(10^9) Updates/PE per second [GUP/s]
Simulation is complete, simulated time: 18.8858 ms
Simulation is complete, simulated time: 18.8858 ms
Simulation is complete, simulated time: 18.8858 ms
