RevCPU[cpu0:RevCPU:0]: Building Rev with 1 cores and 1 hart(s) on each core 
RevCPU[cpu0:RevCPU:0]: Building Rev with 1 cores and 1 hart(s) on each core 
RevCPU[cpu0:RevCPU:0]: Building Rev with 1 cores and 1 hart(s) on each core 
RevCPU[cpu0:RevCPU:0]: Building Rev with 1 cores and 1 hart(s) on each core 
RevCPU[cpu0:RevCPU:0]: Building Rev with 1 cores and 1 hart(s) on each core 
RevCPU[cpu0:RevCPU:0]: Building Rev with 1 cores and 1 hart(s) on each core 
RevCPU[cpu0:RevCPU:0]: Building Rev with 1 cores and 1 hart(s) on each core 
RevCPU[cpu0:RevCPU:0]: Building Rev with 1 cores and 1 hart(s) on each core 
RevCPU[cpu0:RevCPU:0]: Building Rev with 1 cores and 1 hart(s) on each core 
RevCPU[cpu0:RevCPU:0]: Building Rev with 1 cores and 1 hart(s) on each core 
RevCPU[cpu0:RevCPU:0]: Building Rev with 1 cores and 1 hart(s) on each core 
RevCPU[cpu0:RevCPU:0]: Building Rev with 1 cores and 1 hart(s) on each core 
RevCPU[cpu0:RevCPU:0]: Building Rev with 1 cores and 1 hart(s) on each core 
RevCPU[cpu0:RevCPU:0]: Building Rev with 1 cores and 1 hart(s) on each core 
RevCPU[cpu0:RevCPU:0]: Building Rev with 1 cores and 1 hart(s) on each core 
RevCPU[cpu0:RevCPU:0]: Building Rev with 1 cores and 1 hart(s) on each core 
RevCPU[cpu0:RevCPU:0]: Initialization of RevCPUs complete.
RevCPU[cpu0:RevCPU:0]: Initialization of RevCPUs complete.
RevCPU[cpu0:RevCPU:0]: Initialization of RevCPUs complete.
RevCPU[cpu0:RevCPU:0]: Initialization of RevCPUs complete.
RevCPU[cpu0:RevCPU:0]: Initialization of RevCPUs complete.
RevCPU[cpu0:RevCPU:0]: Initialization of RevCPUs complete.
RevCPU[cpu0:RevCPU:0]: Initialization of RevCPUs complete.
RevCPU[cpu0:RevCPU:0]: Initialization of RevCPUs complete.
RevCPU[cpu0:RevCPU:0]: Initialization of RevCPUs complete.
RevCPU[cpu0:RevCPU:0]: Initialization of RevCPUs complete.
RevCPU[cpu0:RevCPU:0]: Initialization of RevCPUs complete.
RevCPU[cpu0:RevCPU:0]: Initialization of RevCPUs complete.
RevCPU[cpu0:RevCPU:0]: Initialization of RevCPUs complete.
RevCPU[cpu0:RevCPU:0]: Initialization of RevCPUs complete.
RevCPU[cpu0:RevCPU:0]: Initialization of RevCPUs complete.
RevCPU[cpu0:RevCPU:0]: Initialization of RevCPUs complete.
RevCPU[cpu1:RevCPU:0]: Building Rev with 1 cores and 1 hart(s) on each core 
RevCPU[cpu1:RevCPU:0]: Building Rev with 1 cores and 1 hart(s) on each core 
RevCPU[cpu1:RevCPU:0]: Building Rev with 1 cores and 1 hart(s) on each core 
RevCPU[cpu1:RevCPU:0]: Building Rev with 1 cores and 1 hart(s) on each core 
RevCPU[cpu1:RevCPU:0]: Building Rev with 1 cores and 1 hart(s) on each core 
RevCPU[cpu1:RevCPU:0]: Building Rev with 1 cores and 1 hart(s) on each core 
RevCPU[cpu1:RevCPU:0]: Building Rev with 1 cores and 1 hart(s) on each core 
RevCPU[cpu1:RevCPU:0]: Building Rev with 1 cores and 1 hart(s) on each core 
RevCPU[cpu1:RevCPU:0]: Building Rev with 1 cores and 1 hart(s) on each core 
RevCPU[cpu1:RevCPU:0]: Building Rev with 1 cores and 1 hart(s) on each core 
RevCPU[cpu1:RevCPU:0]: Building Rev with 1 cores and 1 hart(s) on each core 
RevCPU[cpu1:RevCPU:0]: Building Rev with 1 cores and 1 hart(s) on each core 
RevCPU[cpu1:RevCPU:0]: Building Rev with 1 cores and 1 hart(s) on each core 
RevCPU[cpu1:RevCPU:0]: Building Rev with 1 cores and 1 hart(s) on each core 
RevCPU[cpu1:RevCPU:0]: Building Rev with 1 cores and 1 hart(s) on each core 
RevCPU[cpu1:RevCPU:0]: Building Rev with 1 cores and 1 hart(s) on each core 
RevCPU[cpu1:RevCPU:0]: Initialization of RevCPUs complete.
RevCPU[cpu1:RevCPU:0]: Initialization of RevCPUs complete.
RevCPU[cpu1:RevCPU:0]: Initialization of RevCPUs complete.
RevCPU[cpu1:RevCPU:0]: Initialization of RevCPUs complete.
RevCPU[cpu1:RevCPU:0]: Initialization of RevCPUs complete.
RevCPU[cpu1:RevCPU:0]: Initialization of RevCPUs complete.
RevCPU[cpu1:RevCPU:0]: Initialization of RevCPUs complete.
RevCPU[cpu1:RevCPU:0]: Initialization of RevCPUs complete.
RevCPU[cpu1:RevCPU:0]: Initialization of RevCPUs complete.
RevCPU[cpu1:RevCPU:0]: Initialization of RevCPUs complete.
RevCPU[cpu1:RevCPU:0]: Initialization of RevCPUs complete.
RevCPU[cpu1:RevCPU:0]: Initialization of RevCPUs complete.
RevCPU[cpu1:RevCPU:0]: Initialization of RevCPUs complete.
RevCPU[cpu1:RevCPU:0]: Initialization of RevCPUs complete.
RevCPU[cpu1:RevCPU:0]: Initialization of RevCPUs complete.
RevCPU[cpu1:RevCPU:0]: Initialization of RevCPUs complete.
RevCPU[cpu2:RevCPU:0]: Building Rev with 1 cores and 1 hart(s) on each core 
RevCPU[cpu2:RevCPU:0]: Building Rev with 1 cores and 1 hart(s) on each core 
RevCPU[cpu2:RevCPU:0]: Building Rev with 1 cores and 1 hart(s) on each core 
RevCPU[cpu2:RevCPU:0]: Building Rev with 1 cores and 1 hart(s) on each core 
RevCPU[cpu2:RevCPU:0]: Building Rev with 1 cores and 1 hart(s) on each core 
RevCPU[cpu2:RevCPU:0]: Building Rev with 1 cores and 1 hart(s) on each core 
RevCPU[cpu2:RevCPU:0]: Building Rev with 1 cores and 1 hart(s) on each core 
RevCPU[cpu2:RevCPU:0]: Building Rev with 1 cores and 1 hart(s) on each core 
RevCPU[cpu2:RevCPU:0]: Building Rev with 1 cores and 1 hart(s) on each core 
RevCPU[cpu2:RevCPU:0]: Building Rev with 1 cores and 1 hart(s) on each core 
RevCPU[cpu2:RevCPU:0]: Building Rev with 1 cores and 1 hart(s) on each core 
RevCPU[cpu2:RevCPU:0]: Building Rev with 1 cores and 1 hart(s) on each core 
RevCPU[cpu2:RevCPU:0]: Building Rev with 1 cores and 1 hart(s) on each core 
RevCPU[cpu2:RevCPU:0]: Building Rev with 1 cores and 1 hart(s) on each core 
RevCPU[cpu2:RevCPU:0]: Building Rev with 1 cores and 1 hart(s) on each core 
RevCPU[cpu2:RevCPU:0]: Building Rev with 1 cores and 1 hart(s) on each core 
RevCPU[cpu2:RevCPU:0]: Initialization of RevCPUs complete.
RevCPU[cpu2:RevCPU:0]: Initialization of RevCPUs complete.
RevCPU[cpu2:RevCPU:0]: Initialization of RevCPUs complete.
RevCPU[cpu2:RevCPU:0]: Initialization of RevCPUs complete.
RevCPU[cpu2:RevCPU:0]: Initialization of RevCPUs complete.
RevCPU[cpu2:RevCPU:0]: Initialization of RevCPUs complete.
RevCPU[cpu2:RevCPU:0]: Initialization of RevCPUs complete.
RevCPU[cpu2:RevCPU:0]: Initialization of RevCPUs complete.
RevCPU[cpu2:RevCPU:0]: Initialization of RevCPUs complete.
RevCPU[cpu2:RevCPU:0]: Initialization of RevCPUs complete.
RevCPU[cpu2:RevCPU:0]: Initialization of RevCPUs complete.
RevCPU[cpu2:RevCPU:0]: Initialization of RevCPUs complete.
RevCPU[cpu2:RevCPU:0]: Initialization of RevCPUs complete.
RevCPU[cpu2:RevCPU:0]: Initialization of RevCPUs complete.
RevCPU[cpu2:RevCPU:0]: Initialization of RevCPUs complete.
RevCPU[cpu2:RevCPU:0]: Initialization of RevCPUs complete.
RevCPU[cpu3:RevCPU:0]: Building Rev with 1 cores and 1 hart(s) on each core 
RevCPU[cpu3:RevCPU:0]: Building Rev with 1 cores and 1 hart(s) on each core 
RevCPU[cpu3:RevCPU:0]: Building Rev with 1 cores and 1 hart(s) on each core 
RevCPU[cpu3:RevCPU:0]: Building Rev with 1 cores and 1 hart(s) on each core 
RevCPU[cpu3:RevCPU:0]: Building Rev with 1 cores and 1 hart(s) on each core 
RevCPU[cpu3:RevCPU:0]: Building Rev with 1 cores and 1 hart(s) on each core 
RevCPU[cpu3:RevCPU:0]: Building Rev with 1 cores and 1 hart(s) on each core 
RevCPU[cpu3:RevCPU:0]: Building Rev with 1 cores and 1 hart(s) on each core 
RevCPU[cpu3:RevCPU:0]: Building Rev with 1 cores and 1 hart(s) on each core 
RevCPU[cpu3:RevCPU:0]: Building Rev with 1 cores and 1 hart(s) on each core 
RevCPU[cpu3:RevCPU:0]: Building Rev with 1 cores and 1 hart(s) on each core 
RevCPU[cpu3:RevCPU:0]: Building Rev with 1 cores and 1 hart(s) on each core 
RevCPU[cpu3:RevCPU:0]: Building Rev with 1 cores and 1 hart(s) on each core 
RevCPU[cpu3:RevCPU:0]: Building Rev with 1 cores and 1 hart(s) on each core 
RevCPU[cpu3:RevCPU:0]: Building Rev with 1 cores and 1 hart(s) on each core 
RevCPU[cpu3:RevCPU:0]: Building Rev with 1 cores and 1 hart(s) on each core 
RevCPU[cpu3:RevCPU:0]: Initialization of RevCPUs complete.
RevCPU[cpu3:RevCPU:0]: Initialization of RevCPUs complete.
RevCPU[cpu3:RevCPU:0]: Initialization of RevCPUs complete.
RevCPU[cpu3:RevCPU:0]: Initialization of RevCPUs complete.
RevCPU[cpu3:RevCPU:0]: Initialization of RevCPUs complete.
RevCPU[cpu3:RevCPU:0]: Initialization of RevCPUs complete.
RevCPU[cpu3:RevCPU:0]: Initialization of RevCPUs complete.
RevCPU[cpu3:RevCPU:0]: Initialization of RevCPUs complete.
RevCPU[cpu3:RevCPU:0]: Initialization of RevCPUs complete.
RevCPU[cpu3:RevCPU:0]: Initialization of RevCPUs complete.
RevCPU[cpu3:RevCPU:0]: Initialization of RevCPUs complete.
RevCPU[cpu3:RevCPU:0]: Initialization of RevCPUs complete.
RevCPU[cpu3:RevCPU:0]: Initialization of RevCPUs complete.
RevCPU[cpu3:RevCPU:0]: Initialization of RevCPUs complete.
RevCPU[cpu3:RevCPU:0]: Initialization of RevCPUs complete.
RevCPU[cpu4:RevCPU:0]: Building Rev with 1 cores and 1 hart(s) on each core 
RevCPU[cpu4:RevCPU:0]: Building Rev with 1 cores and 1 hart(s) on each core 
RevCPU[cpu4:RevCPU:0]: Building Rev with 1 cores and 1 hart(s) on each core 
RevCPU[cpu4:RevCPU:0]: Building Rev with 1 cores and 1 hart(s) on each core 
RevCPU[cpu4:RevCPU:0]: Building Rev with 1 cores and 1 hart(s) on each core 
RevCPU[cpu4:RevCPU:0]: Building Rev with 1 cores and 1 hart(s) on each core 
RevCPU[cpu3:RevCPU:0]: Initialization of RevCPUs complete.
RevCPU[cpu4:RevCPU:0]: Building Rev with 1 cores and 1 hart(s) on each core 
RevCPU[cpu4:RevCPU:0]: Building Rev with 1 cores and 1 hart(s) on each core 
RevCPU[cpu4:RevCPU:0]: Building Rev with 1 cores and 1 hart(s) on each core 
RevCPU[cpu4:RevCPU:0]: Building Rev with 1 cores and 1 hart(s) on each core 
RevCPU[cpu4:RevCPU:0]: Building Rev with 1 cores and 1 hart(s) on each core 
RevCPU[cpu4:RevCPU:0]: Building Rev with 1 cores and 1 hart(s) on each core 
RevCPU[cpu4:RevCPU:0]: Building Rev with 1 cores and 1 hart(s) on each core 
RevCPU[cpu4:RevCPU:0]: Building Rev with 1 cores and 1 hart(s) on each core 
RevCPU[cpu4:RevCPU:0]: Building Rev with 1 cores and 1 hart(s) on each core 
RevCPU[cpu4:RevCPU:0]: Building Rev with 1 cores and 1 hart(s) on each core 
RevCPU[cpu4:RevCPU:0]: Initialization of RevCPUs complete.
RevCPU[cpu4:RevCPU:0]: Initialization of RevCPUs complete.
RevCPU[cpu4:RevCPU:0]: Initialization of RevCPUs complete.
RevCPU[cpu4:RevCPU:0]: Initialization of RevCPUs complete.
RevCPU[cpu4:RevCPU:0]: Initialization of RevCPUs complete.
RevCPU[cpu4:RevCPU:0]: Initialization of RevCPUs complete.
RevCPU[cpu4:RevCPU:0]: Initialization of RevCPUs complete.
RevCPU[cpu4:RevCPU:0]: Initialization of RevCPUs complete.
RevCPU[cpu4:RevCPU:0]: Initialization of RevCPUs complete.
RevCPU[cpu4:RevCPU:0]: Initialization of RevCPUs complete.
RevCPU[cpu4:RevCPU:0]: Initialization of RevCPUs complete.
RevCPU[cpu4:RevCPU:0]: Initialization of RevCPUs complete.
RevCPU[cpu4:RevCPU:0]: Initialization of RevCPUs complete.
RevCPU[cpu4:RevCPU:0]: Initialization of RevCPUs complete.
RevCPU[cpu4:RevCPU:0]: Initialization of RevCPUs complete.
RevCPU[cpu5:RevCPU:0]: Building Rev with 1 cores and 1 hart(s) on each core 
RevCPU[cpu5:RevCPU:0]: Building Rev with 1 cores and 1 hart(s) on each core 
RevCPU[cpu5:RevCPU:0]: Building Rev with 1 cores and 1 hart(s) on each core 
RevCPU[cpu5:RevCPU:0]: Building Rev with 1 cores and 1 hart(s) on each core 
RevCPU[cpu5:RevCPU:0]: Building Rev with 1 cores and 1 hart(s) on each core 
RevCPU[cpu5:RevCPU:0]: Building Rev with 1 cores and 1 hart(s) on each core 
RevCPU[cpu5:RevCPU:0]: Building Rev with 1 cores and 1 hart(s) on each core 
RevCPU[cpu5:RevCPU:0]: Building Rev with 1 cores and 1 hart(s) on each core 
RevCPU[cpu5:RevCPU:0]: Building Rev with 1 cores and 1 hart(s) on each core 
RevCPU[cpu5:RevCPU:0]: Building Rev with 1 cores and 1 hart(s) on each core 
RevCPU[cpu5:RevCPU:0]: Building Rev with 1 cores and 1 hart(s) on each core 
RevCPU[cpu5:RevCPU:0]: Building Rev with 1 cores and 1 hart(s) on each core 
RevCPU[cpu5:RevCPU:0]: Building Rev with 1 cores and 1 hart(s) on each core 
RevCPU[cpu5:RevCPU:0]: Building Rev with 1 cores and 1 hart(s) on each core 
RevCPU[cpu5:RevCPU:0]: Building Rev with 1 cores and 1 hart(s) on each core 
RevCPU[cpu4:RevCPU:0]: Initialization of RevCPUs complete.
RevCPU[cpu5:RevCPU:0]: Building Rev with 1 cores and 1 hart(s) on each core 
RevCPU[cpu5:RevCPU:0]: Initialization of RevCPUs complete.
RevCPU[cpu5:RevCPU:0]: Initialization of RevCPUs complete.
RevCPU[cpu5:RevCPU:0]: Initialization of RevCPUs complete.
RevCPU[cpu5:RevCPU:0]: Initialization of RevCPUs complete.
RevCPU[cpu5:RevCPU:0]: Initialization of RevCPUs complete.
RevCPU[cpu5:RevCPU:0]: Initialization of RevCPUs complete.
RevCPU[cpu5:RevCPU:0]: Initialization of RevCPUs complete.
RevCPU[cpu5:RevCPU:0]: Initialization of RevCPUs complete.
RevCPU[cpu5:RevCPU:0]: Initialization of RevCPUs complete.
RevCPU[cpu5:RevCPU:0]: Initialization of RevCPUs complete.
RevCPU[cpu5:RevCPU:0]: Initialization of RevCPUs complete.
RevCPU[cpu5:RevCPU:0]: Initialization of RevCPUs complete.
RevCPU[cpu5:RevCPU:0]: Initialization of RevCPUs complete.
RevCPU[cpu5:RevCPU:0]: Initialization of RevCPUs complete.
RevCPU[cpu5:RevCPU:0]: Initialization of RevCPUs complete.
RevCPU[cpu6:RevCPU:0]: Building Rev with 1 cores and 1 hart(s) on each core 
RevCPU[cpu6:RevCPU:0]: Building Rev with 1 cores and 1 hart(s) on each core 
RevCPU[cpu6:RevCPU:0]: Building Rev with 1 cores and 1 hart(s) on each core 
RevCPU[cpu6:RevCPU:0]: Building Rev with 1 cores and 1 hart(s) on each core 
RevCPU[cpu6:RevCPU:0]: Building Rev with 1 cores and 1 hart(s) on each core 
RevCPU[cpu6:RevCPU:0]: Building Rev with 1 cores and 1 hart(s) on each core 
RevCPU[cpu6:RevCPU:0]: Building Rev with 1 cores and 1 hart(s) on each core 
RevCPU[cpu6:RevCPU:0]: Building Rev with 1 cores and 1 hart(s) on each core 
RevCPU[cpu6:RevCPU:0]: Building Rev with 1 cores and 1 hart(s) on each core 
RevCPU[cpu6:RevCPU:0]: Building Rev with 1 cores and 1 hart(s) on each core 
RevCPU[cpu6:RevCPU:0]: Building Rev with 1 cores and 1 hart(s) on each core 
RevCPU[cpu6:RevCPU:0]: Building Rev with 1 cores and 1 hart(s) on each core 
RevCPU[cpu6:RevCPU:0]: Building Rev with 1 cores and 1 hart(s) on each core 
RevCPU[cpu6:RevCPU:0]: Building Rev with 1 cores and 1 hart(s) on each core 
RevCPU[cpu6:RevCPU:0]: Building Rev with 1 cores and 1 hart(s) on each core 
RevCPU[cpu5:RevCPU:0]: Initialization of RevCPUs complete.
RevCPU[cpu6:RevCPU:0]: Building Rev with 1 cores and 1 hart(s) on each core 
RevCPU[cpu6:RevCPU:0]: Initialization of RevCPUs complete.
RevCPU[cpu6:RevCPU:0]: Initialization of RevCPUs complete.
RevCPU[cpu6:RevCPU:0]: Initialization of RevCPUs complete.
RevCPU[cpu6:RevCPU:0]: Initialization of RevCPUs complete.
RevCPU[cpu6:RevCPU:0]: Initialization of RevCPUs complete.
RevCPU[cpu6:RevCPU:0]: Initialization of RevCPUs complete.
RevCPU[cpu6:RevCPU:0]: Initialization of RevCPUs complete.
RevCPU[cpu6:RevCPU:0]: Initialization of RevCPUs complete.
RevCPU[cpu6:RevCPU:0]: Initialization of RevCPUs complete.
RevCPU[cpu6:RevCPU:0]: Initialization of RevCPUs complete.
RevCPU[cpu6:RevCPU:0]: Initialization of RevCPUs complete.
RevCPU[cpu6:RevCPU:0]: Initialization of RevCPUs complete.
RevCPU[cpu6:RevCPU:0]: Initialization of RevCPUs complete.
RevCPU[cpu6:RevCPU:0]: Initialization of RevCPUs complete.
RevCPU[cpu6:RevCPU:0]: Initialization of RevCPUs complete.
RevCPU[cpu7:RevCPU:0]: Building Rev with 1 cores and 1 hart(s) on each core 
RevCPU[cpu7:RevCPU:0]: Building Rev with 1 cores and 1 hart(s) on each core 
RevCPU[cpu7:RevCPU:0]: Building Rev with 1 cores and 1 hart(s) on each core 
RevCPU[cpu7:RevCPU:0]: Building Rev with 1 cores and 1 hart(s) on each core 
RevCPU[cpu7:RevCPU:0]: Building Rev with 1 cores and 1 hart(s) on each core 
RevCPU[cpu7:RevCPU:0]: Building Rev with 1 cores and 1 hart(s) on each core 
RevCPU[cpu7:RevCPU:0]: Building Rev with 1 cores and 1 hart(s) on each core 
RevCPU[cpu7:RevCPU:0]: Building Rev with 1 cores and 1 hart(s) on each core 
RevCPU[cpu7:RevCPU:0]: Building Rev with 1 cores and 1 hart(s) on each core 
RevCPU[cpu7:RevCPU:0]: Building Rev with 1 cores and 1 hart(s) on each core 
RevCPU[cpu7:RevCPU:0]: Building Rev with 1 cores and 1 hart(s) on each core 
RevCPU[cpu7:RevCPU:0]: Building Rev with 1 cores and 1 hart(s) on each core 
RevCPU[cpu7:RevCPU:0]: Building Rev with 1 cores and 1 hart(s) on each core 
RevCPU[cpu7:RevCPU:0]: Building Rev with 1 cores and 1 hart(s) on each core 
RevCPU[cpu7:RevCPU:0]: Building Rev with 1 cores and 1 hart(s) on each core 
RevCPU[cpu6:RevCPU:0]: Initialization of RevCPUs complete.
RevCPU[cpu7:RevCPU:0]: Building Rev with 1 cores and 1 hart(s) on each core 
RevCPU[cpu7:RevCPU:0]: Initialization of RevCPUs complete.
RevCPU[cpu7:RevCPU:0]: Initialization of RevCPUs complete.
RevCPU[cpu7:RevCPU:0]: Initialization of RevCPUs complete.
RevCPU[cpu7:RevCPU:0]: Initialization of RevCPUs complete.
RevCPU[cpu7:RevCPU:0]: Initialization of RevCPUs complete.
RevCPU[cpu7:RevCPU:0]: Initialization of RevCPUs complete.
RevCPU[cpu7:RevCPU:0]: Initialization of RevCPUs complete.
RevCPU[cpu7:RevCPU:0]: Initialization of RevCPUs complete.
RevCPU[cpu7:RevCPU:0]: Initialization of RevCPUs complete.
RevCPU[cpu7:RevCPU:0]: Initialization of RevCPUs complete.
RevCPU[cpu7:RevCPU:0]: Initialization of RevCPUs complete.
RevCPU[cpu7:RevCPU:0]: Initialization of RevCPUs complete.
RevCPU[cpu7:RevCPU:0]: Initialization of RevCPUs complete.
RevCPU[cpu7:RevCPU:0]: Initialization of RevCPUs complete.
RevCPU[cpu7:RevCPU:0]: Initialization of RevCPUs complete.
RevCPU[cpu8:RevCPU:0]: Building Rev with 1 cores and 1 hart(s) on each core 
RevCPU[cpu8:RevCPU:0]: Building Rev with 1 cores and 1 hart(s) on each core 
RevCPU[cpu8:RevCPU:0]: Building Rev with 1 cores and 1 hart(s) on each core 
RevCPU[cpu8:RevCPU:0]: Building Rev with 1 cores and 1 hart(s) on each core 
RevCPU[cpu8:RevCPU:0]: Building Rev with 1 cores and 1 hart(s) on each core 
RevCPU[cpu8:RevCPU:0]: Building Rev with 1 cores and 1 hart(s) on each core 
RevCPU[cpu8:RevCPU:0]: Building Rev with 1 cores and 1 hart(s) on each core 
RevCPU[cpu8:RevCPU:0]: Building Rev with 1 cores and 1 hart(s) on each core 
RevCPU[cpu8:RevCPU:0]: Building Rev with 1 cores and 1 hart(s) on each core 
RevCPU[cpu8:RevCPU:0]: Building Rev with 1 cores and 1 hart(s) on each core 
RevCPU[cpu8:RevCPU:0]: Building Rev with 1 cores and 1 hart(s) on each core 
RevCPU[cpu8:RevCPU:0]: Building Rev with 1 cores and 1 hart(s) on each core 
RevCPU[cpu8:RevCPU:0]: Building Rev with 1 cores and 1 hart(s) on each core 
RevCPU[cpu8:RevCPU:0]: Building Rev with 1 cores and 1 hart(s) on each core 
RevCPU[cpu8:RevCPU:0]: Building Rev with 1 cores and 1 hart(s) on each core 
RevCPU[cpu7:RevCPU:0]: Initialization of RevCPUs complete.
RevCPU[cpu8:RevCPU:0]: Building Rev with 1 cores and 1 hart(s) on each core 
RevCPU[cpu8:RevCPU:0]: Initialization of RevCPUs complete.
RevCPU[cpu8:RevCPU:0]: Initialization of RevCPUs complete.
RevCPU[cpu8:RevCPU:0]: Initialization of RevCPUs complete.
RevCPU[cpu8:RevCPU:0]: Initialization of RevCPUs complete.
RevCPU[cpu8:RevCPU:0]: Initialization of RevCPUs complete.
RevCPU[cpu8:RevCPU:0]: Initialization of RevCPUs complete.
RevCPU[cpu8:RevCPU:0]: Initialization of RevCPUs complete.
RevCPU[cpu8:RevCPU:0]: Initialization of RevCPUs complete.
RevCPU[cpu8:RevCPU:0]: Initialization of RevCPUs complete.
RevCPU[cpu8:RevCPU:0]: Initialization of RevCPUs complete.
RevCPU[cpu8:RevCPU:0]: Initialization of RevCPUs complete.
RevCPU[cpu8:RevCPU:0]: Initialization of RevCPUs complete.
RevCPU[cpu8:RevCPU:0]: Initialization of RevCPUs complete.
RevCPU[cpu8:RevCPU:0]: Initialization of RevCPUs complete.
RevCPU[cpu8:RevCPU:0]: Initialization of RevCPUs complete.
RevCPU[cpu9:RevCPU:0]: Building Rev with 1 cores and 1 hart(s) on each core 
RevCPU[cpu9:RevCPU:0]: Building Rev with 1 cores and 1 hart(s) on each core 
RevCPU[cpu9:RevCPU:0]: Building Rev with 1 cores and 1 hart(s) on each core 
RevCPU[cpu9:RevCPU:0]: Building Rev with 1 cores and 1 hart(s) on each core 
RevCPU[cpu9:RevCPU:0]: Building Rev with 1 cores and 1 hart(s) on each core 
RevCPU[cpu9:RevCPU:0]: Building Rev with 1 cores and 1 hart(s) on each core 
RevCPU[cpu9:RevCPU:0]: Building Rev with 1 cores and 1 hart(s) on each core 
RevCPU[cpu9:RevCPU:0]: Building Rev with 1 cores and 1 hart(s) on each core 
RevCPU[cpu9:RevCPU:0]: Building Rev with 1 cores and 1 hart(s) on each core 
RevCPU[cpu9:RevCPU:0]: Building Rev with 1 cores and 1 hart(s) on each core 
RevCPU[cpu9:RevCPU:0]: Building Rev with 1 cores and 1 hart(s) on each core 
RevCPU[cpu9:RevCPU:0]: Building Rev with 1 cores and 1 hart(s) on each core 
RevCPU[cpu9:RevCPU:0]: Building Rev with 1 cores and 1 hart(s) on each core 
RevCPU[cpu9:RevCPU:0]: Building Rev with 1 cores and 1 hart(s) on each core 
RevCPU[cpu9:RevCPU:0]: Building Rev with 1 cores and 1 hart(s) on each core 
RevCPU[cpu8:RevCPU:0]: Initialization of RevCPUs complete.
RevCPU[cpu9:RevCPU:0]: Initialization of RevCPUs complete.
RevCPU[cpu9:RevCPU:0]: Initialization of RevCPUs complete.
RevCPU[cpu9:RevCPU:0]: Building Rev with 1 cores and 1 hart(s) on each core 
RevCPU[cpu9:RevCPU:0]: Initialization of RevCPUs complete.
RevCPU[cpu9:RevCPU:0]: Initialization of RevCPUs complete.
RevCPU[cpu9:RevCPU:0]: Initialization of RevCPUs complete.
RevCPU[cpu9:RevCPU:0]: Initialization of RevCPUs complete.
RevCPU[cpu9:RevCPU:0]: Initialization of RevCPUs complete.
RevCPU[cpu9:RevCPU:0]: Initialization of RevCPUs complete.
RevCPU[cpu9:RevCPU:0]: Initialization of RevCPUs complete.
RevCPU[cpu9:RevCPU:0]: Initialization of RevCPUs complete.
RevCPU[cpu9:RevCPU:0]: Initialization of RevCPUs complete.
RevCPU[cpu9:RevCPU:0]: Initialization of RevCPUs complete.
RevCPU[cpu9:RevCPU:0]: Initialization of RevCPUs complete.
RevCPU[cpu9:RevCPU:0]: Initialization of RevCPUs complete.
RevCPU[cpu9:RevCPU:0]: Initialization of RevCPUs complete.
RevCPU[cpu10:RevCPU:0]: Building Rev with 1 cores and 1 hart(s) on each core 
RevCPU[cpu10:RevCPU:0]: Building Rev with 1 cores and 1 hart(s) on each core 
RevCPU[cpu10:RevCPU:0]: Building Rev with 1 cores and 1 hart(s) on each core 
RevCPU[cpu10:RevCPU:0]: Building Rev with 1 cores and 1 hart(s) on each core 
RevCPU[cpu10:RevCPU:0]: Building Rev with 1 cores and 1 hart(s) on each core 
RevCPU[cpu10:RevCPU:0]: Building Rev with 1 cores and 1 hart(s) on each core 
RevCPU[cpu10:RevCPU:0]: Building Rev with 1 cores and 1 hart(s) on each core 
RevCPU[cpu10:RevCPU:0]: Building Rev with 1 cores and 1 hart(s) on each core 
RevCPU[cpu10:RevCPU:0]: Building Rev with 1 cores and 1 hart(s) on each core 
RevCPU[cpu10:RevCPU:0]: Building Rev with 1 cores and 1 hart(s) on each core 
RevCPU[cpu10:RevCPU:0]: Building Rev with 1 cores and 1 hart(s) on each core 
RevCPU[cpu10:RevCPU:0]: Building Rev with 1 cores and 1 hart(s) on each core 
RevCPU[cpu10:RevCPU:0]: Building Rev with 1 cores and 1 hart(s) on each core 
RevCPU[cpu10:RevCPU:0]: Building Rev with 1 cores and 1 hart(s) on each core 
RevCPU[cpu10:RevCPU:0]: Building Rev with 1 cores and 1 hart(s) on each core 
RevCPU[cpu9:RevCPU:0]: Initialization of RevCPUs complete.
RevCPU[cpu10:RevCPU:0]: Initialization of RevCPUs complete.
RevCPU[cpu10:RevCPU:0]: Initialization of RevCPUs complete.
RevCPU[cpu10:RevCPU:0]: Initialization of RevCPUs complete.
RevCPU[cpu10:RevCPU:0]: Initialization of RevCPUs complete.
RevCPU[cpu10:RevCPU:0]: Initialization of RevCPUs complete.
RevCPU[cpu10:RevCPU:0]: Initialization of RevCPUs complete.
RevCPU[cpu10:RevCPU:0]: Initialization of RevCPUs complete.
RevCPU[cpu10:RevCPU:0]: Building Rev with 1 cores and 1 hart(s) on each core 
RevCPU[cpu10:RevCPU:0]: Initialization of RevCPUs complete.
RevCPU[cpu10:RevCPU:0]: Initialization of RevCPUs complete.
RevCPU[cpu10:RevCPU:0]: Initialization of RevCPUs complete.
RevCPU[cpu10:RevCPU:0]: Initialization of RevCPUs complete.
RevCPU[cpu10:RevCPU:0]: Initialization of RevCPUs complete.
RevCPU[cpu10:RevCPU:0]: Initialization of RevCPUs complete.
RevCPU[cpu11:RevCPU:0]: Building Rev with 1 cores and 1 hart(s) on each core 
RevCPU[cpu10:RevCPU:0]: Initialization of RevCPUs complete.
RevCPU[cpu10:RevCPU:0]: Initialization of RevCPUs complete.
RevCPU[cpu11:RevCPU:0]: Building Rev with 1 cores and 1 hart(s) on each core 
RevCPU[cpu11:RevCPU:0]: Building Rev with 1 cores and 1 hart(s) on each core 
RevCPU[cpu11:RevCPU:0]: Building Rev with 1 cores and 1 hart(s) on each core 
RevCPU[cpu11:RevCPU:0]: Building Rev with 1 cores and 1 hart(s) on each core 
RevCPU[cpu11:RevCPU:0]: Building Rev with 1 cores and 1 hart(s) on each core 
RevCPU[cpu11:RevCPU:0]: Building Rev with 1 cores and 1 hart(s) on each core 
RevCPU[cpu11:RevCPU:0]: Building Rev with 1 cores and 1 hart(s) on each core 
RevCPU[cpu11:RevCPU:0]: Building Rev with 1 cores and 1 hart(s) on each core 
RevCPU[cpu11:RevCPU:0]: Building Rev with 1 cores and 1 hart(s) on each core 
RevCPU[cpu11:RevCPU:0]: Building Rev with 1 cores and 1 hart(s) on each core 
RevCPU[cpu11:RevCPU:0]: Building Rev with 1 cores and 1 hart(s) on each core 
RevCPU[cpu11:RevCPU:0]: Building Rev with 1 cores and 1 hart(s) on each core 
RevCPU[cpu11:RevCPU:0]: Building Rev with 1 cores and 1 hart(s) on each core 
RevCPU[cpu11:RevCPU:0]: Building Rev with 1 cores and 1 hart(s) on each core 
RevCPU[cpu10:RevCPU:0]: Initialization of RevCPUs complete.
RevCPU[cpu11:RevCPU:0]: Initialization of RevCPUs complete.
RevCPU[cpu11:RevCPU:0]: Initialization of RevCPUs complete.
RevCPU[cpu11:RevCPU:0]: Initialization of RevCPUs complete.
RevCPU[cpu11:RevCPU:0]: Initialization of RevCPUs complete.
RevCPU[cpu11:RevCPU:0]: Initialization of RevCPUs complete.
RevCPU[cpu11:RevCPU:0]: Initialization of RevCPUs complete.
RevCPU[cpu11:RevCPU:0]: Initialization of RevCPUs complete.
RevCPU[cpu11:RevCPU:0]: Initialization of RevCPUs complete.
RevCPU[cpu11:RevCPU:0]: Initialization of RevCPUs complete.
RevCPU[cpu11:RevCPU:0]: Initialization of RevCPUs complete.
RevCPU[cpu11:RevCPU:0]: Initialization of RevCPUs complete.
RevCPU[cpu11:RevCPU:0]: Building Rev with 1 cores and 1 hart(s) on each core 
RevCPU[cpu11:RevCPU:0]: Initialization of RevCPUs complete.
RevCPU[cpu11:RevCPU:0]: Initialization of RevCPUs complete.
RevCPU[cpu12:RevCPU:0]: Building Rev with 1 cores and 1 hart(s) on each core 
RevCPU[cpu12:RevCPU:0]: Building Rev with 1 cores and 1 hart(s) on each core 
RevCPU[cpu11:RevCPU:0]: Initialization of RevCPUs complete.
RevCPU[cpu12:RevCPU:0]: Building Rev with 1 cores and 1 hart(s) on each core 
RevCPU[cpu11:RevCPU:0]: Initialization of RevCPUs complete.
RevCPU[cpu12:RevCPU:0]: Building Rev with 1 cores and 1 hart(s) on each core 
RevCPU[cpu12:RevCPU:0]: Building Rev with 1 cores and 1 hart(s) on each core 
RevCPU[cpu12:RevCPU:0]: Building Rev with 1 cores and 1 hart(s) on each core 
RevCPU[cpu12:RevCPU:0]: Building Rev with 1 cores and 1 hart(s) on each core 
RevCPU[cpu12:RevCPU:0]: Building Rev with 1 cores and 1 hart(s) on each core 
RevCPU[cpu12:RevCPU:0]: Building Rev with 1 cores and 1 hart(s) on each core 
RevCPU[cpu12:RevCPU:0]: Building Rev with 1 cores and 1 hart(s) on each core 
RevCPU[cpu12:RevCPU:0]: Building Rev with 1 cores and 1 hart(s) on each core 
RevCPU[cpu12:RevCPU:0]: Building Rev with 1 cores and 1 hart(s) on each core 
RevCPU[cpu12:RevCPU:0]: Building Rev with 1 cores and 1 hart(s) on each core 
RevCPU[cpu12:RevCPU:0]: Building Rev with 1 cores and 1 hart(s) on each core 
RevCPU[cpu12:RevCPU:0]: Building Rev with 1 cores and 1 hart(s) on each core 
RevCPU[cpu12:RevCPU:0]: Initialization of RevCPUs complete.
RevCPU[cpu12:RevCPU:0]: Initialization of RevCPUs complete.
RevCPU[cpu12:RevCPU:0]: Initialization of RevCPUs complete.
RevCPU[cpu11:RevCPU:0]: Initialization of RevCPUs complete.
RevCPU[cpu12:RevCPU:0]: Initialization of RevCPUs complete.
RevCPU[cpu12:RevCPU:0]: Initialization of RevCPUs complete.
RevCPU[cpu12:RevCPU:0]: Initialization of RevCPUs complete.
RevCPU[cpu12:RevCPU:0]: Initialization of RevCPUs complete.
RevCPU[cpu12:RevCPU:0]: Initialization of RevCPUs complete.
RevCPU[cpu12:RevCPU:0]: Initialization of RevCPUs complete.
RevCPU[cpu12:RevCPU:0]: Initialization of RevCPUs complete.
RevCPU[cpu12:RevCPU:0]: Initialization of RevCPUs complete.
RevCPU[cpu12:RevCPU:0]: Initialization of RevCPUs complete.
RevCPU[cpu12:RevCPU:0]: Initialization of RevCPUs complete.
RevCPU[cpu13:RevCPU:0]: Building Rev with 1 cores and 1 hart(s) on each core 
RevCPU[cpu13:RevCPU:0]: Building Rev with 1 cores and 1 hart(s) on each core 
RevCPU[cpu13:RevCPU:0]: Building Rev with 1 cores and 1 hart(s) on each core 
RevCPU[cpu12:RevCPU:0]: Initialization of RevCPUs complete.
RevCPU[cpu13:RevCPU:0]: Building Rev with 1 cores and 1 hart(s) on each core 
RevCPU[cpu13:RevCPU:0]: Building Rev with 1 cores and 1 hart(s) on each core 
RevCPU[cpu12:RevCPU:0]: Initialization of RevCPUs complete.
RevCPU[cpu12:RevCPU:0]: Building Rev with 1 cores and 1 hart(s) on each core 
RevCPU[cpu13:RevCPU:0]: Building Rev with 1 cores and 1 hart(s) on each core 
RevCPU[cpu13:RevCPU:0]: Building Rev with 1 cores and 1 hart(s) on each core 
RevCPU[cpu13:RevCPU:0]: Building Rev with 1 cores and 1 hart(s) on each core 
RevCPU[cpu13:RevCPU:0]: Building Rev with 1 cores and 1 hart(s) on each core 
RevCPU[cpu13:RevCPU:0]: Building Rev with 1 cores and 1 hart(s) on each core 
RevCPU[cpu13:RevCPU:0]: Building Rev with 1 cores and 1 hart(s) on each core 
RevCPU[cpu13:RevCPU:0]: Building Rev with 1 cores and 1 hart(s) on each core 
RevCPU[cpu13:RevCPU:0]: Building Rev with 1 cores and 1 hart(s) on each core 
RevCPU[cpu13:RevCPU:0]: Building Rev with 1 cores and 1 hart(s) on each core 
RevCPU[cpu13:RevCPU:0]: Building Rev with 1 cores and 1 hart(s) on each core 
RevCPU[cpu13:RevCPU:0]: Initialization of RevCPUs complete.
RevCPU[cpu13:RevCPU:0]: Initialization of RevCPUs complete.
RevCPU[cpu13:RevCPU:0]: Initialization of RevCPUs complete.
RevCPU[cpu13:RevCPU:0]: Initialization of RevCPUs complete.
RevCPU[cpu13:RevCPU:0]: Initialization of RevCPUs complete.
RevCPU[cpu13:RevCPU:0]: Initialization of RevCPUs complete.
RevCPU[cpu13:RevCPU:0]: Initialization of RevCPUs complete.
RevCPU[cpu12:RevCPU:0]: Initialization of RevCPUs complete.
RevCPU[cpu13:RevCPU:0]: Initialization of RevCPUs complete.
RevCPU[cpu13:RevCPU:0]: Initialization of RevCPUs complete.
RevCPU[cpu13:RevCPU:0]: Initialization of RevCPUs complete.
RevCPU[cpu13:RevCPU:0]: Initialization of RevCPUs complete.
RevCPU[cpu13:RevCPU:0]: Initialization of RevCPUs complete.
RevCPU[cpu13:RevCPU:0]: Initialization of RevCPUs complete.
RevCPU[cpu14:RevCPU:0]: Building Rev with 1 cores and 1 hart(s) on each core 
RevCPU[cpu14:RevCPU:0]: Building Rev with 1 cores and 1 hart(s) on each core 
RevCPU[cpu14:RevCPU:0]: Building Rev with 1 cores and 1 hart(s) on each core 
RevCPU[cpu14:RevCPU:0]: Building Rev with 1 cores and 1 hart(s) on each core 
RevCPU[cpu13:RevCPU:0]: Initialization of RevCPUs complete.
RevCPU[cpu14:RevCPU:0]: Building Rev with 1 cores and 1 hart(s) on each core 
RevCPU[cpu13:RevCPU:0]: Initialization of RevCPUs complete.
RevCPU[cpu14:RevCPU:0]: Building Rev with 1 cores and 1 hart(s) on each core 
RevCPU[cpu14:RevCPU:0]: Building Rev with 1 cores and 1 hart(s) on each core 
RevCPU[cpu14:RevCPU:0]: Building Rev with 1 cores and 1 hart(s) on each core 
RevCPU[cpu14:RevCPU:0]: Building Rev with 1 cores and 1 hart(s) on each core 
RevCPU[cpu13:RevCPU:0]: Building Rev with 1 cores and 1 hart(s) on each core 
RevCPU[cpu14:RevCPU:0]: Building Rev with 1 cores and 1 hart(s) on each core 
RevCPU[cpu14:RevCPU:0]: Building Rev with 1 cores and 1 hart(s) on each core 
RevCPU[cpu14:RevCPU:0]: Building Rev with 1 cores and 1 hart(s) on each core 
RevCPU[cpu14:RevCPU:0]: Building Rev with 1 cores and 1 hart(s) on each core 
RevCPU[cpu14:RevCPU:0]: Building Rev with 1 cores and 1 hart(s) on each core 
RevCPU[cpu14:RevCPU:0]: Building Rev with 1 cores and 1 hart(s) on each core 
RevCPU[cpu14:RevCPU:0]: Initialization of RevCPUs complete.
RevCPU[cpu14:RevCPU:0]: Initialization of RevCPUs complete.
RevCPU[cpu14:RevCPU:0]: Initialization of RevCPUs complete.
RevCPU[cpu14:RevCPU:0]: Initialization of RevCPUs complete.
RevCPU[cpu14:RevCPU:0]: Initialization of RevCPUs complete.
RevCPU[cpu14:RevCPU:0]: Initialization of RevCPUs complete.
RevCPU[cpu14:RevCPU:0]: Initialization of RevCPUs complete.
RevCPU[cpu14:RevCPU:0]: Initialization of RevCPUs complete.
RevCPU[cpu14:RevCPU:0]: Initialization of RevCPUs complete.
RevCPU[cpu13:RevCPU:0]: Initialization of RevCPUs complete.
RevCPU[cpu14:RevCPU:0]: Initialization of RevCPUs complete.
RevCPU[cpu14:RevCPU:0]: Initialization of RevCPUs complete.
RevCPU[cpu14:RevCPU:0]: Initialization of RevCPUs complete.
RevCPU[cpu14:RevCPU:0]: Initialization of RevCPUs complete.
RevCPU[cpu15:RevCPU:0]: Building Rev with 1 cores and 1 hart(s) on each core 
RevCPU[cpu15:RevCPU:0]: Building Rev with 1 cores and 1 hart(s) on each core 
RevCPU[cpu15:RevCPU:0]: Building Rev with 1 cores and 1 hart(s) on each core 
RevCPU[cpu15:RevCPU:0]: Building Rev with 1 cores and 1 hart(s) on each core 
RevCPU[cpu14:RevCPU:0]: Initialization of RevCPUs complete.
RevCPU[cpu15:RevCPU:0]: Building Rev with 1 cores and 1 hart(s) on each core 
RevCPU[cpu14:RevCPU:0]: Initialization of RevCPUs complete.
RevCPU[cpu15:RevCPU:0]: Building Rev with 1 cores and 1 hart(s) on each core 
RevCPU[cpu15:RevCPU:0]: Building Rev with 1 cores and 1 hart(s) on each core 
RevCPU[cpu15:RevCPU:0]: Building Rev with 1 cores and 1 hart(s) on each core 
RevCPU[cpu15:RevCPU:0]: Building Rev with 1 cores and 1 hart(s) on each core 
RevCPU[cpu15:RevCPU:0]: Building Rev with 1 cores and 1 hart(s) on each core 
RevCPU[cpu15:RevCPU:0]: Building Rev with 1 cores and 1 hart(s) on each core 
RevCPU[cpu15:RevCPU:0]: Building Rev with 1 cores and 1 hart(s) on each core 
RevCPU[cpu15:RevCPU:0]: Building Rev with 1 cores and 1 hart(s) on each core 
RevCPU[cpu14:RevCPU:0]: Building Rev with 1 cores and 1 hart(s) on each core 
RevCPU[cpu15:RevCPU:0]: Building Rev with 1 cores and 1 hart(s) on each core 
RevCPU[cpu15:RevCPU:0]: Building Rev with 1 cores and 1 hart(s) on each core 
RevCPU[cpu15:RevCPU:0]: Initialization of RevCPUs complete.
RevCPU[cpu15:RevCPU:0]: Initialization of RevCPUs complete.
RevCPU[cpu15:RevCPU:0]: Initialization of RevCPUs complete.
RevCPU[cpu15:RevCPU:0]: Initialization of RevCPUs complete.
RevCPU[cpu15:RevCPU:0]: Initialization of RevCPUs complete.
RevCPU[cpu15:RevCPU:0]: Initialization of RevCPUs complete.
RevCPU[cpu15:RevCPU:0]: Initialization of RevCPUs complete.
RevCPU[cpu15:RevCPU:0]: Initialization of RevCPUs complete.
RevCPU[cpu15:RevCPU:0]: Initialization of RevCPUs complete.
RevCPU[cpu15:RevCPU:0]: Initialization of RevCPUs complete.
RevCPU[cpu15:RevCPU:0]: Initialization of RevCPUs complete.
RevCPU[cpu15:RevCPU:0]: Initialization of RevCPUs complete.
RevCPU[cpu15:RevCPU:0]: Initialization of RevCPUs complete.
RevCPU[cpu14:RevCPU:0]: Initialization of RevCPUs complete.
RevCPU[cpu15:RevCPU:0]: Initialization of RevCPUs complete.
RevCPU[cpu15:RevCPU:0]: Initialization of RevCPUs complete.
RevCPU[cpu15:RevCPU:0]: Building Rev with 1 cores and 1 hart(s) on each core 
RevCPU[cpu15:RevCPU:0]: Initialization of RevCPUs complete.
Running on 16 processors
Running on 16 processors
Running on 16 processors
Running on 16 processors
Running on 16 processors
Running on 16 processors
Total Main table size = 2^17 = 131072 words
Total Main table size = 2^17 = 131072 words
Total Main table size = 2^17 = 131072 words
Total Main table size = 2^17 = 131072 words
Total Main table size = 2^17 = 131072 words
Total Main table size = 2^17 = 131072 words
PE Main table size = (2^17)/16  = 8192 words/PE MAX
PE Main table size = (2^17)/16  = 8192 words/PE MAX
PE Main table size = (2^17)/16  = 8192 words/PE MAX
PE Main table size = (2^17)/16  = 8192 words/PE MAX
PE Main table size = (2^17)/16  = 8192 words/PE MAX
Total number of updates = 160000
PE Main table size = (2^17)/16  = 8192 words/PE MAX
Total number of updates = 160000
Running on 16 processors
Running on 16 processors
Total number of updates = 160000
Total number of updates = 160000
Total number of updates = 160000
Total number of updates = 160000
Total Main table size = 2^17 = 131072 words
Total Main table size = 2^17 = 131072 words
Running on 16 processors
Running on 16 processors
Running on 16 processors
Running on 16 processors
Running on 16 processors
Running on 16 processors
Running on 16 processors
Running on 16 processors
PE Main table size = (2^17)/16  = 8192 words/PE MAX
PE Main table size = (2^17)/16  = 8192 words/PE MAX
Total Main table size = 2^17 = 131072 words
Total Main table size = 2^17 = 131072 words
Total Main table size = 2^17 = 131072 words
Total Main table size = 2^17 = 131072 words
Total Main table size = 2^17 = 131072 words
Total Main table size = 2^17 = 131072 words
Total Main table size = 2^17 = 131072 words
Total Main table size = 2^17 = 131072 words
Total number of updates = 160000
Total number of updates = 160000
PE Main table size = (2^17)/16  = 8192 words/PE MAX
PE Main table size = (2^17)/16  = 8192 words/PE MAX
PE Main table size = (2^17)/16  = 8192 words/PE MAX
PE Main table size = (2^17)/16  = 8192 words/PE MAX
PE Main table size = (2^17)/16  = 8192 words/PE MAX
PE Main table size = (2^17)/16  = 8192 words/PE MAX
PE Main table size = (2^17)/16  = 8192 words/PE MAX
PE Main table size = (2^17)/16  = 8192 words/PE MAX
Total number of updates = 160000
Total number of updates = 160000
Total number of updates = 160000
Total number of updates = 160000
Total number of updates = 160000
Total number of updates = 160000
Total number of updates = 160000
Total number of updates = 160000
Real time used = 0.029782 seconds
0.005372457 Billion(10^9) Updates    per second [GUP/s]
0.000335779 Billion(10^9) Updates/PE per second [GUP/s]
Real time used = 0.029782 seconds
0.005372457 Billion(10^9) Updates    per second [GUP/s]
0.000335779 Billion(10^9) Updates/PE per second [GUP/s]
Real time used = 0.029782 seconds
0.005372457 Billion(10^9) Updates    per second [GUP/s]
0.000335779 Billion(10^9) Updates/PE per second [GUP/s]
Real time used = 0.029782 seconds
0.005372457 Billion(10^9) Updates    per second [GUP/s]
0.000335779 Billion(10^9) Updates/PE per second [GUP/s]
Simulation is complete, simulated time: 30.2771 ms
Simulation is complete, simulated time: 30.2771 ms
Real time used = 0.029782 seconds
Real time used = 0.029782 seconds
0.005372457 Billion(10^9) Updates    per second [GUP/s]
0.005372457 Billion(10^9) Updates    per second [GUP/s]
0.000335779 Billion(10^9) Updates/PE per second [GUP/s]
Simulation is complete, simulated time: 30.2771 ms
0.000335779 Billion(10^9) Updates/PE per second [GUP/s]
Real time used = 0.029782 seconds
0.005372457 Billion(10^9) Updates    per second [GUP/s]
0.000335779 Billion(10^9) Updates/PE per second [GUP/s]
Simulation is complete, simulated time: 30.2771 ms
Real time used = 0.029782 seconds
0.005372457 Billion(10^9) Updates    per second [GUP/s]
0.000335779 Billion(10^9) Updates/PE per second [GUP/s]
Simulation is complete, simulated time: 30.2771 ms
Simulation is complete, simulated time: 30.2771 ms
Simulation is complete, simulated time: 30.2771 ms
Simulation is complete, simulated time: 30.2771 ms
Real time used = 0.029782 seconds
0.005372457 Billion(10^9) Updates    per second [GUP/s]
0.000335779 Billion(10^9) Updates/PE per second [GUP/s]
Real time used = 0.029782 seconds
0.005372457 Billion(10^9) Updates    per second [GUP/s]
0.000335779 Billion(10^9) Updates/PE per second [GUP/s]
Real time used = 0.029782 seconds
0.005372457 Billion(10^9) Updates    per second [GUP/s]
0.000335779 Billion(10^9) Updates/PE per second [GUP/s]
Real time used = 0.029782 seconds
0.005372457 Billion(10^9) Updates    per second [GUP/s]
0.000335779 Billion(10^9) Updates/PE per second [GUP/s]
Real time used = 0.029782 seconds
0.005372457 Billion(10^9) Updates    per second [GUP/s]
0.000335779 Billion(10^9) Updates/PE per second [GUP/s]
Real time used = 0.029782 seconds
0.005372457 Billion(10^9) Updates    per second [GUP/s]
0.000335779 Billion(10^9) Updates/PE per second [GUP/s]
Simulation is complete, simulated time: 30.2771 ms
Simulation is complete, simulated time: 30.2771 ms
Simulation is complete, simulated time: 30.2771 ms
Simulation is complete, simulated time: 30.2771 ms
Simulation is complete, simulated time: 30.2771 ms
Simulation is complete, simulated time: 30.2771 ms
Real time used = 0.029782 seconds
0.005372457 Billion(10^9) Updates    per second [GUP/s]
0.000335779 Billion(10^9) Updates/PE per second [GUP/s]
Real time used = 0.029782 seconds
0.005372457 Billion(10^9) Updates    per second [GUP/s]
0.000335779 Billion(10^9) Updates/PE per second [GUP/s]
Simulation is complete, simulated time: 30.2771 ms
Simulation is complete, simulated time: 30.2771 ms
