RevCPU[cpu0:RevCPU:0]: Building Rev with 1 cores and 1 hart(s) on each core 
RevCPU[cpu0:RevCPU:0]: Building Rev with 1 cores and 1 hart(s) on each core 
RevCPU[cpu0:RevCPU:0]: Building Rev with 1 cores and 1 hart(s) on each core 
RevCPU[cpu0:RevCPU:0]: Building Rev with 1 cores and 1 hart(s) on each core 
RevCPU[cpu0:RevCPU:0]: Initialization of RevCPUs complete.
RevCPU[cpu0:RevCPU:0]: Initialization of RevCPUs complete.
RevCPU[cpu0:RevCPU:0]: Initialization of RevCPUs complete.
RevCPU[cpu0:RevCPU:0]: Initialization of RevCPUs complete.
RevCPU[cpu1:RevCPU:0]: Building Rev with 1 cores and 1 hart(s) on each core 
RevCPU[cpu1:RevCPU:0]: Building Rev with 1 cores and 1 hart(s) on each core 
RevCPU[cpu1:RevCPU:0]: Building Rev with 1 cores and 1 hart(s) on each core 
RevCPU[cpu1:RevCPU:0]: Building Rev with 1 cores and 1 hart(s) on each core 
RevCPU[cpu1:RevCPU:0]: Initialization of RevCPUs complete.
RevCPU[cpu1:RevCPU:0]: Initialization of RevCPUs complete.
RevCPU[cpu1:RevCPU:0]: Initialization of RevCPUs complete.
RevCPU[cpu1:RevCPU:0]: Initialization of RevCPUs complete.
RevCPU[cpu2:RevCPU:0]: Building Rev with 1 cores and 1 hart(s) on each core 
RevCPU[cpu2:RevCPU:0]: Building Rev with 1 cores and 1 hart(s) on each core 
RevCPU[cpu2:RevCPU:0]: Building Rev with 1 cores and 1 hart(s) on each core 
RevCPU[cpu2:RevCPU:0]: Building Rev with 1 cores and 1 hart(s) on each core 
RevCPU[cpu2:RevCPU:0]: Initialization of RevCPUs complete.
RevCPU[cpu2:RevCPU:0]: Initialization of RevCPUs complete.
RevCPU[cpu2:RevCPU:0]: Initialization of RevCPUs complete.
RevCPU[cpu2:RevCPU:0]: Initialization of RevCPUs complete.
RevCPU[cpu3:RevCPU:0]: Building Rev with 1 cores and 1 hart(s) on each core 
RevCPU[cpu3:RevCPU:0]: Building Rev with 1 cores and 1 hart(s) on each core 
RevCPU[cpu3:RevCPU:0]: Building Rev with 1 cores and 1 hart(s) on each core 
RevCPU[cpu3:RevCPU:0]: Building Rev with 1 cores and 1 hart(s) on each core 
RevCPU[cpu3:RevCPU:0]: Initialization of RevCPUs complete.
RevCPU[cpu3:RevCPU:0]: Initialization of RevCPUs complete.
RevCPU[cpu3:RevCPU:0]: Initialization of RevCPUs complete.
RevCPU[cpu3:RevCPU:0]: Initialization of RevCPUs complete.
XBGAS STRIDEN_CAS TEST. PEs = 4
XBGAS STRIDEN_CAS TEST. PEs = 4
XBGAS STRIDEN_CAS TEST. PEs = 4
XBGAS STRIDEN_CAS TEST. PEs = 4
Initializing xBGAS data members
Initializing xBGAS data members
Initializing xBGAS data members
Initializing xBGAS data members
Done initializing XBGAS data members
Done initializing XBGAS data members
Done initializing XBGAS data members
Done initializing XBGAS data members
XBGAS Atomic STRIDEN CAS Test: Complete!
Total iterations: 4000
Time: 0.003403130 seconds
XBGAS Atomic STRIDEN CAS Test: Complete!
KAMS: 1175.388539 Kilo AMOs/second
Total iterations: 4000
XBGAS Atomic STRIDEN CAS Test: Complete!
Total iterations: 4000
Time: 0.003403130 seconds
KAMS: 1175.388539 Kilo AMOs/second
XBGAS Atomic STRIDEN CAS Test: Complete!
Time: 0.003403130 seconds
Total iterations: 4000
KAMS: 1175.388539 Kilo AMOs/second
Time: 0.003403130 seconds
KAMS: 1175.388539 Kilo AMOs/second
Simulation is complete, simulated time: 4.51638 ms
Simulation is complete, simulated time: 4.51638 ms
Simulation is complete, simulated time: 4.51638 ms
Simulation is complete, simulated time: 4.51638 ms
