# OSU OpenSHMEM Put_nb Test
# Size           Latency (us)
1                      101.315
2                       76.600
4                       81.475
8                       77.960
16                      77.375
32                      77.400
64                      77.825
128                     76.910
256                     78.120
512                     80.675
1024                    76.700
2048                   133.410
4096                    84.090
8192                    93.005
16384                   97.640
32768                  122.470
65536                  150.610
131072                 247.570
262144                 319.740
524288                 472.840
1048576                828.520
2097152               1544.650
PTMALLOC: USAGE ERROR DETECTED: m=0x7f967f51eb00 ptr=0xff0000f0
PTMALLOC: USAGE ERROR DETECTED: m=0x7f967f51eb00 ptr=0xff4000f0
PTMALLOC: USAGE ERROR DETECTED: m=0x7f302f39fb00 ptr=0xff0000f0
PTMALLOC: USAGE ERROR DETECTED: m=0x7f302f39fb00 ptr=0xff4000f0
