# OSU OpenSHMEM Get_nb Test
# Size           Latency (us)
1                      147.640
2                       76.220
4                       75.990
8                       75.775
16                      75.320
32                      78.000
64                      86.500
128                     85.845
256                     94.550
512                    109.825
1024                    93.815
2048                    90.745
4096                    91.600
8192                    99.670
16384                  119.150
32768                  140.590
65536                  153.000
131072                 272.840
262144                 310.360
524288                 592.570
1048576                989.640
2097152               1800.860
PTMALLOC: USAGE ERROR DETECTED: m=0x7f743ed7db00 ptr=0xff0000f0
PTMALLOC: USAGE ERROR DETECTED: m=0x7f743ed7db00 ptr=0xff4000f0
PTMALLOC: USAGE ERROR DETECTED: m=0x7f84a9b94b00 ptr=0xff0000f0
PTMALLOC: USAGE ERROR DETECTED: m=0x7f84a9b94b00 ptr=0xff4000f0
