# OSU OpenSHMEM Get Test
# Size           Latency (us)
1                       93.225
2                       93.725
4                       93.655
8                       93.840
16                      81.445
32                      81.495
64                      80.860
128                     81.275
256                     81.705
512                     81.650
1024                    81.655
2048                    53.570
4096                    55.840
8192                    72.930
16384                  108.300
32768                  119.040
65536                  167.160
131072                 206.560
262144                 344.080
524288                 618.960
1048576               1059.290
2097152               1773.210
PTMALLOC: USAGE ERROR DETECTED: m=0x7f777ec38b00 ptr=0xff0000f0
PTMALLOC: USAGE ERROR DETECTED: m=0x7f777ec38b00 ptr=0xff4000f0
PTMALLOC: USAGE ERROR DETECTED: m=0x7f79a2b6eb00 ptr=0xff0000f0
PTMALLOC: USAGE ERROR DETECTED: m=0x7f79a2b6eb00 ptr=0xff4000f0
