# OSU OpenSHMEM Put Test
# Size           Latency (us)
1                       50.055
2                       49.485
4                       49.730
8                       50.025
16                      49.645
32                      49.995
64                      49.980
128                     49.970
256                     50.105
512                     49.690
1024                    49.485
2048                    72.385
4096                    75.085
8192                    82.490
16384                   70.610
32768                   81.180
65536                  129.020
131072                 168.690
262144                 240.440
524288                 416.270
1048576                672.690
2097152               1207.630
PTMALLOC: USAGE ERROR DETECTED: m=0x7fc02fa72b00 ptr=0xff0000f0
PTMALLOC: USAGE ERROR DETECTED: m=0x7fc02fa72b00 ptr=0xff4000f0
PTMALLOC: USAGE ERROR DETECTED: m=0x7fdb698c1b00 ptr=0xff0000f0
PTMALLOC: USAGE ERROR DETECTED: m=0x7fdb698c1b00 ptr=0xff4000f0
