# OSU OpenSHMEM Put Test
# Size           Latency (us)
1                       38.765
2                       38.250
4                       37.770
8                       38.895
16                      39.245
32                      39.535
64                      38.960
128                     39.630
256                     40.000
512                     39.780
1024                    40.070
2048                    42.500
4096                    44.305
8192                    48.350
16384                   52.840
32768                   67.390
65536                  100.730
131072                 150.130
262144                 208.100
524288                 315.350
1048576                543.120
2097152                999.890
PTMALLOC: USAGE ERROR DETECTED: m=0x7f9b0d04bb00 ptr=0xff0000f0
PTMALLOC: USAGE ERROR DETECTED: m=0x7f9b0d04bb00 ptr=0xff4000f0
PTMALLOC: USAGE ERROR DETECTED: m=0x7f23e13efb00 ptr=0xff0000f0
PTMALLOC: USAGE ERROR DETECTED: m=0x7f23e13efb00 ptr=0xff4000f0
