# OSU OpenSHMEM Get_nb Test
# Size           Latency (us)
1                      142.755
2                       77.065
4                       76.560
8                       77.505
16                      76.955
32                      76.790
64                      77.430
128                     77.000
256                     76.805
512                     86.095
1024                    72.405
2048                    70.360
4096                    72.825
8192                   119.510
16384                  120.830
32768                  155.960
65536                  264.680
131072                 429.670
262144                 757.260
524288                1249.590
1048576                970.250
2097152               1939.010
PTMALLOC: USAGE ERROR DETECTED: m=0x7f5e94822b00 ptr=0xff0000f0
PTMALLOC: USAGE ERROR DETECTED: m=0x7f5e94822b00 ptr=0xff4000f0
PTMALLOC: USAGE ERROR DETECTED: m=0x7ff9659e3b00 ptr=0xff0000f0
PTMALLOC: USAGE ERROR DETECTED: m=0x7ff9659e3b00 ptr=0xff4000f0
