# OSU OpenSHMEM Get Test
# Size           Latency (us)
1                       85.540
2                       52.775
4                       53.370
8                       52.655
16                      51.420
32                      52.475
64                      52.850
128                     52.745
256                     52.400
512                     52.765
1024                    53.285
2048                    57.005
4096                    60.345
8192                    92.070
16384                   90.050
32768                  145.750
65536                  169.120
131072                 237.650
262144                 322.870
524288                 568.680
1048576               1075.930
2097152               1914.950
PTMALLOC: USAGE ERROR DETECTED: m=0x7fa9dd698b00 ptr=0xff0000f0
PTMALLOC: USAGE ERROR DETECTED: m=0x7fa9dd698b00 ptr=0xff4000f0
PTMALLOC: USAGE ERROR DETECTED: m=0x7f5da49c7b00 ptr=0xff0000f0
PTMALLOC: USAGE ERROR DETECTED: m=0x7f5da49c7b00 ptr=0xff4000f0
