# OSU OpenSHMEM Put_nb Test
# Size           Latency (us)
1                      102.170
2                       79.150
4                       79.840
8                       79.100
16                      78.960
32                      79.555
64                      88.395
128                     83.250
256                     78.915
512                     94.035
1024                    97.145
2048                   101.185
4096                    86.230
8192                    97.485
16384                  121.120
32768                  115.390
65536                  161.960
131072                 214.850
262144                 279.720
524288                 466.330
1048576                791.900
2097152               1344.440
PTMALLOC: USAGE ERROR DETECTED: m=0x7fcb054d3b00 ptr=0xff0000f0
PTMALLOC: USAGE ERROR DETECTED: m=0x7fcb054d3b00 ptr=0xff4000f0
PTMALLOC: USAGE ERROR DETECTED: m=0x7fb691b2eb00 ptr=0xff0000f0
PTMALLOC: USAGE ERROR DETECTED: m=0x7fb691b2eb00 ptr=0xff4000f0
