# OSU OpenSHMEM Put Test
# Size           Latency (us)
1                       48.610
2                       49.355
4                       48.420
8                       48.040
16                      48.355
32                      48.495
64                      47.995
128                     48.805
256                     47.960
512                     47.845
1024                    48.585
2048                    67.525
4096                    54.670
8192                    57.775
16384                   67.350
32768                   78.190
65536                  118.790
PTMALLOC: USAGE ERROR DETECTED: m=0x7f21f65a0b00 ptr=0xff0000f0
PTMALLOC: USAGE ERROR DETECTED: m=0x7f21f65a0b00 ptr=0xff0100f0
PTMALLOC: USAGE ERROR DETECTED: m=0x7fe29f957b00 ptr=0xff0000f0
PTMALLOC: USAGE ERROR DETECTED: m=0x7fe29f957b00 ptr=0xff0100f0
