# OSU OpenSHMEM Put_nb Test
# Size           Latency (us)
1                      103.685
2                      101.340
4                       91.630
8                       85.620
16                      79.170
32                      76.810
64                      87.855
128                     79.345
256                     83.065
512                     76.365
1024                    76.045
2048                    80.655
4096                    83.665
8192                   103.790
16384                  113.870
32768                  125.360
65536                  158.720
PTMALLOC: USAGE ERROR DETECTED: m=0x7fc6fe40eb00 ptr=0xff0000f0
PTMALLOC: USAGE ERROR DETECTED: m=0x7fc6fe40eb00 ptr=0xff0100f0
PTMALLOC: USAGE ERROR DETECTED: m=0x7f767c027b00 ptr=0xff0000f0
PTMALLOC: USAGE ERROR DETECTED: m=0x7f767c027b00 ptr=0xff0100f0
