# OSU OpenSHMEM Get_nb Test
# Size           Latency (us)
1                      268.545
2                      268.415
4                      267.425
8                      268.325
16                     268.870
32                      72.900
64                      61.895
128                     61.495
256                     61.365
512                     57.330
1024                    72.325
2048                    70.900
4096                    72.555
8192                    81.020
16384                   94.320
32768                  144.610
65536                  145.430
PTMALLOC: USAGE ERROR DETECTED: m=0x7fa5adf52b00 ptr=0xff0000f0
PTMALLOC: USAGE ERROR DETECTED: m=0x7fa5adf52b00 ptr=0xff0100f0
PTMALLOC: USAGE ERROR DETECTED: m=0x7f6fa89fcb00 ptr=0xff0000f0
PTMALLOC: USAGE ERROR DETECTED: m=0x7f6fa89fcb00 ptr=0xff0100f0
