# OSU OpenSHMEM Get Test
# Size           Latency (us)
1                       41.470
2                       41.440
4                       41.270
8                       41.270
16                      41.775
32                      41.825
64                      42.560
128                     42.190
256                     41.400
512                     41.630
1024                    41.750
2048                    45.910
4096                    47.355
8192                    63.215
16384                   76.760
32768                  103.650
65536                  184.850
PTMALLOC: USAGE ERROR DETECTED: m=0x7f5d0abc3b00 ptr=0xff0000f0
PTMALLOC: USAGE ERROR DETECTED: m=0x7f5d0abc3b00 ptr=0xff0100f0
PTMALLOC: USAGE ERROR DETECTED: m=0x7f107ccddb00 ptr=0xff0000f0
PTMALLOC: USAGE ERROR DETECTED: m=0x7f107ccddb00 ptr=0xff0100f0
