# OSU OpenSHMEM Get Test
# Size           Latency (us)
1                       43.275
2                       43.035
4                       42.815
8                       42.905
16                      42.385
32                      42.185
64                      42.295
128                     42.055
256                     42.125
512                     42.045
1024                    43.020
2048                    50.275
4096                    49.070
8192                    74.410
16384                   76.830
32768                  120.270
65536                  169.720
PTMALLOC: USAGE ERROR DETECTED: m=0x7f77f25c3b00 ptr=0xff0000f0
PTMALLOC: USAGE ERROR DETECTED: m=0x7f77f25c3b00 ptr=0xff0100f0
PTMALLOC: USAGE ERROR DETECTED: m=0x7fe055115b00 ptr=0xff0000f0
PTMALLOC: USAGE ERROR DETECTED: m=0x7fe055115b00 ptr=0xff0100f0
