PTMALLOC: USAGE ERROR DETECTED: m=0x7efe07963b00 ptr=0xff0000f0
PTMALLOC: USAGE ERROR DETECTED: m=0x7efe07963b00 ptr=0xff0100f0
# OSU OpenSHMEM Put Test
# Size           Latency (us)
1                       59.360
2                       57.775
4                       58.130
8                       57.465
16                      58.400
32                      57.820
64                      58.495
128                     58.015
256                     58.475
512                     58.070
1024                    57.670
2048                    72.060
4096                    64.615
8192                    69.360
16384                   76.480
32768                   94.050
65536                  144.750
PTMALLOC: USAGE ERROR DETECTED: m=0x7fb6e59d9b00 ptr=0xff0000f0
PTMALLOC: USAGE ERROR DETECTED: m=0x7fb6e59d9b00 ptr=0xff0100f0
