PTMALLOC: USAGE ERROR DETECTED: m=0x7f1e83939b00 ptr=0xff0000f0
PTMALLOC: USAGE ERROR DETECTED: m=0x7f1e83939b00 ptr=0xff0100f0
# OSU OpenSHMEM Put_nb Test
# Size           Latency (us)
1                      118.970
2                      106.785
4                      107.360
8                      107.245
16                     134.690
32                     133.210
64                     112.640
128                    119.990
256                    101.900
512                    100.495
1024                   128.360
2048                   112.230
4096                   119.300
8192                   129.395
16384                  124.650
32768                  127.930
65536                  165.100
PTMALLOC: USAGE ERROR DETECTED: m=0x7fd574fe3b00 ptr=0xff0000f0
PTMALLOC: USAGE ERROR DETECTED: m=0x7fd574fe3b00 ptr=0xff0100f0
