PTMALLOC: USAGE ERROR DETECTED: m=0x7f0a2170cb00 ptr=0xff0000f0
PTMALLOC: USAGE ERROR DETECTED: m=0x7f0a2170cb00 ptr=0xff0100f0
# OSU OpenSHMEM Get_nb Test
# Size           Latency (us)
1                       78.635
2                       86.485
4                       76.705
8                       76.065
16                      74.305
32                      74.470
64                      76.985
128                     76.110
256                     76.425
512                     76.850
1024                    76.350
2048                    80.175
4096                    80.985
8192                   102.730
16384                  103.550
32768                  131.050
65536                  185.490
PTMALLOC: USAGE ERROR DETECTED: m=0x7fa2ae08cb00 ptr=0xff0000f0
PTMALLOC: USAGE ERROR DETECTED: m=0x7fa2ae08cb00 ptr=0xff0100f0
