# OSU OpenSHMEM Put_nb Test
# Size           Latency (us)
1                      107.335
2                      109.750
4                       93.370
8                       82.355
16                      80.730
32                      77.500
64                      79.695
128                     80.065
256                     77.460
512                     80.245
1024                    77.695
2048                    81.290
4096                    84.015
8192                   102.505
16384                  159.840
32768                  168.150
65536                  168.960
131072                 279.190
262144                 401.880
524288                 552.120
1048576                851.790
2097152               1705.510
PTMALLOC: USAGE ERROR DETECTED: m=0x7fcde0b86b00 ptr=0xff0000f0
PTMALLOC: USAGE ERROR DETECTED: m=0x7fcde0b86b00 ptr=0xff4000f0
PTMALLOC: USAGE ERROR DETECTED: m=0x7fb652e5fb00 ptr=0xff0000f0
PTMALLOC: USAGE ERROR DETECTED: m=0x7fb652e5fb00 ptr=0xff4000f0
