# OSU OpenSHMEM Get_nb Test
# Size           Latency (us)
1                       89.200
2                       78.295
4                       76.020
8                       76.265
16                      76.720
32                      76.240
64                      76.415
128                     74.455
256                     74.350
512                     87.025
1024                    70.220
2048                    73.570
4096                    76.490
8192                    88.980
16384                   96.810
32768                  158.330
65536                  246.600
131072                 318.520
262144                 378.210
524288                 588.690
1048576               1002.940
2097152               1732.670
PTMALLOC: USAGE ERROR DETECTED: m=0x7fea2880ab00 ptr=0xff0000f0
PTMALLOC: USAGE ERROR DETECTED: m=0x7fea2880ab00 ptr=0xff4000f0
PTMALLOC: USAGE ERROR DETECTED: m=0x7f771d83eb00 ptr=0xff0000f0
PTMALLOC: USAGE ERROR DETECTED: m=0x7f771d83eb00 ptr=0xff4000f0
