# OSU OpenSHMEM Put Test
# Size           Latency (us)
1                       50.865
2                       49.505
4                       49.735
8                       50.370
16                      50.420
32                      49.950
64                      50.930
128                     51.045
256                     50.645
512                     50.460
1024                    49.960
2048                    61.755
4096                    56.065
8192                    59.935
16384                   65.500
32768                   80.750
65536                  124.160
131072                 165.530
262144                 245.590
524288                 403.390
1048576                678.920
2097152               1216.400
PTMALLOC: USAGE ERROR DETECTED: m=0x7f1dffc2db00 ptr=0xff0000f0
PTMALLOC: USAGE ERROR DETECTED: m=0x7f1dffc2db00 ptr=0xff4000f0
PTMALLOC: USAGE ERROR DETECTED: m=0x7fcc32180b00 ptr=0xff0000f0
PTMALLOC: USAGE ERROR DETECTED: m=0x7fcc32180b00 ptr=0xff4000f0
