# OSU OpenSHMEM Get Test
# Size           Latency (us)
1                       46.600
2                       46.145
4                       46.330
8                       46.340
16                      46.505
32                      45.710
64                      45.705
128                     46.460
256                     45.875
512                     46.555
1024                    57.360
2048                    84.500
4096                    56.260
8192                    68.155
16384                   96.260
32768                  126.950
65536                  149.660
131072                 253.460
262144                 363.710
524288                 616.550
1048576               1119.460
2097152               1763.370
PTMALLOC: USAGE ERROR DETECTED: m=0x7f31a34dcb00 ptr=0xff0000f0
PTMALLOC: USAGE ERROR DETECTED: m=0x7f31a34dcb00 ptr=0xff4000f0
PTMALLOC: USAGE ERROR DETECTED: m=0x7fd8c8004b00 ptr=0xff0000f0
PTMALLOC: USAGE ERROR DETECTED: m=0x7fd8c8004b00 ptr=0xff4000f0
