# OSU OpenSHMEM Put_nb Test
# Size           Latency (us)
1                       73.840
2                       72.795
4                       74.000
8                       73.005
16                      73.405
32                      74.200
64                      71.740
128                     70.470
256                     70.730
512                     71.035
1024                    71.005
2048                    78.875
4096                    87.220
8192                   112.855
16384                  134.400
32768                  140.810
65536                  200.160
131072                 201.540
262144                 275.100
524288                 516.520
1048576                741.870
2097152               1210.290
PTMALLOC: USAGE ERROR DETECTED: m=0x7f97dd123b00 ptr=0xff0000f0
PTMALLOC: USAGE ERROR DETECTED: m=0x7f97dd123b00 ptr=0xff4000f0
PTMALLOC: USAGE ERROR DETECTED: m=0x7fb3e2919b00 ptr=0xff0000f0
PTMALLOC: USAGE ERROR DETECTED: m=0x7fb3e2919b00 ptr=0xff4000f0
