# OSU OpenSHMEM Get_nb Test
# Size           Latency (us)
1                       83.680
2                       83.795
4                       84.895
8                       83.630
16                      82.730
32                      83.315
64                      87.030
128                     86.540
256                     88.050
512                     83.335
1024                    84.375
2048                    87.635
4096                    75.020
8192                    95.615
16384                  124.060
32768                  135.020
65536                  169.790
131072                 251.150
262144                 450.890
524288                 592.260
1048576                958.680
2097152               1715.430
PTMALLOC: USAGE ERROR DETECTED: m=0x7fc5e4714b00 ptr=0xff0000f0
PTMALLOC: USAGE ERROR DETECTED: m=0x7fc5e4714b00 ptr=0xff4000f0
PTMALLOC: USAGE ERROR DETECTED: m=0x7f84d3614b00 ptr=0xff0000f0
PTMALLOC: USAGE ERROR DETECTED: m=0x7f84d3614b00 ptr=0xff4000f0
