# OSU OpenSHMEM Get Test
# Size           Latency (us)
1                       52.500
2                       52.565
4                       52.795
8                       52.200
16                      51.930
32                      52.755
64                      52.490
128                     52.165
256                     53.030
512                     53.345
1024                    54.365
2048                    58.140
4096                    63.030
8192                    86.555
16384                   97.810
32768                  137.820
65536                  234.560
131072                 288.810
262144                 385.700
524288                 624.960
1048576               1094.800
2097152               2036.120
PTMALLOC: USAGE ERROR DETECTED: m=0x7f63998f9b00 ptr=0xff0000f0
PTMALLOC: USAGE ERROR DETECTED: m=0x7f63998f9b00 ptr=0xff4000f0
PTMALLOC: USAGE ERROR DETECTED: m=0x7f61ac3c4b00 ptr=0xff0000f0
PTMALLOC: USAGE ERROR DETECTED: m=0x7f61ac3c4b00 ptr=0xff4000f0
