# OSU OpenSHMEM Put Test
# Size           Latency (us)
1                       75.615
2                       75.025
4                       75.095
8                       41.185
16                      40.530
32                      40.895
64                      40.845
128                     40.940
256                     41.770
512                     41.985
1024                    42.250
2048                    45.340
4096                    48.250
8192                    51.805
16384                   57.920
32768                   69.090
65536                  115.720
131072                 146.940
262144                 210.670
524288                 328.510
1048576                572.450
2097152               1010.500
PTMALLOC: USAGE ERROR DETECTED: m=0x7f79b8331b00 ptr=0xff0000f0
PTMALLOC: USAGE ERROR DETECTED: m=0x7f79b8331b00 ptr=0xff4000f0
PTMALLOC: USAGE ERROR DETECTED: m=0x7fa238c21b00 ptr=0xff0000f0
PTMALLOC: USAGE ERROR DETECTED: m=0x7fa238c21b00 ptr=0xff4000f0
