# OSU OpenSHMEM Get_nb Message Rate (MB/s) Test
# Size                    MB/s
---------1                   0.972
---------2                   2.151
---------4                   4.299
---------8                   8.687
--------16                  17.375
--------32                  34.190
--------64                  68.888
-------128                 137.312
-------256                 255.377
-------512                 400.822
------1024                 530.856
------2048                 633.063
------4096                 701.037
------8192                 740.851
-----16384                 762.344
-----32768                 771.409
-----65536                 778.347
RevCPU[cpu0:RevCPU:0]: Building Rev with 1 cores and 1 hart(s) on each core 
RevCPU[cpu0:RevCPU:0]: Initialization of RevCPUs complete.
RevCPU[cpu1:RevCPU:0]: Building Rev with 1 cores and 1 hart(s) on each core 
RevCPU[cpu1:RevCPU:0]: Initialization of RevCPUs complete.
Simulation is complete, simulated time: 3.95574 ms
