# OSU OpenSHMEM Put Message Rate (MB/s) Test
# Size                    MB/s
---------1                   1.069
---------2                   2.241
---------4                   4.482
---------8                   9.054
--------16                  18.004
--------32                  35.203
--------64                  70.163
-------128                 131.825
-------256                 239.377
-------512                 396.300
------1024                 526.506
------2048                 630.691
------4096                 699.481
------8192                 739.729
-----16384                 761.760
-----32768                 772.847
-----65536                 778.879
RevCPU[cpu0:RevCPU:0]: Building Rev with 1 cores and 1 hart(s) on each core 
RevCPU[cpu0:RevCPU:0]: Initialization of RevCPUs complete.
RevCPU[cpu1:RevCPU:0]: Building Rev with 1 cores and 1 hart(s) on each core 
RevCPU[cpu1:RevCPU:0]: Initialization of RevCPUs complete.
Simulation is complete, simulated time: 3.93984 ms
