# OSU OpenSHMEM Get Message Rate (MB/s) Test
# Size                    MB/s
---------1                   1.011
---------2                   2.233
---------4                   4.484
---------8                   9.099
--------16                  18.167
--------32                  35.844
--------64                  72.661
-------128                 145.669
-------256                 272.874
-------512                 429.334
------1024                 567.868
------2048                 676.009
------4096                 748.324
------8192                 790.515
-----16384                 813.306
-----32768                 822.581
-----65536                 830.099
RevCPU[cpu0:RevCPU:0]: Building Rev with 1 cores and 1 hart(s) on each core 
RevCPU[cpu0:RevCPU:0]: Initialization of RevCPUs complete.
RevCPU[cpu1:RevCPU:0]: Building Rev with 1 cores and 1 hart(s) on each core 
RevCPU[cpu1:RevCPU:0]: Initialization of RevCPUs complete.
Simulation is complete, simulated time: 3.94334 ms
