# OSU OpenSHMEM Put_nb Message Rate (MB/s) Test
# Size                    MB/s
---------1                   0.970
---------2                   2.148
---------4                   4.299
---------8                   8.640
--------16                  17.205
--------32                  33.624
--------64                  66.683
-------128                 125.976
-------256                 229.779
-------512                 382.666
------1024                 514.657
------2048                 621.797
------4096                 693.766
------8192                 736.716
-----16384                 760.145
-----32768                 772.116
-----65536                 778.533
RevCPU[cpu0:RevCPU:0]: Building Rev with 1 cores and 1 hart(s) on each core 
RevCPU[cpu0:RevCPU:0]: Initialization of RevCPUs complete.
RevCPU[cpu1:RevCPU:0]: Building Rev with 1 cores and 1 hart(s) on each core 
RevCPU[cpu1:RevCPU:0]: Initialization of RevCPUs complete.
Simulation is complete, simulated time: 3.94703 ms
