# OSU OpenSHMEM Get_nb Test
# Size           Latency (us)
---------1                   1.228
---------2                   1.224
---------4                   1.226
---------8                   1.232
--------16                   1.245
--------32                   1.264
--------64                   1.313
-------128                   1.377
-------256                   1.505
-------512                   1.762
------1024                   2.276
------2048                   3.302
------4096                   5.357
------8192                   9.517
-----16384                  17.766
-----32768                  34.789
-----65536                  84.430
RevCPU[cpu0:RevCPU:0]: Building Rev with 1 cores and 1 hart(s) on each core 
RevCPU[cpu0:RevCPU:0]: Initialization of RevCPUs complete.
RevCPU[cpu1:RevCPU:0]: Building Rev with 1 cores and 1 hart(s) on each core 
RevCPU[cpu1:RevCPU:0]: Initialization of RevCPUs complete.
Simulation is complete, simulated time: 6.95923 ms
