# OSU OpenSHMEM Get Test
# Size           Latency (us)
---------1                   0.823
---------2                   0.817
---------4                   0.817
---------8                   0.817
--------16                   0.816
--------32                   0.816
--------64                   0.816
-------128                   0.816
-------256                   0.820
-------512                   1.069
------1024                   1.557
------2048                   2.584
------4096                   4.638
------8192                   8.746
-----16384                  16.993
-----32768                  33.970
-----65536                  83.623
RevCPU[cpu0:RevCPU:0]: Building Rev with 1 cores and 1 hart(s) on each core 
RevCPU[cpu0:RevCPU:0]: Initialization of RevCPUs complete.
RevCPU[cpu1:RevCPU:0]: Building Rev with 1 cores and 1 hart(s) on each core 
RevCPU[cpu1:RevCPU:0]: Initialization of RevCPUs complete.
Simulation is complete, simulated time: 6.7726 ms
