# OSU OpenSHMEM Put Test
# Size           Latency (us)
---------1                   0.917
---------2                   0.911
---------4                   0.911
---------8                   0.914
--------16                   0.918
--------32                   0.926
--------64                   0.942
-------128                   0.974
-------256                   1.038
-------512                   1.166
------1024                   1.609
------2048                   2.635
------4096                   4.691
------8192                   8.798
-----16384                  17.091
-----32768                  34.326
-----65536                  83.562
RevCPU[cpu0:RevCPU:0]: Building Rev with 1 cores and 1 hart(s) on each core 
RevCPU[cpu0:RevCPU:0]: Initialization of RevCPUs complete.
RevCPU[cpu1:RevCPU:0]: Building Rev with 1 cores and 1 hart(s) on each core 
RevCPU[cpu1:RevCPU:0]: Initialization of RevCPUs complete.
Simulation is complete, simulated time: 6.81746 ms
